step: login
step: open Bench Board
step: read columns
OBJ 1 DONE Backlog | Ready | Work in progress | Done
step: find/create task
step: task id 4
step: move task
OBJ 2 FAILED error: page.waitForFunction: Timeout 30000ms exceeded.
OBJ 3 FAILED error: page.waitForFunction: Timeout 30000ms exceeded.
OBJ 4 FAILED error: page.waitForFunction: Timeout 30000ms exceeded.
OBJ 5 FAILED error: page.waitForFunction: Timeout 30000ms exceeded.
OBJ 6 FAILED error: page.waitForFunction: Timeout 30000ms exceeded.
---
1 DONE Backlog | Ready | Work in progress | Done
2 FAILED error: page.waitForFunction: Timeout 30000ms exceeded.
3 FAILED error: page.waitForFunction: Timeout 30000ms exceeded.
4 FAILED error: page.waitForFunction: Timeout 30000ms exceeded.
5 FAILED error: page.waitForFunction: Timeout 30000ms exceeded.
6 FAILED error: page.waitForFunction: Timeout 30000ms exceeded.
failed objectives: 2, 3, 4, 5, 6
ERROR: page.waitForFunction: Timeout 30000ms exceeded.
