Signing in…
Signed in.
Creating ticket…
1. FAILED — Not completed: locator.waitFor: Timeout 30000ms exceeded.
Call log:
[2m  - waiting for getByRole('heading', { name: 'aurd1-r2 RD Bench Ticket', level: 1 }) to be visible[22m

2. FAILED — Not completed: locator.waitFor: Timeout 30000ms exceeded.
Call log:
[2m  - waiting for getByRole('heading', { name: 'aurd1-r2 RD Bench Ticket', level: 1 }) to be visible[22m

3. FAILED — Not completed: locator.waitFor: Timeout 30000ms exceeded.
Call log:
[2m  - waiting for getByRole('heading', { name: 'aurd1-r2 RD Bench Ticket', level: 1 }) to be visible[22m

4. FAILED — Not completed: locator.waitFor: Timeout 30000ms exceeded.
Call log:
[2m  - waiting for getByRole('heading', { name: 'aurd1-r2 RD Bench Ticket', level: 1 }) to be visible[22m

5. FAILED — Not completed: locator.waitFor: Timeout 30000ms exceeded.
Call log:
[2m  - waiting for getByRole('heading', { name: 'aurd1-r2 RD Bench Ticket', level: 1 }) to be visible[22m

6. FAILED — Not completed: locator.waitFor: Timeout 30000ms exceeded.
Call log:
[2m  - waiting for getByRole('heading', { name: 'aurd1-r2 RD Bench Ticket', level: 1 }) to be visible[22m


=== FINAL REPORT ===
1. FAILED — Not completed: locator.waitFor: Timeout 30000ms exceeded.
Call log:
[2m  - waiting for getByRole('heading', { name: 'aurd1-r2 RD Bench Ticket', level: 1 }) to be visible[22m

2. FAILED — Not completed: locator.waitFor: Timeout 30000ms exceeded.
Call log:
[2m  - waiting for getByRole('heading', { name: 'aurd1-r2 RD Bench Ticket', level: 1 }) to be visible[22m

3. FAILED — Not completed: locator.waitFor: Timeout 30000ms exceeded.
Call log:
[2m  - waiting for getByRole('heading', { name: 'aurd1-r2 RD Bench Ticket', level: 1 }) to be visible[22m

4. FAILED — Not completed: locator.waitFor: Timeout 30000ms exceeded.
Call log:
[2m  - waiting for getByRole('heading', { name: 'aurd1-r2 RD Bench Ticket', level: 1 }) to be visible[22m

5. FAILED — Not completed: locator.waitFor: Timeout 30000ms exceeded.
Call log:
[2m  - waiting for getByRole('heading', { name: 'aurd1-r2 RD Bench Ticket', level: 1 }) to be visible[22m

6. FAILED — Not completed: locator.waitFor: Timeout 30000ms exceeded.
Call log:
[2m  - waiting for getByRole('heading', { name: 'aurd1-r2 RD Bench Ticket', level: 1 }) to be visible[22m

ERROR: locator.waitFor: Timeout 30000ms exceeded.
Call log:
[2m  - waiting for getByRole('heading', { name: 'aurd1-r2 RD Bench Ticket', level: 1 }) to be visible[22m

