[ok] 1 goto 939ms
[ok] 2 fill 342ms
[ok] 3 fill 13ms
[ok] 4 click 184ms
[ok] 5 click 321ms
[ok] 6 click 515ms
[ok] 7 click 265ms
[read] 8 []
[read] 10 []
[read] 14 "Error count"
[read] 15 "Error count"
[read] 16 "Latency by endpoint"
[read] 17 "Request rate"
[read] 18 "Error count"
[read] 19 "Latency by endpoint"
[ok] 20 click 216ms
[ok] 21 click 305ms
[ok] 22 click 331ms
[FATAL] 23 click locator.click: Timeout 30000ms exceeded.
[script aborted at gesture 23]
RESULT {"runid":"cggr1-r1","gestures":[{"i":1,"tool":"goto","ok":true,"ms":939},{"i":2,"tool":"fill","ok":true,"ms":342},{"i":3,"tool":"fill","ok":true,"ms":13},{"i":4,"tool":"click","ok":true,"ms":184},{"i":5,"tool":"click","ok":true,"ms":321},{"i":6,"tool":"click","ok":true,"ms":515},{"i":7,"tool":"click","ok":true,"ms":265},{"i":20,"tool":"click","ok":true,"ms":216},{"i":21,"tool":"click","ok":true,"ms":305},{"i":22,"tool":"click","ok":true,"ms":331},{"i":23,"tool":"click","ok":false,"ms":30011,"error":"locator.click: Timeout 30000ms exceeded.\nCall log:\n\u001b[2m  - waiting for getByRole('heading', { name: 'Panel Title' })\u001b[22m\n\u001b[2m    - locator resolved to <h2 id=\"_r2o_\" class=\"css-4sw7w0\" title=\"Panel Title\">Panel Title</h2>\u001b[22m\n\u001b[2m  - attempting click action\u001b[22m\n\u001b[2m    2 × waiting for element to "}],"reads":[{"i":8,"ok":true,"value":[]},{"i":10,"ok":true,"value":[]},{"i":14,"ok":true,"value":"Error count"},{"i":15,"ok":true,"value":"Error count"},{"i":16,"ok":true,"value":"Latency by endpoint"},{"i":17,"ok":true,"value":"Request rate"},{"i":18,"ok":true,"value":"Error count"},{"i":19,"ok":true,"value":"Latency by endpoint"}],"fatal":23}
