[ok] 1 goto 1014ms
[ok] 2 fill 46ms
[ok] 3 fill 10ms
[ok] 4 click 48ms
[ok] 5 click 4500ms
[ok] 6 click 44ms
[ok] 7 goto 3ms
[ok] 8 click 45ms
[ok] 9 click 30ms
[ok] 10 click 33ms
[ok] 11 goto 2ms
[ok] 12 click 72ms
[ok] 13 goto 300ms
[ok] 14 click 114ms
[ok] 15 click 70ms
[ok] 16 click 41ms
[ok] 17 goto 2ms
[ok] 18 goto 239ms
[ok] 19 goto 46ms
[ok] 20 click 67ms
[ok] 21 click 47ms
[ok] 22 fill 377ms
[ok] 23 click 61ms
[ok] 24 click 59ms
[ok] 25 goto 3ms
[ok] 26 goto 2ms
[FATAL] 27 click locator.click: Error: strict mode violation: getByRole('button', { name: 'Activate' }) resolved to 31 elements:
[script aborted at gesture 27]
RESULT {"runid":"cgod1-r1","gestures":[{"i":1,"tool":"goto","ok":true,"ms":1014},{"i":2,"tool":"fill","ok":true,"ms":46},{"i":3,"tool":"fill","ok":true,"ms":10},{"i":4,"tool":"click","ok":true,"ms":48},{"i":5,"tool":"click","ok":true,"ms":4500},{"i":6,"tool":"click","ok":true,"ms":44},{"i":7,"tool":"goto","ok":true,"ms":3},{"i":8,"tool":"click","ok":true,"ms":45},{"i":9,"tool":"click","ok":true,"ms":30},{"i":10,"tool":"click","ok":true,"ms":33},{"i":11,"tool":"goto","ok":true,"ms":2},{"i":12,"tool":"click","ok":true,"ms":72},{"i":13,"tool":"goto","ok":true,"ms":300},{"i":14,"tool":"click","ok":true,"ms":114},{"i":15,"tool":"click","ok":true,"ms":70},{"i":16,"tool":"click","ok":true,"ms":41},{"i":17,"tool":"goto","ok":true,"ms":2},{"i":18,"tool":"goto","ok":true,"ms":239},{"i":19,"tool":"goto","ok":true,"ms":46},{"i":20,"tool":"click","ok":true,"ms":67},{"i":21,"tool":"click","ok":true,"ms":47},{"i":22,"tool":"fill","ok":true,"ms":377},{"i":23,"tool":"click","ok":true,"ms":61},{"i":24,"tool":"click","ok":true,"ms":59},{"i":25,"tool":"goto","ok":true,"ms":3},{"i":26,"tool":"goto","ok":true,"ms":2},{"i":27,"tool":"click","ok":false,"ms":301,"error":"locator.click: Error: strict mode violation: getByRole('button', { name: 'Activate' }) resolved to 31 elements:\n    1) <button type=\"object\" name=\"button_immediate_install\" class=\"btn btn-primary btn-sm oe_kanban_action oe_kanban_action_button\" invisible=\"state != 'uninstalled' or (module_type and m"}],"reads":[],"fatal":27}
