[ok] 1 goto 158ms
[ok] 2 fill 43ms
[ok] 3 fill 17ms
[ok] 4 click 656ms
[ok] 5 click 527ms
[ok] 6 click 62ms
[ok] 7 goto 5ms
[ok] 8 click 46ms
[ok] 9 click 30ms
[ok] 10 click 33ms
[ok] 11 goto 3ms
[ok] 12 click 70ms
[ok] 13 goto 218ms
[ok] 14 click 133ms
[ok] 15 click 45ms
[ok] 16 click 31ms
[ok] 17 goto 3ms
[ok] 18 goto 181ms
[ok] 19 goto 36ms
[ok] 20 click 68ms
[ok] 21 click 46ms
[ok] 22 fill 248ms
[ok] 23 click 95ms
[ok] 24 click 59ms
[ok] 25 goto 4ms
[ok] 26 goto 4ms
[FATAL] 27 click locator.click: Error: strict mode violation: getByRole('button', { name: 'Activate' }) resolved to 31 elements:
[script aborted at gesture 27]
RESULT {"runid":"cgod1-r2","gestures":[{"i":1,"tool":"goto","ok":true,"ms":158},{"i":2,"tool":"fill","ok":true,"ms":43},{"i":3,"tool":"fill","ok":true,"ms":17},{"i":4,"tool":"click","ok":true,"ms":656},{"i":5,"tool":"click","ok":true,"ms":526},{"i":6,"tool":"click","ok":true,"ms":62},{"i":7,"tool":"goto","ok":true,"ms":5},{"i":8,"tool":"click","ok":true,"ms":46},{"i":9,"tool":"click","ok":true,"ms":30},{"i":10,"tool":"click","ok":true,"ms":33},{"i":11,"tool":"goto","ok":true,"ms":3},{"i":12,"tool":"click","ok":true,"ms":70},{"i":13,"tool":"goto","ok":true,"ms":218},{"i":14,"tool":"click","ok":true,"ms":133},{"i":15,"tool":"click","ok":true,"ms":45},{"i":16,"tool":"click","ok":true,"ms":31},{"i":17,"tool":"goto","ok":true,"ms":3},{"i":18,"tool":"goto","ok":true,"ms":181},{"i":19,"tool":"goto","ok":true,"ms":36},{"i":20,"tool":"click","ok":true,"ms":68},{"i":21,"tool":"click","ok":true,"ms":46},{"i":22,"tool":"fill","ok":true,"ms":248},{"i":23,"tool":"click","ok":true,"ms":95},{"i":24,"tool":"click","ok":true,"ms":59},{"i":25,"tool":"goto","ok":true,"ms":4},{"i":26,"tool":"goto","ok":true,"ms":4},{"i":27,"tool":"click","ok":false,"ms":286,"error":"locator.click: Error: strict mode violation: getByRole('button', { name: 'Activate' }) resolved to 31 elements:\n    1) <button type=\"object\" name=\"button_immediate_install\" class=\"btn btn-primary btn-sm oe_kanban_action oe_kanban_action_button\" invisible=\"state != 'uninstalled' or (module_type and m"}],"reads":[],"fatal":27}
