[ok] 1 goto 25ms
[ok] 2 fill 70ms
[ok] 3 fill 12ms
[ok] 4 click 42ms
[ok] 5 click 68ms
[ok] 6 fill 11ms
[ok] 7 fill 9ms
[ok] 8 click 41ms
[ok] 9 wait_for 766ms
[read] 11 ["RD-1016","cgrd2-r2 RD Bench Ticket","Bench Test Co","Draft","0","2026-09-01"]
[read] 12 "RD-1016"
[read] 13 "cgrd2-r2 RD Bench Ticket"
[read] 14 "Bench Test Co"
[read] 15 "2026-09-01"
[ok] 16 click 28ms
[ok] 17 click 69ms
[ok] 18 fill 11ms
[ok] 19 fill 7ms
[ok] 20 fill 8ms
[ok] 21 click 37ms
[read] 22 []
[read] 24 "cgrd2-r2 RD Part A"
[read] 25 "$100.00"
[read] 26 "25%"
[read] 27 "No supplier"
[read] 28 "$125.00"
[ok] 29 click 29ms
[ok] 30 fill 8ms
[ok] 31 fill 6ms
[ok] 32 fill 7ms
[ok] 33 click 43ms
[read] 35 "cgrd2-r2 RD Part B"
[read] 36 "$200.00"
[read] 37 "25%"
[read] 38 "No supplier"
[read] 39 "$250.00"
[read] 40 "$125.00"
[read] 41 "$375.00"
[ok] 42 click 23ms
[ok] 43 fill 8ms
[ok] 44 click 42ms
[read] 46 "$100.00"
[read] 47 "25%"
[read] 48 "No supplier"
[read] 49 "$187.50"
[read] 50 "$250.00"
[read] 51 "$437.50"
[ok] 52 click 42ms
[ok] 53 click 53ms
[ok] 54 type 170ms
[ok] 55 click 24ms
[ok] 56 type 110ms
[ok] 57 fill 10ms
[ok] 58 fill 12ms
[ok] 59 fill 10ms
[ok] 60 click 45ms
[ok] 61 click 81ms
[ok] 62 fill 11ms
[ok] 63 click 39ms
[ok] 64 dialog_expect 1ms
[ok] 65 click 81ms
[read] 68 "Draft"
[read] 69 ""
[read] 70 "$437.50"
[ok] 71 dialog_expect 0ms
[ok] 72 click 74ms
[ok] 73 click 50ms
[ok] 74 wait_for 806ms
[ok] 75 click 26ms
[ok] 76 click 52ms
[ok] 77 wait_for 799ms
[ok] 78 dialog_expect 0ms
[ok] 79 click 31ms
[ok] 80 goto 3ms
[FATAL] 81 click locator.click: Timeout 30000ms exceeded.
[script aborted at gesture 81]
RESULT {"runid":"cgrd2-r2","gestures":[{"i":1,"tool":"goto","ok":true,"ms":25},{"i":2,"tool":"fill","ok":true,"ms":70},{"i":3,"tool":"fill","ok":true,"ms":12},{"i":4,"tool":"click","ok":true,"ms":42},{"i":5,"tool":"click","ok":true,"ms":68},{"i":6,"tool":"fill","ok":true,"ms":11},{"i":7,"tool":"fill","ok":true,"ms":9},{"i":8,"tool":"click","ok":true,"ms":41},{"i":9,"tool":"wait_for","ok":true,"ms":766},{"i":16,"tool":"click","ok":true,"ms":28},{"i":17,"tool":"click","ok":true,"ms":69},{"i":18,"tool":"fill","ok":true,"ms":11},{"i":19,"tool":"fill","ok":true,"ms":7},{"i":20,"tool":"fill","ok":true,"ms":8},{"i":21,"tool":"click","ok":true,"ms":37},{"i":29,"tool":"click","ok":true,"ms":29},{"i":30,"tool":"fill","ok":true,"ms":8},{"i":31,"tool":"fill","ok":true,"ms":6},{"i":32,"tool":"fill","ok":true,"ms":7},{"i":33,"tool":"click","ok":true,"ms":43},{"i":42,"tool":"click","ok":true,"ms":23},{"i":43,"tool":"fill","ok":true,"ms":8},{"i":44,"tool":"click","ok":true,"ms":42},{"i":52,"tool":"click","ok":true,"ms":42},{"i":53,"tool":"click","ok":true,"ms":53},{"i":54,"tool":"type","ok":true,"ms":170},{"i":55,"tool":"click","ok":true,"ms":24},{"i":56,"tool":"type","ok":true,"ms":110},{"i":57,"tool":"fill","ok":true,"ms":10},{"i":58,"tool":"fill","ok":true,"ms":12},{"i":59,"tool":"fill","ok":true,"ms":10},{"i":60,"tool":"click","ok":true,"ms":45},{"i":61,"tool":"click","ok":true,"ms":81},{"i":62,"tool":"fill","ok":true,"ms":11},{"i":63,"tool":"click","ok":true,"ms":39},{"i":64,"tool":"dialog_expect","ok":true,"ms":1},{"i":65,"tool":"click","ok":true,"ms":81},{"i":71,"tool":"dialog_expect","ok":true,"ms":0},{"i":72,"tool":"click","ok":true,"ms":74},{"i":73,"tool":"click","ok":true,"ms":50},{"i":74,"tool":"wait_for","ok":true,"ms":806},{"i":75,"tool":"click","ok":true,"ms":26},{"i":76,"tool":"click","ok":true,"ms":52},{"i":77,"tool":"wait_for","ok":true,"ms":799},{"i":78,"tool":"dialog_expect","ok":true,"ms":0},{"i":79,"tool":"click","ok":true,"ms":31},{"i":80,"tool":"goto","ok":true,"ms":3},{"i":81,"tool":"click","ok":false,"ms":30002,"error":"locator.click: Timeout 30000ms exceeded.\nCall log:\n\u001b[2m  - waiting for getByTestId('show-archived')\u001b[22m\n\u001b[2m    - locator resolved to <input type=\"checkbox\" class=\"checkbox\" id=\"show-archived\" data-testid=\"show-archived\"/>\u001b[22m\n\u001b[2m  - attempting click action\u001b[22m\n\u001b[2m    - waiting for element to b"}],"reads":[{"i":11,"ok":true,"value":["RD-1016","cgrd2-r2 RD Bench Ticket","Bench Test Co","Draft","0","2026-09-01"]},{"i":12,"ok":true,"value":"RD-1016"},{"i":13,"ok":true,"value":"cgrd2-r2 RD Bench Ticket"},{"i":14,"ok":true,"value":"Bench Test Co"},{"i":15,"ok":true,"value":"2026-09-01"},{"i":22,"ok":true,"value":[]},{"i":24,"ok":true,"value":"cgrd2-r2 RD Part A"},{"i":25,"ok":true,"value":"$100.00"},{"i":26,"ok":true,"value":"25%"},{"i":27,"ok":true,"value":"No supplier"},{"i":28,"ok":true,"value":"$125.00"},{"i":35,"ok":true,"value":"cgrd2-r2 RD Part B"},{"i":36,"ok":true,"value":"$200.00"},{"i":37,"ok":true,"value":"25%"},{"i":38,"ok":true,"value":"No supplier"},{"i":39,"ok":true,"value":"$250.00"},{"i":40,"ok":true,"value":"$125.00"},{"i":41,"ok":true,"value":"$375.00"},{"i":46,"ok":true,"value":"$100.00"},{"i":47,"ok":true,"value":"25%"},{"i":48,"ok":true,"value":"No supplier"},{"i":49,"ok":true,"value":"$187.50"},{"i":50,"ok":true,"value":"$250.00"},{"i":51,"ok":true,"value":"$437.50"},{"i":68,"ok":true,"value":"Draft"},{"i":69,"ok":true,"value":""},{"i":70,"ok":true,"value":"$437.50"}],"fatal":81}
