+ true
+ date -u +%H:%M:%S
+ free -m
+ awk /Mem:/{print "mem used "$3"MB free "$4"MB"}
+ df -h /dev/shm
+ awk NR==2{print "shm used "$3" of "$2}
+ echo 18:27:14 mem used 812MB free 12486MB shm used 0 of 16G
18:27:14 mem used 812MB free 12486MB shm used 0 of 16G
+ sleep 5
+ true
+ date -u +%H:%M:%S
+ free -m
+ awk /Mem:/{print "mem used "$3"MB free "$4"MB"}
+ df -h /dev/shm
+ awk NR==2{print "shm used "$3" of "$2}
+ echo 18:27:19 mem used 1168MB free 12086MB shm used 0 of 16G
18:27:19 mem used 1168MB free 12086MB shm used 0 of 16G
+ sleep 5
+ true
+ date -u +%H:%M:%S
+ free -m
+ awk /Mem:/{print "mem used "$3"MB free "$4"MB"}
+ df -h /dev/shm
+ awk NR==2{print "shm used "$3" of "$2}
+ echo 18:27:24 mem used 1235MB free 12002MB shm used 0 of 16G
18:27:24 mem used 1235MB free 12002MB shm used 0 of 16G
+ sleep 5
+ true
+ date -u +%H:%M:%S
+ free -m
+ awk /Mem:/{print "mem used "$3"MB free "$4"MB"}
+ df -h /dev/shm
+ awk NR==2{print "shm used "$3" of "$2}
+ echo 18:27:29 mem used 1280MB free 11961MB shm used 0 of 16G
18:27:29 mem used 1280MB free 11961MB shm used 0 of 16G
+ sleep 5
+ true
+ date -u +%H:%M:%S
+ free -m
+ awk /Mem:/{print "mem used "$3"MB free "$4"MB"}
+ df -h /dev/shm
+ awk NR==2{print "shm used "$3" of "$2}
+ echo 18:27:34 mem used 1276MB free 11969MB shm used 0 of 16G
18:27:34 mem used 1276MB free 11969MB shm used 0 of 16G
+ sleep 5
+ true
+ date -u +%H:%M:%S
+ free -m
+ awk /Mem:/{print "mem used "$3"MB free "$4"MB"}
+ df -h /dev/shm
+ awk NR==2{print "shm used "$3" of "$2}
+ echo 18:27:39 mem used 1258MB free 11989MB shm used 0 of 16G
18:27:39 mem used 1258MB free 11989MB shm used 0 of 16G
+ sleep 5
+ true
+ date -u +%H:%M:%S
+ free -m
+ awk /Mem:/{print "mem used "$3"MB free "$4"MB"}
+ df -h /dev/shm
+ awk NR==2{print "shm used "$3" of "$2}
+ echo 18:27:44 mem used 1264MB free 11985MB shm used 0 of 16G
18:27:44 mem used 1264MB free 11985MB shm used 0 of 16G
+ sleep 5
+ true
+ date -u +%H:%M:%S
+ free -m
+ awk /Mem:/{print "mem used "$3"MB free "$4"MB"}
+ df -h /dev/shm
+ awk NR==2{print "shm used "$3" of "$2}
+ echo 18:27:49 mem used 1165MB free 12079MB shm used 0 of 16G
18:27:49 mem used 1165MB free 12079MB shm used 0 of 16G
+ sleep 5
+ true
+ date -u +%H:%M:%S
+ free -m
+ awk /Mem:/{print "mem used "$3"MB free "$4"MB"}
+ df -h /dev/shm
+ awk NR==2{print "shm used "$3" of "$2}
+ echo 18:27:54 mem used 1251MB free 11969MB shm used 0 of 16G
18:27:54 mem used 1251MB free 11969MB shm used 0 of 16G
+ sleep 5
+ true
+ date -u +%H:%M:%S
+ awk /Mem:/{print "mem used "$3"MB free "$4"MB"}
+ free -m
+ df -h /dev/shm
+ awk NR==2{print "shm used "$3" of "$2}
+ echo 18:27:59 mem used 1236MB free 11997MB shm used 0 of 16G
18:27:59 mem used 1236MB free 11997MB shm used 0 of 16G
+ sleep 5
+ true
+ date -u +%H:%M:%S
+ free -m
+ awk /Mem:/{print "mem used "$3"MB free "$4"MB"}
+ df -h /dev/shm
+ awk NR==2{print "shm used "$3" of "$2}
+ echo 18:28:04 mem used 1235MB free 11997MB shm used 0 of 16G
18:28:04 mem used 1235MB free 11997MB shm used 0 of 16G
+ sleep 5
+ true
+ date -u +%H:%M:%S
+ free -m
+ awk /Mem:/{print "mem used "$3"MB free "$4"MB"}
+ df -h /dev/shm
+ awk NR==2{print "shm used "$3" of "$2}
+ echo 18:28:09 mem used 1238MB free 11995MB shm used 0 of 16G
18:28:09 mem used 1238MB free 11995MB shm used 0 of 16G
+ sleep 5
+ true
+ date -u +%H:%M:%S
+ free -m
+ awk /Mem:/{print "mem used "$3"MB free "$4"MB"}
+ df -h /dev/shm
+ awk NR==2{print "shm used "$3" of "$2}
+ echo 18:28:14 mem used 1212MB free 12021MB shm used 0 of 16G
18:28:14 mem used 1212MB free 12021MB shm used 0 of 16G
+ sleep 5
+ true
+ date -u +%H:%M:%S
+ free -m
+ awk /Mem:/{print "mem used "$3"MB free "$4"MB"}
+ df -h /dev/shm
+ awk NR==2{print "shm used "$3" of "$2}
+ echo 18:28:19 mem used 1211MB free 12022MB shm used 0 of 16G
18:28:19 mem used 1211MB free 12022MB shm used 0 of 16G
+ sleep 5
+ true
+ date -u +%H:%M:%S
+ free -m
+ awk /Mem:/{print "mem used "$3"MB free "$4"MB"}
+ df -h /dev/shm
+ awk NR==2{print "shm used "$3" of "$2}
+ echo 18:28:24 mem used 1194MB free 12039MB shm used 0 of 16G
18:28:24 mem used 1194MB free 12039MB shm used 0 of 16G
+ sleep 5
+ true
+ date -u +%H:%M:%S
+ free -m
+ awk /Mem:/{print "mem used "$3"MB free "$4"MB"}
+ df -h /dev/shm
+ awk NR==2{print "shm used "$3" of "$2}
+ echo 18:28:29 mem used 1189MB free 12044MB shm used 0 of 16G
18:28:29 mem used 1189MB free 12044MB shm used 0 of 16G
+ sleep 5
+ true
+ date -u +%H:%M:%S
+ free -m
+ awk /Mem:/{print "mem used "$3"MB free "$4"MB"}
+ df -h /dev/shm
+ awk NR==2{print "shm used "$3" of "$2}
+ echo 18:28:34 mem used 1186MB free 12047MB shm used 0 of 16G
18:28:34 mem used 1186MB free 12047MB shm used 0 of 16G
+ sleep 5
+ true
+ date -u +%H:%M:%S
+ free -m
+ awk /Mem:/{print "mem used "$3"MB free "$4"MB"}
+ df -h /dev/shm
+ awk NR==2{print "shm used "$3" of "$2}
+ echo 18:28:39 mem used 1181MB free 12052MB shm used 0 of 16G
18:28:39 mem used 1181MB free 12052MB shm used 0 of 16G
+ sleep 5
+ true
+ date -u +%H:%M:%S
+ free -m
+ awk /Mem:/{print "mem used "$3"MB free "$4"MB"}
+ df -h /dev/shm
+ awk NR==2{print "shm used "$3" of "$2}
+ echo 18:28:44 mem used 1176MB free 12057MB shm used 0 of 16G
18:28:44 mem used 1176MB free 12057MB shm used 0 of 16G
+ sleep 5
+ true
+ date -u +%H:%M:%S
+ free -m
+ awk /Mem:/{print "mem used "$3"MB free "$4"MB"}
+ df -h /dev/shm
+ awk NR==2{print "shm used "$3" of "$2}
+ echo 18:28:49 mem used 1173MB free 12060MB shm used 0 of 16G
18:28:49 mem used 1173MB free 12060MB shm used 0 of 16G
+ sleep 5
+ true
+ date -u +%H:%M:%S
+ free -m
+ awk /Mem:/{print "mem used "$3"MB free "$4"MB"}
+ df -h /dev/shm
+ awk NR==2{print "shm used "$3" of "$2}
+ echo 18:28:54 mem used 1170MB free 12061MB shm used 0 of 16G
18:28:54 mem used 1170MB free 12061MB shm used 0 of 16G
+ sleep 5
+ true
+ date -u +%H:%M:%S
+ free -m
+ awk /Mem:/{print "mem used "$3"MB free "$4"MB"}
+ df -h /dev/shm
+ awk NR==2{print "shm used "$3" of "$2}
+ echo 18:28:59 mem used 1174MB free 12057MB shm used 0 of 16G
18:28:59 mem used 1174MB free 12057MB shm used 0 of 16G
+ sleep 5
+ true
+ date -u +%H:%M:%S
+ free -m
+ awk /Mem:/{print "mem used "$3"MB free "$4"MB"}
+ df -h /dev/shm
+ awk NR==2{print "shm used "$3" of "$2}
+ echo 18:29:04 mem used 1159MB free 12070MB shm used 0 of 16G
18:29:04 mem used 1159MB free 12070MB shm used 0 of 16G
+ sleep 5
+ true
+ date -u +%H:%M:%S
+ free -m
+ awk /Mem:/{print "mem used "$3"MB free "$4"MB"}
+ df -h /dev/shm
+ awk NR==2{print "shm used "$3" of "$2}
+ echo 18:29:09 mem used 1164MB free 12065MB shm used 0 of 16G
18:29:09 mem used 1164MB free 12065MB shm used 0 of 16G
+ sleep 5
+ true
+ date -u +%H:%M:%S
+ awk /Mem:/{print "mem used "$3"MB free "$4"MB"}
+ free -m
+ df -h /dev/shm
+ awk NR==2{print "shm used "$3" of "$2}
+ echo 18:29:14 mem used 1241MB free 11970MB shm used 0 of 16G
18:29:14 mem used 1241MB free 11970MB shm used 0 of 16G
+ sleep 5
+ true
+ date -u +%H:%M:%S
+ free -m
+ awk /Mem:/{print "mem used "$3"MB free "$4"MB"}
+ df -h /dev/shm
+ awk NR==2{print "shm used "$3" of "$2}
+ echo 18:29:19 mem used 1254MB free 11949MB shm used 0 of 16G
18:29:19 mem used 1254MB free 11949MB shm used 0 of 16G
+ sleep 5
+ true
+ date -u +%H:%M:%S
+ free -m
+ awk /Mem:/{print "mem used "$3"MB free "$4"MB"}
+ df -h /dev/shm
+ awk NR==2{print "shm used "$3" of "$2}
+ echo 18:29:24 mem used 1259MB free 11957MB shm used 0 of 16G
18:29:24 mem used 1259MB free 11957MB shm used 0 of 16G
+ sleep 5
+ true
+ date -u +%H:%M:%S
+ free -m
+ awk /Mem:/{print "mem used "$3"MB free "$4"MB"}
+ df -h /dev/shm
+ awk NR==2{print "shm used "$3" of "$2}
+ echo 18:29:29 mem used 1231MB free 11985MB shm used 0 of 16G
18:29:29 mem used 1231MB free 11985MB shm used 0 of 16G
+ sleep 5
+ true
+ date -u +%H:%M:%S
+ free -m
+ awk /Mem:/{print "mem used "$3"MB free "$4"MB"}
+ df -h /dev/shm
+ awk NR==2{print "shm used "$3" of "$2}
+ echo 18:29:34 mem used 1234MB free 11983MB shm used 0 of 16G
18:29:34 mem used 1234MB free 11983MB shm used 0 of 16G
+ sleep 5
+ true
+ date -u +%H:%M:%S
+ free -m
+ awk /Mem:/{print "mem used "$3"MB free "$4"MB"}
+ df -h /dev/shm
+ awk NR==2{print "shm used "$3" of "$2}
+ echo 18:29:39 mem used 1224MB free 11993MB shm used 0 of 16G
18:29:39 mem used 1224MB free 11993MB shm used 0 of 16G
+ sleep 5
+ true
+ date -u +%H:%M:%S
+ free -m
+ awk /Mem:/{print "mem used "$3"MB free "$4"MB"}
+ df -h /dev/shm
+ awk NR==2{print "shm used "$3" of "$2}
+ echo 18:29:44 mem used 1207MB free 12010MB shm used 0 of 16G
18:29:44 mem used 1207MB free 12010MB shm used 0 of 16G
+ sleep 5
+ true
+ date -u +%H:%M:%S
+ free -m
+ awk /Mem:/{print "mem used "$3"MB free "$4"MB"}
+ df -h /dev/shm
+ awk NR==2{print "shm used "$3" of "$2}
+ echo 18:29:49 mem used 1215MB free 12002MB shm used 0 of 16G
18:29:49 mem used 1215MB free 12002MB shm used 0 of 16G
+ sleep 5
+ true
+ date -u +%H:%M:%S
+ free -m
+ awk /Mem:/{print "mem used "$3"MB free "$4"MB"}
+ df -h /dev/shm
+ awk NR==2{print "shm used "$3" of "$2}
+ echo 18:29:55 mem used 1211MB free 12006MB shm used 0 of 16G
18:29:55 mem used 1211MB free 12006MB shm used 0 of 16G
+ sleep 5
+ true
+ date -u +%H:%M:%S
+ free -m
+ awk /Mem:/{print "mem used "$3"MB free "$4"MB"}
+ df -h /dev/shm
+ awk NR==2{print "shm used "$3" of "$2}
+ echo 18:30:00 mem used 1229MB free 11987MB shm used 0 of 16G
18:30:00 mem used 1229MB free 11987MB shm used 0 of 16G
+ sleep 5
+ true
+ date -u +%H:%M:%S
+ free -m
+ awk /Mem:/{print "mem used "$3"MB free "$4"MB"}
+ df -h /dev/shm
+ awk NR==2{print "shm used "$3" of "$2}
+ echo 18:30:05 mem used 1228MB free 11988MB shm used 0 of 16G
18:30:05 mem used 1228MB free 11988MB shm used 0 of 16G
+ sleep 5
+ true
+ date -u +%H:%M:%S
+ free -m
+ awk /Mem:/{print "mem used "$3"MB free "$4"MB"}
+ df -h /dev/shm
+ awk NR==2{print "shm used "$3" of "$2}
+ echo 18:30:10 mem used 1191MB free 12016MB shm used 0 of 16G
18:30:10 mem used 1191MB free 12016MB shm used 0 of 16G
+ sleep 5
+ true
+ date -u +%H:%M:%S
+ free -m
+ awk /Mem:/{print "mem used "$3"MB free "$4"MB"}
+ df -h /dev/shm
+ awk NR==2{print "shm used "$3" of "$2}
+ echo 18:30:15 mem used 1189MB free 12020MB shm used 0 of 16G
18:30:15 mem used 1189MB free 12020MB shm used 0 of 16G
+ sleep 5
+ true
+ date -u +%H:%M:%S
+ free -m
+ awk /Mem:/{print "mem used "$3"MB free "$4"MB"}
+ df -h /dev/shm
+ awk NR==2{print "shm used "$3" of "$2}
+ echo 18:30:20 mem used 1195MB free 12015MB shm used 0 of 16G
18:30:20 mem used 1195MB free 12015MB shm used 0 of 16G
+ sleep 5
+ true
+ date -u +%H:%M:%S
+ free -m
+ awk /Mem:/{print "mem used "$3"MB free "$4"MB"}
+ df -h /dev/shm
+ awk NR==2{print "shm used "$3" of "$2}
+ echo 18:30:25 mem used 1210MB free 12000MB shm used 0 of 16G
18:30:25 mem used 1210MB free 12000MB shm used 0 of 16G
+ sleep 5
+ true
+ date -u +%H:%M:%S
+ free -m
+ awk /Mem:/{print "mem used "$3"MB free "$4"MB"}
+ df -h /dev/shm
+ awk NR==2{print "shm used "$3" of "$2}
+ echo 18:30:30 mem used 1249MB free 11976MB shm used 0 of 16G
18:30:30 mem used 1249MB free 11976MB shm used 0 of 16G
+ sleep 5
+ true
+ date -u +%H:%M:%S
+ free -m
+ awk /Mem:/{print "mem used "$3"MB free "$4"MB"}
+ df -h /dev/shm
+ awk NR==2{print "shm used "$3" of "$2}
+ echo 18:30:35 mem used 1208MB free 12014MB shm used 0 of 16G
18:30:35 mem used 1208MB free 12014MB shm used 0 of 16G
+ sleep 5
+ true
+ date -u +%H:%M:%S
+ free -m
+ awk /Mem:/{print "mem used "$3"MB free "$4"MB"}
+ df -h /dev/shm
+ awk NR==2{print "shm used "$3" of "$2}
+ echo 18:30:40 mem used 1178MB free 12051MB shm used 0 of 16G
18:30:40 mem used 1178MB free 12051MB shm used 0 of 16G
+ sleep 5
+ true
+ date -u +%H:%M:%S
+ free -m
+ awk /Mem:/{print "mem used "$3"MB free "$4"MB"}
+ df -h /dev/shm
+ awk NR==2{print "shm used "$3" of "$2}
+ echo 18:30:45 mem used 1236MB free 11968MB shm used 0 of 16G
18:30:45 mem used 1236MB free 11968MB shm used 0 of 16G
+ sleep 5
+ true
+ date -u +%H:%M:%S
+ free -m
+ awk /Mem:/{print "mem used "$3"MB free "$4"MB"}
+ df -h /dev/shm
+ awk NR==2{print "shm used "$3" of "$2}
+ echo 18:30:50 mem used 1325MB free 11879MB shm used 0 of 16G
18:30:50 mem used 1325MB free 11879MB shm used 0 of 16G
+ sleep 5
+ true
+ date -u +%H:%M:%S
+ free -m
+ awk /Mem:/{print "mem used "$3"MB free "$4"MB"}
+ df -h /dev/shm
+ awk NR==2{print "shm used "$3" of "$2}
+ echo 18:30:55 mem used 1298MB free 11917MB shm used 0 of 16G
18:30:55 mem used 1298MB free 11917MB shm used 0 of 16G
+ sleep 5
+ true
+ date -u +%H:%M:%S
+ free -m
+ awk /Mem:/{print "mem used "$3"MB free "$4"MB"}
+ df -h /dev/shm
+ awk NR==2{print "shm used "$3" of "$2}
+ echo 18:31:00 mem used 1288MB free 11935MB shm used 0 of 16G
18:31:00 mem used 1288MB free 11935MB shm used 0 of 16G
+ sleep 5
+ true
+ date -u +%H:%M:%S
+ free -m
+ awk /Mem:/{print "mem used "$3"MB free "$4"MB"}
+ df -h /dev/shm
+ awk NR==2{print "shm used "$3" of "$2}
+ echo 18:31:05 mem used 1216MB free 12001MB shm used 0 of 16G
18:31:05 mem used 1216MB free 12001MB shm used 0 of 16G
+ sleep 5
+ true
+ date -u +%H:%M:%S
+ free -m
+ awk /Mem:/{print "mem used "$3"MB free "$4"MB"}
+ df -h /dev/shm
+ awk NR==2{print "shm used "$3" of "$2}
+ echo 18:31:10 mem used 1222MB free 11997MB shm used 0 of 16G
18:31:10 mem used 1222MB free 11997MB shm used 0 of 16G
+ sleep 5
+ true
+ date -u +%H:%M:%S
+ free -m
+ awk /Mem:/{print "mem used "$3"MB free "$4"MB"}
+ df -h /dev/shm
+ awk NR==2{print "shm used "$3" of "$2}
+ echo 18:31:15 mem used 1215MB free 12006MB shm used 0 of 16G
18:31:15 mem used 1215MB free 12006MB shm used 0 of 16G
+ sleep 5
+ true
+ date -u +%H:%M:%S
+ free -m
+ awk /Mem:/{print "mem used "$3"MB free "$4"MB"}
+ df -h /dev/shm
+ awk NR==2{print "shm used "$3" of "$2}
+ echo 18:31:20 mem used 1212MB free 12008MB shm used 0 of 16G
18:31:20 mem used 1212MB free 12008MB shm used 0 of 16G
+ sleep 5
+ true
+ date -u +%H:%M:%S
+ free -m
+ awk /Mem:/{print "mem used "$3"MB free "$4"MB"}
+ df -h /dev/shm
+ awk NR==2{print "shm used "$3" of "$2}
+ echo 18:31:25 mem used 1216MB free 12005MB shm used 0 of 16G
18:31:25 mem used 1216MB free 12005MB shm used 0 of 16G
+ sleep 5
+ true
+ date -u +%H:%M:%S
+ free -m
+ awk /Mem:/{print "mem used "$3"MB free "$4"MB"}
+ df -h /dev/shm
+ awk NR==2{print "shm used "$3" of "$2}
+ echo 18:31:30 mem used 1219MB free 12002MB shm used 0 of 16G
18:31:30 mem used 1219MB free 12002MB shm used 0 of 16G
+ sleep 5
+ true
+ date -u +%H:%M:%S
+ free -m
+ awk /Mem:/{print "mem used "$3"MB free "$4"MB"}
+ df -h /dev/shm
+ awk NR==2{print "shm used "$3" of "$2}
+ echo 18:31:35 mem used 1173MB free 12047MB shm used 0 of 16G
18:31:35 mem used 1173MB free 12047MB shm used 0 of 16G
+ sleep 5
+ true
+ date -u +%H:%M:%S
+ free -m
+ awk /Mem:/{print "mem used "$3"MB free "$4"MB"}
+ df -h /dev/shm
+ awk NR==2{print "shm used "$3" of "$2}
+ echo 18:31:40 mem used 1184MB free 12032MB shm used 0 of 16G
18:31:40 mem used 1184MB free 12032MB shm used 0 of 16G
+ sleep 5
+ true
+ date -u +%H:%M:%S
+ free -m
+ awk /Mem:/{print "mem used "$3"MB free "$4"MB"}
+ df -h /dev/shm
+ awk NR==2{print "shm used "$3" of "$2}
+ echo 18:31:45 mem used 1235MB free 11979MB shm used 0 of 16G
18:31:45 mem used 1235MB free 11979MB shm used 0 of 16G
+ sleep 5
+ true
+ date -u +%H:%M:%S
+ free -m
+ awk /Mem:/{print "mem used "$3"MB free "$4"MB"}
+ df -h /dev/shm
+ awk NR==2{print "shm used "$3" of "$2}
+ echo 18:31:50 mem used 1197MB free 12017MB shm used 0 of 16G
18:31:50 mem used 1197MB free 12017MB shm used 0 of 16G
+ sleep 5
+ true
+ date -u +%H:%M:%S
+ free -m
+ awk /Mem:/{print "mem used "$3"MB free "$4"MB"}
+ df -h /dev/shm
+ awk NR==2{print "shm used "$3" of "$2}
+ echo 18:31:55 mem used 1197MB free 12019MB shm used 0 of 16G
18:31:55 mem used 1197MB free 12019MB shm used 0 of 16G
+ sleep 5
+ true
+ date -u +%H:%M:%S
+ free -m
+ awk /Mem:/{print "mem used "$3"MB free "$4"MB"}
+ df -h /dev/shm
+ awk NR==2{print "shm used "$3" of "$2}
+ echo 18:32:00 mem used 1188MB free 12033MB shm used 0 of 16G
18:32:00 mem used 1188MB free 12033MB shm used 0 of 16G
+ sleep 5
+ true
+ date -u +%H:%M:%S
+ free -m
+ awk /Mem:/{print "mem used "$3"MB free "$4"MB"}
+ df -h /dev/shm
+ awk NR==2{print "shm used "$3" of "$2}
+ echo 18:32:05 mem used 1189MB free 12032MB shm used 0 of 16G
18:32:05 mem used 1189MB free 12032MB shm used 0 of 16G
+ sleep 5
+ true
+ date -u +%H:%M:%S
+ free -m
+ awk /Mem:/{print "mem used "$3"MB free "$4"MB"}
+ df -h /dev/shm
+ awk NR==2{print "shm used "$3" of "$2}
+ echo 18:32:10 mem used 1189MB free 12031MB shm used 0 of 16G
18:32:10 mem used 1189MB free 12031MB shm used 0 of 16G
+ sleep 5
+ true
+ date -u +%H:%M:%S
+ free -m
+ awk /Mem:/{print "mem used "$3"MB free "$4"MB"}
+ df -h /dev/shm
+ awk NR==2{print "shm used "$3" of "$2}
+ echo 18:32:15 mem used 1183MB free 12037MB shm used 0 of 16G
18:32:15 mem used 1183MB free 12037MB shm used 0 of 16G
+ sleep 5
+ true
+ date -u +%H:%M:%S
+ free -m
+ awk /Mem:/{print "mem used "$3"MB free "$4"MB"}
+ df -h /dev/shm
+ awk NR==2{print "shm used "$3" of "$2}
+ echo 18:32:20 mem used 1180MB free 12040MB shm used 0 of 16G
18:32:20 mem used 1180MB free 12040MB shm used 0 of 16G
+ sleep 5
+ true
+ date -u +%H:%M:%S
+ free -m
+ awk /Mem:/{print "mem used "$3"MB free "$4"MB"}
+ df -h /dev/shm
+ awk NR==2{print "shm used "$3" of "$2}
+ echo 18:32:25 mem used 1178MB free 12043MB shm used 0 of 16G
18:32:25 mem used 1178MB free 12043MB shm used 0 of 16G
+ sleep 5
+ true
+ date -u +%H:%M:%S
+ + awk /Mem:/{print "mem used "$3"MB free "$4"MB"}
free -m
+ df -h /dev/shm
+ awk NR==2{print "shm used "$3" of "$2}
+ echo 18:32:30 mem used 1178MB free 12042MB shm used 0 of 16G
18:32:30 mem used 1178MB free 12042MB shm used 0 of 16G
+ sleep 5
+ true
+ date -u +%H:%M:%S
+ free -m
+ awk /Mem:/{print "mem used "$3"MB free "$4"MB"}
+ df -h /dev/shm
+ awk NR==2{print "shm used "$3" of "$2}
+ echo 18:32:35 mem used 1177MB free 12043MB shm used 0 of 16G
18:32:35 mem used 1177MB free 12043MB shm used 0 of 16G
+ sleep 5
+ true
+ date -u +%H:%M:%S
+ free -m
+ awk /Mem:/{print "mem used "$3"MB free "$4"MB"}
+ df -h /dev/shm
+ awk NR==2{print "shm used "$3" of "$2}
+ echo 18:32:40 mem used 1178MB free 12042MB shm used 0 of 16G
18:32:40 mem used 1178MB free 12042MB shm used 0 of 16G
+ sleep 5
+ true
+ date -u +%H:%M:%S
+ free -m
+ awk /Mem:/{print "mem used "$3"MB free "$4"MB"}
+ df -h /dev/shm
+ awk NR==2{print "shm used "$3" of "$2}
+ echo 18:32:45 mem used 1179MB free 12041MB shm used 0 of 16G
18:32:45 mem used 1179MB free 12041MB shm used 0 of 16G
+ sleep 5
+ true
+ date -u +%H:%M:%S
+ + freeawk -m /Mem:/{print "mem used "$3"MB free "$4"MB"}

+ df -h /dev/shm
+ awk NR==2{print "shm used "$3" of "$2}
+ echo 18:32:50 mem used 1177MB free 12043MB shm used 0 of 16G
18:32:50 mem used 1177MB free 12043MB shm used 0 of 16G
+ sleep 5
+ true
+ date -u +%H:%M:%S
+ free -m
+ awk /Mem:/{print "mem used "$3"MB free "$4"MB"}
+ df -h /dev/shm
+ awk NR==2{print "shm used "$3" of "$2}
+ echo 18:32:55 mem used 1180MB free 12040MB shm used 0 of 16G
18:32:55 mem used 1180MB free 12040MB shm used 0 of 16G
+ sleep 5
+ true
+ date -u +%H:%M:%S
+ free -m
+ awk /Mem:/{print "mem used "$3"MB free "$4"MB"}
+ df -h /dev/shm
+ awk NR==2{print "shm used "$3" of "$2}
+ echo 18:33:00 mem used 1179MB free 12040MB shm used 0 of 16G
18:33:00 mem used 1179MB free 12040MB shm used 0 of 16G
+ sleep 5
+ true
+ date -u +%H:%M:%S
+ free -m
+ awk /Mem:/{print "mem used "$3"MB free "$4"MB"}
+ df -h /dev/shm
+ awk NR==2{print "shm used "$3" of "$2}
+ echo 18:33:05 mem used 1176MB free 12043MB shm used 0 of 16G
18:33:05 mem used 1176MB free 12043MB shm used 0 of 16G
+ sleep 5
+ true
+ date -u +%H:%M:%S
+ free -m
+ awk /Mem:/{print "mem used "$3"MB free "$4"MB"}
+ df -h /dev/shm
+ awk NR==2{print "shm used "$3" of "$2}
+ echo 18:33:10 mem used 1180MB free 12036MB shm used 0 of 16G
18:33:10 mem used 1180MB free 12036MB shm used 0 of 16G
+ sleep 5
+ true
+ date -u +%H:%M:%S
+ free -m
+ awk /Mem:/{print "mem used "$3"MB free "$4"MB"}
+ df -h /dev/shm
+ awk NR==2{print "shm used "$3" of "$2}
+ echo 18:33:15 mem used 1174MB free 12038MB shm used 0 of 16G
18:33:15 mem used 1174MB free 12038MB shm used 0 of 16G
+ sleep 5
+ true
+ date -u +%H:%M:%S
+ free -m
+ awk /Mem:/{print "mem used "$3"MB free "$4"MB"}
+ df -h /dev/shm
+ awk NR==2{print "shm used "$3" of "$2}
+ echo 18:33:20 mem used 1155MB free 12059MB shm used 0 of 16G
18:33:20 mem used 1155MB free 12059MB shm used 0 of 16G
+ sleep 5
+ true
+ date -u +%H:%M:%S
+ free -m
+ awk /Mem:/{print "mem used "$3"MB free "$4"MB"}
+ df -h /dev/shm
+ awk NR==2{print "shm used "$3" of "$2}
+ echo 18:33:25 mem used 1155MB free 12057MB shm used 0 of 16G
18:33:25 mem used 1155MB free 12057MB shm used 0 of 16G
+ sleep 5
+ true
+ date -u +%H:%M:%S
+ free -m
+ awk /Mem:/{print "mem used "$3"MB free "$4"MB"}
+ df -h /dev/shm
+ awk NR==2{print "shm used "$3" of "$2}
+ echo 18:33:30 mem used 1155MB free 12062MB shm used 0 of 16G
18:33:30 mem used 1155MB free 12062MB shm used 0 of 16G
+ sleep 5
+ true
+ date -u +%H:%M:%S
+ free -m
+ awk /Mem:/{print "mem used "$3"MB free "$4"MB"}
+ df -h /dev/shm
+ awk NR==2{print "shm used "$3" of "$2}
+ echo 18:33:35 mem used 1157MB free 12060MB shm used 0 of 16G
18:33:35 mem used 1157MB free 12060MB shm used 0 of 16G
+ sleep 5
+ true
+ date -u +%H:%M:%S
+ free -m
+ awk /Mem:/{print "mem used "$3"MB free "$4"MB"}
+ df -h /dev/shm
+ awk NR==2{print "shm used "$3" of "$2}
+ echo 18:33:40 mem used 1156MB free 12062MB shm used 0 of 16G
18:33:40 mem used 1156MB free 12062MB shm used 0 of 16G
+ sleep 5
+ true
+ date -u +%H:%M:%S
+ free -m
+ awk /Mem:/{print "mem used "$3"MB free "$4"MB"}
+ df -h /dev/shm
+ awk NR==2{print "shm used "$3" of "$2}
+ echo 18:33:45 mem used 1160MB free 12058MB shm used 0 of 16G
18:33:45 mem used 1160MB free 12058MB shm used 0 of 16G
+ sleep 5
+ true
+ date -u +%H:%M:%S
+ free -m
+ awk /Mem:/{print "mem used "$3"MB free "$4"MB"}
+ df -h /dev/shm
+ awk NR==2{print "shm used "$3" of "$2}
+ echo 18:33:50 mem used 1160MB free 12058MB shm used 0 of 16G
18:33:50 mem used 1160MB free 12058MB shm used 0 of 16G
+ sleep 5
+ true
+ date -u +%H:%M:%S
+ free -m
+ awk /Mem:/{print "mem used "$3"MB free "$4"MB"}
+ df -h /dev/shm
+ awk NR==2{print "shm used "$3" of "$2}
+ echo 18:33:55 mem used 1161MB free 12057MB shm used 0 of 16G
18:33:55 mem used 1161MB free 12057MB shm used 0 of 16G
+ sleep 5
+ true
+ date -u +%H:%M:%S
+ free -m
+ awk /Mem:/{print "mem used "$3"MB free "$4"MB"}
+ df -h /dev/shm
+ awk NR==2{print "shm used "$3" of "$2}
+ echo 18:34:00 mem used 1191MB free 12023MB shm used 0 of 16G
18:34:00 mem used 1191MB free 12023MB shm used 0 of 16G
+ sleep 5
+ true
+ date -u +%H:%M:%S
+ free -m
+ awk /Mem:/{print "mem used "$3"MB free "$4"MB"}
+ df -h /dev/shm
+ awk NR==2{print "shm used "$3" of "$2}
+ echo 18:34:05 mem used 1201MB free 12015MB shm used 0 of 16G
18:34:05 mem used 1201MB free 12015MB shm used 0 of 16G
+ sleep 5
+ true
+ date -u +%H:%M:%S
+ free -m
+ awk /Mem:/{print "mem used "$3"MB free "$4"MB"}
+ df -h /dev/shm
+ awk NR==2{print "shm used "$3" of "$2}
+ echo 18:34:10 mem used 1203MB free 12014MB shm used 0 of 16G
18:34:10 mem used 1203MB free 12014MB shm used 0 of 16G
+ sleep 5
+ true
+ date -u +%H:%M:%S
+ free -m
+ awk /Mem:/{print "mem used "$3"MB free "$4"MB"}
+ df -h /dev/shm
+ awk NR==2{print "shm used "$3" of "$2}
+ echo 18:34:15 mem used 1202MB free 12014MB shm used 0 of 16G
18:34:15 mem used 1202MB free 12014MB shm used 0 of 16G
+ sleep 5
+ true
+ date -u +%H:%M:%S
+ free -m
+ awk /Mem:/{print "mem used "$3"MB free "$4"MB"}
+ df -h /dev/shm
+ awk NR==2{print "shm used "$3" of "$2}
+ echo 18:34:20 mem used 1198MB free 12018MB shm used 0 of 16G
18:34:20 mem used 1198MB free 12018MB shm used 0 of 16G
+ sleep 5
+ true
+ date -u +%H:%M:%S
+ free -m
+ awk /Mem:/{print "mem used "$3"MB free "$4"MB"}
+ df -h /dev/shm
+ awk NR==2{print "shm used "$3" of "$2}
+ echo 18:34:25 mem used 1194MB free 12022MB shm used 0 of 16G
18:34:25 mem used 1194MB free 12022MB shm used 0 of 16G
+ sleep 5
+ true
+ date -u +%H:%M:%S
+ free -m
+ awk /Mem:/{print "mem used "$3"MB free "$4"MB"}
+ df -h /dev/shm
+ awk NR==2{print "shm used "$3" of "$2}
+ echo 18:34:30 mem used 1150MB free 12067MB shm used 0 of 16G
18:34:30 mem used 1150MB free 12067MB shm used 0 of 16G
+ sleep 5
+ true
+ date -u +%H:%M:%S
+ free -m
+ awk /Mem:/{print "mem used "$3"MB free "$4"MB"}
+ df -h /dev/shm
+ awk NR==2{print "shm used "$3" of "$2}
+ echo 18:34:35 mem used 1153MB free 12064MB shm used 0 of 16G
18:34:35 mem used 1153MB free 12064MB shm used 0 of 16G
+ sleep 5
+ true
+ date -u +%H:%M:%S
+ free -m
+ awk /Mem:/{print "mem used "$3"MB free "$4"MB"}
+ df -h /dev/shm
+ awk NR==2{print "shm used "$3" of "$2}
+ echo 18:34:40 mem used 1151MB free 12066MB shm used 0 of 16G
18:34:40 mem used 1151MB free 12066MB shm used 0 of 16G
+ sleep 5
+ true
+ date -u +%H:%M:%S
+ + free -mawk
 /Mem:/{print "mem used "$3"MB free "$4"MB"}
+ df -h /dev/shm
+ awk NR==2{print "shm used "$3" of "$2}
+ echo 18:34:45 mem used 1151MB free 12067MB shm used 0 of 16G
18:34:45 mem used 1151MB free 12067MB shm used 0 of 16G
+ sleep 5
+ true
+ date -u +%H:%M:%S
+ free -m
+ awk /Mem:/{print "mem used "$3"MB free "$4"MB"}
+ df -h /dev/shm
+ awk NR==2{print "shm used "$3" of "$2}
+ echo 18:34:50 mem used 1154MB free 12064MB shm used 0 of 16G
18:34:50 mem used 1154MB free 12064MB shm used 0 of 16G
+ sleep 5
+ true
+ date -u +%H:%M:%S
+ free -m
+ awk /Mem:/{print "mem used "$3"MB free "$4"MB"}
+ df -h /dev/shm
+ awk NR==2{print "shm used "$3" of "$2}
+ echo 18:34:55 mem used 1150MB free 12068MB shm used 0 of 16G
18:34:55 mem used 1150MB free 12068MB shm used 0 of 16G
+ sleep 5
+ true
+ date -u +%H:%M:%S
+ free -m
+ awk /Mem:/{print "mem used "$3"MB free "$4"MB"}
+ df -h /dev/shm
+ awk NR==2{print "shm used "$3" of "$2}
+ echo 18:35:00 mem used 1151MB free 12066MB shm used 0 of 16G
18:35:00 mem used 1151MB free 12066MB shm used 0 of 16G
+ sleep 5
+ true
+ date -u +%H:%M:%S
+ free -m
+ awk /Mem:/{print "mem used "$3"MB free "$4"MB"}
+ df -h /dev/shm
+ awk NR==2{print "shm used "$3" of "$2}
+ echo 18:35:05 mem used 1155MB free 12062MB shm used 0 of 16G
18:35:05 mem used 1155MB free 12062MB shm used 0 of 16G
+ sleep 5
+ true
+ date -u +%H:%M:%S
+ free -m
+ awk /Mem:/{print "mem used "$3"MB free "$4"MB"}
+ df -h /dev/shm
+ awk NR==2{print "shm used "$3" of "$2}
+ echo 18:35:10 mem used 1148MB free 12069MB shm used 0 of 16G
18:35:10 mem used 1148MB free 12069MB shm used 0 of 16G
+ sleep 5
+ true
+ date -u +%H:%M:%S
+ free -m
+ awk /Mem:/{print "mem used "$3"MB free "$4"MB"}
+ df -h /dev/shm
+ awk NR==2{print "shm used "$3" of "$2}
+ echo 18:35:15 mem used 1148MB free 12068MB shm used 0 of 16G
18:35:15 mem used 1148MB free 12068MB shm used 0 of 16G
+ sleep 5
+ true
+ date -u +%H:%M:%S
+ free -m
+ awk /Mem:/{print "mem used "$3"MB free "$4"MB"}
+ df -h /dev/shm
+ awk NR==2{print "shm used "$3" of "$2}
+ echo 18:35:20 mem used 1149MB free 12067MB shm used 0 of 16G
18:35:20 mem used 1149MB free 12067MB shm used 0 of 16G
+ sleep 5
+ true
+ date -u +%H:%M:%S
+ free -m
+ awk /Mem:/{print "mem used "$3"MB free "$4"MB"}
+ df -h /dev/shm
+ awk NR==2{print "shm used "$3" of "$2}
+ echo 18:35:25 mem used 1146MB free 12070MB shm used 0 of 16G
18:35:25 mem used 1146MB free 12070MB shm used 0 of 16G
+ sleep 5
+ true
+ date -u +%H:%M:%S
+ free -m
+ awk /Mem:/{print "mem used "$3"MB free "$4"MB"}
+ df -h /dev/shm
+ awk NR==2{print "shm used "$3" of "$2}
+ echo 18:35:30 mem used 1146MB free 12070MB shm used 0 of 16G
18:35:30 mem used 1146MB free 12070MB shm used 0 of 16G
+ sleep 5
+ true
+ date -u +%H:%M:%S
+ free -m
+ awk /Mem:/{print "mem used "$3"MB free "$4"MB"}
+ df -h /dev/shm
+ awk NR==2{print "shm used "$3" of "$2}
+ echo 18:35:35 mem used 1145MB free 12071MB shm used 0 of 16G
18:35:35 mem used 1145MB free 12071MB shm used 0 of 16G
+ sleep 5
+ true
+ date -u +%H:%M:%S
+ free -m
+ awk /Mem:/{print "mem used "$3"MB free "$4"MB"}
+ df -h /dev/shm
+ awk NR==2{print "shm used "$3" of "$2}
+ echo 18:35:40 mem used 1145MB free 12071MB shm used 0 of 16G
18:35:40 mem used 1145MB free 12071MB shm used 0 of 16G
+ sleep 5
+ true
+ date -u +%H:%M:%S
+ free -m
+ awk /Mem:/{print "mem used "$3"MB free "$4"MB"}
+ df -h /dev/shm
+ awk NR==2{print "shm used "$3" of "$2}
+ echo 18:35:45 mem used 1146MB free 12070MB shm used 0 of 16G
18:35:45 mem used 1146MB free 12070MB shm used 0 of 16G
+ sleep 5
+ true
+ date -u +%H:%M:%S
+ free -m
+ awk /Mem:/{print "mem used "$3"MB free "$4"MB"}
+ df -h /dev/shm
+ awk NR==2{print "shm used "$3" of "$2}
+ echo 18:35:50 mem used 1153MB free 12056MB shm used 0 of 16G
18:35:50 mem used 1153MB free 12056MB shm used 0 of 16G
+ sleep 5
+ true
+ date -u +%H:%M:%S
+ free -m
+ awk /Mem:/{print "mem used "$3"MB free "$4"MB"}
+ df -h /dev/shm
+ awk NR==2{print "shm used "$3" of "$2}
+ echo 18:35:55 mem used 1156MB free 12059MB shm used 0 of 16G
18:35:55 mem used 1156MB free 12059MB shm used 0 of 16G
+ sleep 5
+ true
+ date -u +%H:%M:%S
+ free -m
+ awk /Mem:/{print "mem used "$3"MB free "$4"MB"}
+ df -h /dev/shm
+ awk NR==2{print "shm used "$3" of "$2}
+ echo 18:36:00 mem used 1153MB free 12059MB shm used 0 of 16G
18:36:00 mem used 1153MB free 12059MB shm used 0 of 16G
+ sleep 5
+ true
+ date -u +%H:%M:%S
+ free -m
+ awk /Mem:/{print "mem used "$3"MB free "$4"MB"}
+ df -h /dev/shm
+ awk NR==2{print "shm used "$3" of "$2}
+ echo 18:36:05 mem used 1157MB free 12058MB shm used 0 of 16G
18:36:05 mem used 1157MB free 12058MB shm used 0 of 16G
+ sleep 5
+ true
+ date -u +%H:%M:%S
+ free -m
+ awk /Mem:/{print "mem used "$3"MB free "$4"MB"}
+ df -h /dev/shm
+ awk NR==2{print "shm used "$3" of "$2}
+ echo 18:36:10 mem used 1159MB free 12057MB shm used 0 of 16G
18:36:10 mem used 1159MB free 12057MB shm used 0 of 16G
+ sleep 5
+ true
+ date -u +%H:%M:%S
+ free -m
+ awk /Mem:/{print "mem used "$3"MB free "$4"MB"}
+ df -h /dev/shm
+ awk NR==2{print "shm used "$3" of "$2}
+ echo 18:36:15 mem used 1160MB free 12055MB shm used 0 of 16G
18:36:15 mem used 1160MB free 12055MB shm used 0 of 16G
+ sleep 5
+ true
+ date -u +%H:%M:%S
+ free -m
+ awk /Mem:/{print "mem used "$3"MB free "$4"MB"}
+ df -h /dev/shm
+ awk NR==2{print "shm used "$3" of "$2}
+ echo 18:36:20 mem used 1161MB free 12059MB shm used 0 of 16G
18:36:20 mem used 1161MB free 12059MB shm used 0 of 16G
+ sleep 5
+ true
+ date -u +%H:%M:%S
+ free -m
+ awk /Mem:/{print "mem used "$3"MB free "$4"MB"}
+ df -h /dev/shm
+ awk NR==2{print "shm used "$3" of "$2}
+ echo 18:36:25 mem used 1159MB free 12061MB shm used 0 of 16G
18:36:25 mem used 1159MB free 12061MB shm used 0 of 16G
+ sleep 5
+ true
+ date -u +%H:%M:%S
+ free -m
+ awk /Mem:/{print "mem used "$3"MB free "$4"MB"}
+ df -h /dev/shm
+ awk NR==2{print "shm used "$3" of "$2}
+ echo 18:36:30 mem used 1157MB free 12062MB shm used 0 of 16G
18:36:30 mem used 1157MB free 12062MB shm used 0 of 16G
+ sleep 5
+ true
+ date -u +%H:%M:%S
+ free -m
+ awk /Mem:/{print "mem used "$3"MB free "$4"MB"}
+ df -h /dev/shm
+ awk NR==2{print "shm used "$3" of "$2}
+ echo 18:36:35 mem used 1154MB free 12058MB shm used 0 of 16G
18:36:35 mem used 1154MB free 12058MB shm used 0 of 16G
+ sleep 5
+ true
+ date -u +%H:%M:%S
+ free -m
+ awk /Mem:/{print "mem used "$3"MB free "$4"MB"}
+ df -h /dev/shm
+ awk NR==2{print "shm used "$3" of "$2}
+ echo 18:36:40 mem used 1154MB free 12058MB shm used 0 of 16G
18:36:40 mem used 1154MB free 12058MB shm used 0 of 16G
+ sleep 5
+ true
+ date -u +%H:%M:%S
+ free -m
+ awk /Mem:/{print "mem used "$3"MB free "$4"MB"}
+ df -h /dev/shm
+ awk NR==2{print "shm used "$3" of "$2}
+ echo 18:36:45 mem used 1159MB free 12059MB shm used 0 of 16G
18:36:45 mem used 1159MB free 12059MB shm used 0 of 16G
+ sleep 5
+ true
+ date -u +%H:%M:%S
+ free -m
+ awk /Mem:/{print "mem used "$3"MB free "$4"MB"}
+ df -h /dev/shm
+ awk NR==2{print "shm used "$3" of "$2}
+ echo 18:36:50 mem used 1152MB free 12062MB shm used 0 of 16G
18:36:50 mem used 1152MB free 12062MB shm used 0 of 16G
+ sleep 5
+ true
+ date -u +%H:%M:%S
+ free -m
+ awk /Mem:/{print "mem used "$3"MB free "$4"MB"}
+ df -h /dev/shm
+ awk NR==2{print "shm used "$3" of "$2}
+ echo 18:36:55 mem used 1153MB free 12066MB shm used 0 of 16G
18:36:55 mem used 1153MB free 12066MB shm used 0 of 16G
+ sleep 5
+ true
+ date -u +%H:%M:%S
+ free -m
+ awk /Mem:/{print "mem used "$3"MB free "$4"MB"}
+ df -h /dev/shm
+ awk NR==2{print "shm used "$3" of "$2}
+ echo 18:37:00 mem used 1158MB free 12059MB shm used 0 of 16G
18:37:00 mem used 1158MB free 12059MB shm used 0 of 16G
+ sleep 5
+ true
+ date -u +%H:%M:%S
+ free -m
+ awk /Mem:/{print "mem used "$3"MB free "$4"MB"}
+ df -h /dev/shm
+ awk NR==2{print "shm used "$3" of "$2}
+ echo 18:37:05 mem used 1157MB free 12058MB shm used 0 of 16G
18:37:05 mem used 1157MB free 12058MB shm used 0 of 16G
+ sleep 5
+ true
+ date -u +%H:%M:%S
+ free -m
+ awk /Mem:/{print "mem used "$3"MB free "$4"MB"}
+ df -h /dev/shm
+ awk NR==2{print "shm used "$3" of "$2}
+ echo 18:37:10 mem used 1162MB free 12055MB shm used 0 of 16G
18:37:10 mem used 1162MB free 12055MB shm used 0 of 16G
+ sleep 5
+ true
+ date -u +%H:%M:%S
+ free -m
+ awk /Mem:/{print "mem used "$3"MB free "$4"MB"}
+ df -h /dev/shm
+ awk NR==2{print "shm used "$3" of "$2}
+ echo 18:37:15 mem used 1148MB free 12068MB shm used 0 of 16G
18:37:15 mem used 1148MB free 12068MB shm used 0 of 16G
+ sleep 5
+ true
+ date -u +%H:%M:%S
+ free -m
+ awk /Mem:/{print "mem used "$3"MB free "$4"MB"}
+ df -h /dev/shm
+ awk NR==2{print "shm used "$3" of "$2}
+ echo 18:37:20 mem used 1145MB free 12071MB shm used 0 of 16G
18:37:20 mem used 1145MB free 12071MB shm used 0 of 16G
+ sleep 5
+ true
+ date -u +%H:%M:%S
+ free -m
+ awk /Mem:/{print "mem used "$3"MB free "$4"MB"}
+ df -h /dev/shm
+ awk NR==2{print "shm used "$3" of "$2}
+ echo 18:37:25 mem used 1141MB free 12075MB shm used 0 of 16G
18:37:25 mem used 1141MB free 12075MB shm used 0 of 16G
+ sleep 5
+ true
+ date -u +%H:%M:%S
+ free -m
+ awk /Mem:/{print "mem used "$3"MB free "$4"MB"}
+ df -h /dev/shm
+ awk NR==2{print "shm used "$3" of "$2}
+ echo 18:37:30 mem used 1147MB free 12070MB shm used 0 of 16G
18:37:30 mem used 1147MB free 12070MB shm used 0 of 16G
+ sleep 5
+ true
+ date -u +%H:%M:%S
+ free -m
+ awk /Mem:/{print "mem used "$3"MB free "$4"MB"}
+ df -h /dev/shm
+ awk NR==2{print "shm used "$3" of "$2}
+ echo 18:37:36 mem used 1141MB free 12075MB shm used 0 of 16G
18:37:36 mem used 1141MB free 12075MB shm used 0 of 16G
+ sleep 5
+ true
+ date -u +%H:%M:%S
+ free -m
+ awk /Mem:/{print "mem used "$3"MB free "$4"MB"}
+ df -h /dev/shm
+ awk NR==2{print "shm used "$3" of "$2}
+ echo 18:37:41 mem used 1145MB free 12071MB shm used 0 of 16G
18:37:41 mem used 1145MB free 12071MB shm used 0 of 16G
+ sleep 5
+ true
+ date -u +%H:%M:%S
+ free -m
+ awk /Mem:/{print "mem used "$3"MB free "$4"MB"}
+ df -h /dev/shm
+ awk NR==2{print "shm used "$3" of "$2}
+ echo 18:37:46 mem used 1144MB free 12072MB shm used 0 of 16G
18:37:46 mem used 1144MB free 12072MB shm used 0 of 16G
+ sleep 5
+ true
+ date -u +%H:%M:%S
+ free -m
+ awk /Mem:/{print "mem used "$3"MB free "$4"MB"}
+ df -h /dev/shm
+ awk NR==2{print "shm used "$3" of "$2}
+ echo 18:37:51 mem used 1142MB free 12074MB shm used 0 of 16G
18:37:51 mem used 1142MB free 12074MB shm used 0 of 16G
+ sleep 5
+ true
+ date -u +%H:%M:%S
+ free -m
+ awk /Mem:/{print "mem used "$3"MB free "$4"MB"}
+ df -h /dev/shm
+ awk NR==2{print "shm used "$3" of "$2}
+ echo 18:37:56 mem used 1147MB free 12070MB shm used 0 of 16G
18:37:56 mem used 1147MB free 12070MB shm used 0 of 16G
+ sleep 5
+ true
+ date -u +%H:%M:%S
+ free -m
+ awk /Mem:/{print "mem used "$3"MB free "$4"MB"}
+ df -h /dev/shm
+ awk NR==2{print "shm used "$3" of "$2}
+ echo 18:38:01 mem used 1148MB free 12069MB shm used 0 of 16G
18:38:01 mem used 1148MB free 12069MB shm used 0 of 16G
+ sleep 5
+ true
+ date -u +%H:%M:%S
+ free -m
+ awk /Mem:/{print "mem used "$3"MB free "$4"MB"}
+ df -h /dev/shm
+ awk NR==2{print "shm used "$3" of "$2}
+ echo 18:38:06 mem used 1146MB free 12070MB shm used 0 of 16G
18:38:06 mem used 1146MB free 12070MB shm used 0 of 16G
+ sleep 5
+ true
+ date -u +%H:%M:%S
+ free -m
+ awk /Mem:/{print "mem used "$3"MB free "$4"MB"}
+ df -h /dev/shm
+ awk NR==2{print "shm used "$3" of "$2}
+ echo 18:38:11 mem used 1142MB free 12074MB shm used 0 of 16G
18:38:11 mem used 1142MB free 12074MB shm used 0 of 16G
+ sleep 5
+ true
+ date -u +%H:%M:%S
+ free -m
+ awk /Mem:/{print "mem used "$3"MB free "$4"MB"}
+ df -h /dev/shm
+ awk NR==2{print "shm used "$3" of "$2}
+ echo 18:38:16 mem used 1146MB free 12070MB shm used 0 of 16G
18:38:16 mem used 1146MB free 12070MB shm used 0 of 16G
+ sleep 5
+ true
+ date -u +%H:%M:%S
+ free -m
+ awk /Mem:/{print "mem used "$3"MB free "$4"MB"}
+ df -h /dev/shm
+ awk NR==2{print "shm used "$3" of "$2}
+ echo 18:38:21 mem used 1142MB free 12074MB shm used 0 of 16G
18:38:21 mem used 1142MB free 12074MB shm used 0 of 16G
+ sleep 5
+ true
+ date -u +%H:%M:%S
+ free -m
+ awk /Mem:/{print "mem used "$3"MB free "$4"MB"}
+ df -h /dev/shm
+ awk NR==2{print "shm used "$3" of "$2}
+ echo 18:38:26 mem used 1143MB free 12072MB shm used 0 of 16G
18:38:26 mem used 1143MB free 12072MB shm used 0 of 16G
+ sleep 5
+ true
+ date -u +%H:%M:%S
+ free -m
+ awk /Mem:/{print "mem used "$3"MB free "$4"MB"}
+ df -h /dev/shm
+ awk NR==2{print "shm used "$3" of "$2}
+ echo 18:38:31 mem used 1143MB free 12072MB shm used 0 of 16G
18:38:31 mem used 1143MB free 12072MB shm used 0 of 16G
+ sleep 5
+ true
+ date -u +%H:%M:%S
+ + awk /Mem:/{print "mem used "$3"MB free "$4"MB"}
free -m
+ df -h /dev/shm
+ awk NR==2{print "shm used "$3" of "$2}
+ echo 18:38:36 mem used 1145MB free 12069MB shm used 0 of 16G
18:38:36 mem used 1145MB free 12069MB shm used 0 of 16G
+ sleep 5
+ true
+ date -u +%H:%M:%S
+ free -m
+ awk /Mem:/{print "mem used "$3"MB free "$4"MB"}
+ df -h /dev/shm
+ awk NR==2{print "shm used "$3" of "$2}
+ echo 18:38:41 mem used 1150MB free 12065MB shm used 0 of 16G
18:38:41 mem used 1150MB free 12065MB shm used 0 of 16G
+ sleep 5
+ true
+ date -u +%H:%M:%S
+ free -m
+ awk /Mem:/{print "mem used "$3"MB free "$4"MB"}
+ df -h /dev/shm
+ awk NR==2{print "shm used "$3" of "$2}
+ echo 18:38:46 mem used 1153MB free 12061MB shm used 0 of 16G
18:38:46 mem used 1153MB free 12061MB shm used 0 of 16G
+ sleep 5
+ true
+ date -u +%H:%M:%S
+ free -m
+ awk /Mem:/{print "mem used "$3"MB free "$4"MB"}
+ df -h /dev/shm
+ awk NR==2{print "shm used "$3" of "$2}
+ echo 18:38:51 mem used 1147MB free 12068MB shm used 0 of 16G
18:38:51 mem used 1147MB free 12068MB shm used 0 of 16G
+ sleep 5
+ true
+ date -u +%H:%M:%S
+ free -m
+ awk /Mem:/{print "mem used "$3"MB free "$4"MB"}
+ df -h /dev/shm
+ awk NR==2{print "shm used "$3" of "$2}
+ echo 18:38:56 mem used 1148MB free 12067MB shm used 0 of 16G
18:38:56 mem used 1148MB free 12067MB shm used 0 of 16G
+ sleep 5
+ true
+ date -u +%H:%M:%S
+ free -m
+ awk /Mem:/{print "mem used "$3"MB free "$4"MB"}
+ df -h /dev/shm
+ awk NR==2{print "shm used "$3" of "$2}
+ echo 18:39:01 mem used 1148MB free 12066MB shm used 0 of 16G
18:39:01 mem used 1148MB free 12066MB shm used 0 of 16G
+ sleep 5
+ true
+ date -u +%H:%M:%S
+ free -m
+ awk /Mem:/{print "mem used "$3"MB free "$4"MB"}
+ df -h /dev/shm
+ awk NR==2{print "shm used "$3" of "$2}
+ echo 18:39:06 mem used 1146MB free 12068MB shm used 0 of 16G
18:39:06 mem used 1146MB free 12068MB shm used 0 of 16G
+ sleep 5
+ true
+ date -u +%H:%M:%S
+ free -m
+ awk /Mem:/{print "mem used "$3"MB free "$4"MB"}
+ df -h /dev/shm
+ awk NR==2{print "shm used "$3" of "$2}
+ echo 18:39:11 mem used 1149MB free 12066MB shm used 0 of 16G
18:39:11 mem used 1149MB free 12066MB shm used 0 of 16G
+ sleep 5
+ true
+ date -u +%H:%M:%S
+ free -m
+ awk /Mem:/{print "mem used "$3"MB free "$4"MB"}
+ df -h /dev/shm
+ awk NR==2{print "shm used "$3" of "$2}
+ echo 18:39:16 mem used 1146MB free 12069MB shm used 0 of 16G
18:39:16 mem used 1146MB free 12069MB shm used 0 of 16G
+ sleep 5
+ true
+ date -u +%H:%M:%S
+ free -m
+ awk /Mem:/{print "mem used "$3"MB free "$4"MB"}
+ df -h /dev/shm
+ awk NR==2{print "shm used "$3" of "$2}
+ echo 18:39:21 mem used 1150MB free 12058MB shm used 0 of 16G
18:39:21 mem used 1150MB free 12058MB shm used 0 of 16G
+ sleep 5
+ true
+ date -u +%H:%M:%S
+ free -m
+ awk /Mem:/{print "mem used "$3"MB free "$4"MB"}
+ df -h /dev/shm
+ awk NR==2{print "shm used "$3" of "$2}
+ echo 18:39:26 mem used 1150MB free 12057MB shm used 0 of 16G
18:39:26 mem used 1150MB free 12057MB shm used 0 of 16G
+ sleep 5
+ true
+ date -u +%H:%M:%S
+ free -m
+ awk /Mem:/{print "mem used "$3"MB free "$4"MB"}
+ df -h /dev/shm
+ awk NR==2{print "shm used "$3" of "$2}
+ echo 18:39:31 mem used 1154MB free 12059MB shm used 0 of 16G
18:39:31 mem used 1154MB free 12059MB shm used 0 of 16G
+ sleep 5
+ true
+ date -u +%H:%M:%S
+ free -m
+ awk /Mem:/{print "mem used "$3"MB free "$4"MB"}
+ df -h /dev/shm
+ awk NR==2{print "shm used "$3" of "$2}
+ echo 18:39:36 mem used 1152MB free 12061MB shm used 0 of 16G
18:39:36 mem used 1152MB free 12061MB shm used 0 of 16G
+ sleep 5
+ true
+ date -u +%H:%M:%S
+ free -m
+ awk /Mem:/{print "mem used "$3"MB free "$4"MB"}
+ df -h /dev/shm
+ awk NR==2{print "shm used "$3" of "$2}
+ echo 18:39:41 mem used 1150MB free 12063MB shm used 0 of 16G
18:39:41 mem used 1150MB free 12063MB shm used 0 of 16G
+ sleep 5
+ true
+ date -u +%H:%M:%S
+ free -m
+ awk /Mem:/{print "mem used "$3"MB free "$4"MB"}
+ df -h /dev/shm
+ awk NR==2{print "shm used "$3" of "$2}
+ echo 18:39:46 mem used 1151MB free 12062MB shm used 0 of 16G
18:39:46 mem used 1151MB free 12062MB shm used 0 of 16G
+ sleep 5
+ true
+ date -u +%H:%M:%S
+ free -m
+ awk /Mem:/{print "mem used "$3"MB free "$4"MB"}
+ df -h /dev/shm
+ awk NR==2{print "shm used "$3" of "$2}
+ echo 18:39:51 mem used 1154MB free 12059MB shm used 0 of 16G
18:39:51 mem used 1154MB free 12059MB shm used 0 of 16G
+ sleep 5
+ true
+ date -u +%H:%M:%S
+ free -m
+ awk /Mem:/{print "mem used "$3"MB free "$4"MB"}
+ df -h /dev/shm
+ awk NR==2{print "shm used "$3" of "$2}
+ echo 18:39:56 mem used 1152MB free 12061MB shm used 0 of 16G
18:39:56 mem used 1152MB free 12061MB shm used 0 of 16G
+ sleep 5
+ true
+ date -u +%H:%M:%S
+ free -m
+ awk /Mem:/{print "mem used "$3"MB free "$4"MB"}
+ df -h /dev/shm
+ awk NR==2{print "shm used "$3" of "$2}
+ echo 18:40:01 mem used 1149MB free 12064MB shm used 0 of 16G
18:40:01 mem used 1149MB free 12064MB shm used 0 of 16G
+ sleep 5
+ true
+ date -u +%H:%M:%S
+ free -m
+ awk /Mem:/{print "mem used "$3"MB free "$4"MB"}
+ df -h /dev/shm
+ awk NR==2{print "shm used "$3" of "$2}
+ echo 18:40:06 mem used 1149MB free 12064MB shm used 0 of 16G
18:40:06 mem used 1149MB free 12064MB shm used 0 of 16G
+ sleep 5
+ true
+ date -u +%H:%M:%S
+ free -m
+ awk /Mem:/{print "mem used "$3"MB free "$4"MB"}
+ df -h /dev/shm
+ awk NR==2{print "shm used "$3" of "$2}
+ echo 18:40:11 mem used 1152MB free 12061MB shm used 0 of 16G
18:40:11 mem used 1152MB free 12061MB shm used 0 of 16G
+ sleep 5
+ true
+ date -u +%H:%M:%S
+ free -m
+ awk /Mem:/{print "mem used "$3"MB free "$4"MB"}
+ df -h /dev/shm
+ awk NR==2{print "shm used "$3" of "$2}
+ echo 18:40:16 mem used 1160MB free 12053MB shm used 0 of 16G
18:40:16 mem used 1160MB free 12053MB shm used 0 of 16G
+ sleep 5
+ true
+ date -u +%H:%M:%S
+ free -m
+ awk /Mem:/{print "mem used "$3"MB free "$4"MB"}
+ df -h /dev/shm
+ awk NR==2{print "shm used "$3" of "$2}
+ echo 18:40:21 mem used 1165MB free 12051MB shm used 0 of 16G
18:40:21 mem used 1165MB free 12051MB shm used 0 of 16G
+ sleep 5
+ true
+ date -u +%H:%M:%S
+ free -m
+ awk /Mem:/{print "mem used "$3"MB free "$4"MB"}
+ df -h /dev/shm
+ awk NR==2{print "shm used "$3" of "$2}
+ echo 18:40:26 mem used 1160MB free 12056MB shm used 0 of 16G
18:40:26 mem used 1160MB free 12056MB shm used 0 of 16G
+ sleep 5
+ true
+ date -u +%H:%M:%S
+ free -m
+ awk /Mem:/{print "mem used "$3"MB free "$4"MB"}
+ df -h /dev/shm
+ awk NR==2{print "shm used "$3" of "$2}
+ echo 18:40:31 mem used 1153MB free 12063MB shm used 0 of 16G
18:40:31 mem used 1153MB free 12063MB shm used 0 of 16G
+ sleep 5
+ true
+ date -u +%H:%M:%S
+ free -m
+ awk /Mem:/{print "mem used "$3"MB free "$4"MB"}
+ df -h /dev/shm
+ awk NR==2{print "shm used "$3" of "$2}
+ echo 18:40:36 mem used 1154MB free 12062MB shm used 0 of 16G
18:40:36 mem used 1154MB free 12062MB shm used 0 of 16G
+ sleep 5
+ true
+ date -u +%H:%M:%S
+ free -m
+ awk /Mem:/{print "mem used "$3"MB free "$4"MB"}
+ df -h /dev/shm
+ awk NR==2{print "shm used "$3" of "$2}
+ echo 18:40:41 mem used 1159MB free 12057MB shm used 0 of 16G
18:40:41 mem used 1159MB free 12057MB shm used 0 of 16G
+ sleep 5
+ true
+ date -u +%H:%M:%S
+ free -m
+ awk /Mem:/{print "mem used "$3"MB free "$4"MB"}
+ df -h /dev/shm
+ awk NR==2{print "shm used "$3" of "$2}
+ echo 18:40:46 mem used 1176MB free 12040MB shm used 0 of 16G
18:40:46 mem used 1176MB free 12040MB shm used 0 of 16G
+ sleep 5
+ true
+ date -u +%H:%M:%S
+ free -m
+ awk /Mem:/{print "mem used "$3"MB free "$4"MB"}
+ df -h /dev/shm
+ awk NR==2{print "shm used "$3" of "$2}
+ echo 18:40:51 mem used 1171MB free 12045MB shm used 0 of 16G
18:40:51 mem used 1171MB free 12045MB shm used 0 of 16G
+ sleep 5
+ true
+ date -u +%H:%M:%S
+ free -m
+ awk /Mem:/{print "mem used "$3"MB free "$4"MB"}
+ df -h /dev/shm
+ awk NR==2{print "shm used "$3" of "$2}
+ echo 18:40:56 mem used 1170MB free 12046MB shm used 0 of 16G
18:40:56 mem used 1170MB free 12046MB shm used 0 of 16G
+ sleep 5
+ true
+ date -u +%H:%M:%S
+ free -m
+ awk /Mem:/{print "mem used "$3"MB free "$4"MB"}
+ df -h /dev/shm
+ awk NR==2{print "shm used "$3" of "$2}
+ echo 18:41:01 mem used 1175MB free 12041MB shm used 0 of 16G
18:41:01 mem used 1175MB free 12041MB shm used 0 of 16G
+ sleep 5
+ true
+ date -u +%H:%M:%S
+ free -m
+ awk /Mem:/{print "mem used "$3"MB free "$4"MB"}
+ df -h /dev/shm
+ awk NR==2{print "shm used "$3" of "$2}
+ echo 18:41:06 mem used 1171MB free 12045MB shm used 0 of 16G
18:41:06 mem used 1171MB free 12045MB shm used 0 of 16G
+ sleep 5
+ true
+ date -u +%H:%M:%S
+ free -m
+ awk /Mem:/{print "mem used "$3"MB free "$4"MB"}
+ df -h /dev/shm
+ awk NR==2{print "shm used "$3" of "$2}
+ echo 18:41:11 mem used 1156MB free 12054MB shm used 0 of 16G
18:41:11 mem used 1156MB free 12054MB shm used 0 of 16G
+ sleep 5
+ true
+ date -u +%H:%M:%S
+ free -m
+ awk /Mem:/{print "mem used "$3"MB free "$4"MB"}
+ df -h /dev/shm
+ awk NR==2{print "shm used "$3" of "$2}
+ echo 18:41:16 mem used 1253MB free 11952MB shm used 0 of 16G
18:41:16 mem used 1253MB free 11952MB shm used 0 of 16G
+ sleep 5
+ true
+ date -u +%H:%M:%S
+ free -m
+ awk /Mem:/{print "mem used "$3"MB free "$4"MB"}
+ df -h /dev/shm
+ awk NR==2{print "shm used "$3" of "$2}
+ echo 18:41:21 mem used 1220MB free 11982MB shm used 0 of 16G
18:41:21 mem used 1220MB free 11982MB shm used 0 of 16G
+ sleep 5
+ true
+ date -u +%H:%M:%S
+ free -m
+ awk /Mem:/{print "mem used "$3"MB free "$4"MB"}
+ df -h /dev/shm
+ awk NR==2{print "shm used "$3" of "$2}
+ echo 18:41:26 mem used 1229MB free 11975MB shm used 0 of 16G
18:41:26 mem used 1229MB free 11975MB shm used 0 of 16G
+ sleep 5
+ true
+ date -u +%H:%M:%S
+ free -m
+ awk /Mem:/{print "mem used "$3"MB free "$4"MB"}
+ df -h /dev/shm
+ awk NR==2{print "shm used "$3" of "$2}
+ echo 18:41:31 mem used 1236MB free 11970MB shm used 0 of 16G
18:41:31 mem used 1236MB free 11970MB shm used 0 of 16G
+ sleep 5
+ true
+ date -u +%H:%M:%S
+ free -m
+ awk /Mem:/{print "mem used "$3"MB free "$4"MB"}
+ df -h /dev/shm
+ awk NR==2{print "shm used "$3" of "$2}
+ echo 18:41:36 mem used 1247MB free 11963MB shm used 0 of 16G
18:41:36 mem used 1247MB free 11963MB shm used 0 of 16G
+ sleep 5
+ true
+ date -u +%H:%M:%S
+ free -m
+ awk /Mem:/{print "mem used "$3"MB free "$4"MB"}
+ df -h /dev/shm
+ awk NR==2{print "shm used "$3" of "$2}
+ echo 18:41:41 mem used 1253MB free 11957MB shm used 0 of 16G
18:41:41 mem used 1253MB free 11957MB shm used 0 of 16G
+ sleep 5
+ true
+ date -u +%H:%M:%S
+ free -m
+ awk /Mem:/{print "mem used "$3"MB free "$4"MB"}
+ df -h /dev/shm
+ awk NR==2{print "shm used "$3" of "$2}
+ echo 18:41:46 mem used 1166MB free 12045MB shm used 0 of 16G
18:41:46 mem used 1166MB free 12045MB shm used 0 of 16G
+ sleep 5
+ true
+ date -u +%H:%M:%S
+ free -m
+ awk /Mem:/{print "mem used "$3"MB free "$4"MB"}
+ df -h /dev/shm
+ awk NR==2{print "shm used "$3" of "$2}
+ echo 18:41:51 mem used 1167MB free 12045MB shm used 0 of 16G
18:41:51 mem used 1167MB free 12045MB shm used 0 of 16G
+ sleep 5
+ true
+ date -u +%H:%M:%S
+ free -m
+ awk /Mem:/{print "mem used "$3"MB free "$4"MB"}
+ df -h /dev/shm
+ awk NR==2{print "shm used "$3" of "$2}
+ echo 18:41:56 mem used 1159MB free 12052MB shm used 0 of 16G
18:41:56 mem used 1159MB free 12052MB shm used 0 of 16G
+ sleep 5
+ true
+ date -u +%H:%M:%S
+ free -m
+ awk /Mem:/{print "mem used "$3"MB free "$4"MB"}
+ df -h /dev/shm
+ awk NR==2{print "shm used "$3" of "$2}
+ echo 18:42:01 mem used 1159MB free 12052MB shm used 0 of 16G
18:42:01 mem used 1159MB free 12052MB shm used 0 of 16G
+ sleep 5
+ true
+ date -u +%H:%M:%S
+ free -m
+ awk /Mem:/{print "mem used "$3"MB free "$4"MB"}
+ df -h /dev/shm
+ awk NR==2{print "shm used "$3" of "$2}
+ echo 18:42:06 mem used 1157MB free 12054MB shm used 0 of 16G
18:42:06 mem used 1157MB free 12054MB shm used 0 of 16G
+ sleep 5
+ true
+ date -u +%H:%M:%S
+ free -m
+ awk /Mem:/{print "mem used "$3"MB free "$4"MB"}
+ df -h /dev/shm
+ awk NR==2{print "shm used "$3" of "$2}
+ echo 18:42:11 mem used 1155MB free 12056MB shm used 0 of 16G
18:42:11 mem used 1155MB free 12056MB shm used 0 of 16G
+ sleep 5
+ true
+ date -u +%H:%M:%S
+ free -m
+ awk /Mem:/{print "mem used "$3"MB free "$4"MB"}
+ df -h /dev/shm
+ awk NR==2{print "shm used "$3" of "$2}
+ echo 18:42:16 mem used 1156MB free 12055MB shm used 0 of 16G
18:42:16 mem used 1156MB free 12055MB shm used 0 of 16G
+ sleep 5
+ true
+ date -u +%H:%M:%S
+ free -m
+ awk /Mem:/{print "mem used "$3"MB free "$4"MB"}
+ df -h /dev/shm
+ awk NR==2{print "shm used "$3" of "$2}
+ echo 18:42:21 mem used 1157MB free 12054MB shm used 0 of 16G
18:42:21 mem used 1157MB free 12054MB shm used 0 of 16G
+ sleep 5
+ true
+ date -u +%H:%M:%S
+ free -m
+ awk /Mem:/{print "mem used "$3"MB free "$4"MB"}
+ df -h /dev/shm
+ awk NR==2{print "shm used "$3" of "$2}
+ echo 18:42:26 mem used 1154MB free 12055MB shm used 0 of 16G
18:42:26 mem used 1154MB free 12055MB shm used 0 of 16G
+ sleep 5
+ true
+ date -u +%H:%M:%S
+ free -m
+ awk /Mem:/{print "mem used "$3"MB free "$4"MB"}
+ df -h /dev/shm
+ awk NR==2{print "shm used "$3" of "$2}
+ echo 18:42:31 mem used 1161MB free 12049MB shm used 0 of 16G
18:42:31 mem used 1161MB free 12049MB shm used 0 of 16G
+ sleep 5
+ true
+ date -u +%H:%M:%S
+ free -m
+ awk /Mem:/{print "mem used "$3"MB free "$4"MB"}
+ df -h /dev/shm
+ awk NR==2{print "shm used "$3" of "$2}
+ echo 18:42:36 mem used 1159MB free 12051MB shm used 0 of 16G
18:42:36 mem used 1159MB free 12051MB shm used 0 of 16G
+ sleep 5
+ true
+ date -u +%H:%M:%S
+ free -m
+ awk /Mem:/{print "mem used "$3"MB free "$4"MB"}
+ df -h /dev/shm
+ awk NR==2{print "shm used "$3" of "$2}
+ echo 18:42:41 mem used 1159MB free 12050MB shm used 0 of 16G
18:42:41 mem used 1159MB free 12050MB shm used 0 of 16G
+ sleep 5
+ true
+ date -u +%H:%M:%S
+ free -m
+ awk /Mem:/{print "mem used "$3"MB free "$4"MB"}
+ df -h /dev/shm
+ awk NR==2{print "shm used "$3" of "$2}
+ echo 18:42:46 mem used 1156MB free 12053MB shm used 0 of 16G
18:42:46 mem used 1156MB free 12053MB shm used 0 of 16G
+ sleep 5
+ true
+ date -u +%H:%M:%S
+ free -m
+ awk /Mem:/{print "mem used "$3"MB free "$4"MB"}
+ df -h /dev/shm
+ awk NR==2{print "shm used "$3" of "$2}
+ echo 18:42:51 mem used 1162MB free 12042MB shm used 0 of 16G
18:42:51 mem used 1162MB free 12042MB shm used 0 of 16G
+ sleep 5
+ true
+ date -u +%H:%M:%S
+ free -m
+ awk /Mem:/{print "mem used "$3"MB free "$4"MB"}
+ df -h /dev/shm
+ awk NR==2{print "shm used "$3" of "$2}
+ echo 18:42:56 mem used 1157MB free 12048MB shm used 0 of 16G
18:42:56 mem used 1157MB free 12048MB shm used 0 of 16G
+ sleep 5
+ true
+ date -u +%H:%M:%S
+ free -m
+ awk /Mem:/{print "mem used "$3"MB free "$4"MB"}
+ df -h /dev/shm
+ awk NR==2{print "shm used "$3" of "$2}
+ echo 18:43:01 mem used 1160MB free 12045MB shm used 0 of 16G
18:43:01 mem used 1160MB free 12045MB shm used 0 of 16G
+ sleep 5
+ true
+ date -u +%H:%M:%S
+ free -m
+ awk /Mem:/{print "mem used "$3"MB free "$4"MB"}
+ df -h /dev/shm
+ awk NR==2{print "shm used "$3" of "$2}
+ echo 18:43:06 mem used 1162MB free 12047MB shm used 0 of 16G
18:43:06 mem used 1162MB free 12047MB shm used 0 of 16G
+ sleep 5
+ true
+ date -u +%H:%M:%S
+ free -m
+ awk /Mem:/{print "mem used "$3"MB free "$4"MB"}
+ df -h /dev/shm
+ awk NR==2{print "shm used "$3" of "$2}
+ echo 18:43:11 mem used 1163MB free 12046MB shm used 0 of 16G
18:43:11 mem used 1163MB free 12046MB shm used 0 of 16G
+ sleep 5
+ true
+ date -u +%H:%M:%S
+ free -m
+ awk /Mem:/{print "mem used "$3"MB free "$4"MB"}
+ df -h /dev/shm
+ awk NR==2{print "shm used "$3" of "$2}
+ echo 18:43:16 mem used 1168MB free 12041MB shm used 0 of 16G
18:43:16 mem used 1168MB free 12041MB shm used 0 of 16G
+ sleep 5
+ true
+ date -u +%H:%M:%S
+ free -m
+ awk /Mem:/{print "mem used "$3"MB free "$4"MB"}
+ df -h /dev/shm
+ awk NR==2{print "shm used "$3" of "$2}
+ echo 18:43:21 mem used 1165MB free 12044MB shm used 0 of 16G
18:43:21 mem used 1165MB free 12044MB shm used 0 of 16G
+ sleep 5
+ true
+ date -u +%H:%M:%S
+ free -m
+ awk /Mem:/{print "mem used "$3"MB free "$4"MB"}
+ df -h /dev/shm
+ awk NR==2{print "shm used "$3" of "$2}
+ echo 18:43:26 mem used 1162MB free 12047MB shm used 0 of 16G
18:43:26 mem used 1162MB free 12047MB shm used 0 of 16G
+ sleep 5
+ true
+ date -u +%H:%M:%S
+ free -m
+ awk /Mem:/{print "mem used "$3"MB free "$4"MB"}
+ df -h /dev/shm
+ awk NR==2{print "shm used "$3" of "$2}
+ echo 18:43:31 mem used 1164MB free 12045MB shm used 0 of 16G
18:43:31 mem used 1164MB free 12045MB shm used 0 of 16G
+ sleep 5
+ true
+ date -u +%H:%M:%S
+ free -m
+ awk /Mem:/{print "mem used "$3"MB free "$4"MB"}
+ df -h /dev/shm
+ awk NR==2{print "shm used "$3" of "$2}
+ echo 18:43:36 mem used 1166MB free 12043MB shm used 0 of 16G
18:43:36 mem used 1166MB free 12043MB shm used 0 of 16G
+ sleep 5
+ true
+ date -u +%H:%M:%S
+ free -m
+ awk /Mem:/{print "mem used "$3"MB free "$4"MB"}
+ df -h /dev/shm
+ awk NR==2{print "shm used "$3" of "$2}
+ echo 18:43:41 mem used 1164MB free 12045MB shm used 0 of 16G
18:43:41 mem used 1164MB free 12045MB shm used 0 of 16G
+ sleep 5
+ true
+ date -u +%H:%M:%S
+ free -m
+ awk /Mem:/{print "mem used "$3"MB free "$4"MB"}
+ df -h /dev/shm
+ awk NR==2{print "shm used "$3" of "$2}
+ echo 18:43:46 mem used 1162MB free 12047MB shm used 0 of 16G
18:43:46 mem used 1162MB free 12047MB shm used 0 of 16G
+ sleep 5
+ true
+ date -u +%H:%M:%S
+ free -m
+ awk /Mem:/{print "mem used "$3"MB free "$4"MB"}
+ df -h /dev/shm
+ awk NR==2{print "shm used "$3" of "$2}
+ echo 18:43:51 mem used 1162MB free 12046MB shm used 0 of 16G
18:43:51 mem used 1162MB free 12046MB shm used 0 of 16G
+ sleep 5
+ true
+ date -u +%H:%M:%S
+ free -m
+ awk /Mem:/{print "mem used "$3"MB free "$4"MB"}
+ df -h /dev/shm
+ awk NR==2{print "shm used "$3" of "$2}
+ echo 18:43:56 mem used 1165MB free 12043MB shm used 0 of 16G
18:43:56 mem used 1165MB free 12043MB shm used 0 of 16G
+ sleep 5
+ true
+ date -u +%H:%M:%S
+ free -m
+ awk /Mem:/{print "mem used "$3"MB free "$4"MB"}
+ df -h /dev/shm
+ awk NR==2{print "shm used "$3" of "$2}
+ echo 18:44:01 mem used 1163MB free 12044MB shm used 0 of 16G
18:44:01 mem used 1163MB free 12044MB shm used 0 of 16G
+ sleep 5
+ true
+ date -u +%H:%M:%S
+ free -m
+ awk /Mem:/{print "mem used "$3"MB free "$4"MB"}
+ df -h /dev/shm
+ awk NR==2{print "shm used "$3" of "$2}
+ echo 18:44:06 mem used 1162MB free 12045MB shm used 0 of 16G
18:44:06 mem used 1162MB free 12045MB shm used 0 of 16G
+ sleep 5
+ true
+ date -u +%H:%M:%S
+ free -m
+ awk /Mem:/{print "mem used "$3"MB free "$4"MB"}
+ df -h /dev/shm
+ awk NR==2{print "shm used "$3" of "$2}
+ echo 18:44:11 mem used 1168MB free 12040MB shm used 0 of 16G
18:44:11 mem used 1168MB free 12040MB shm used 0 of 16G
+ sleep 5
+ true
+ date -u +%H:%M:%S
+ free -m
+ awk /Mem:/{print "mem used "$3"MB free "$4"MB"}
+ df -h /dev/shm
+ awk NR==2{print "shm used "$3" of "$2}
+ echo 18:44:16 mem used 1167MB free 12041MB shm used 0 of 16G
18:44:16 mem used 1167MB free 12041MB shm used 0 of 16G
+ sleep 5
+ true
+ date -u +%H:%M:%S
+ free -m
+ awk /Mem:/{print "mem used "$3"MB free "$4"MB"}
+ df -h /dev/shm
+ awk NR==2{print "shm used "$3" of "$2}
+ echo 18:44:21 mem used 1168MB free 12040MB shm used 0 of 16G
18:44:21 mem used 1168MB free 12040MB shm used 0 of 16G
+ sleep 5
+ true
+ date -u +%H:%M:%S
+ free -m
+ awk /Mem:/{print "mem used "$3"MB free "$4"MB"}
+ df -h /dev/shm
+ awk NR==2{print "shm used "$3" of "$2}
+ echo 18:44:26 mem used 1165MB free 12043MB shm used 0 of 16G
18:44:26 mem used 1165MB free 12043MB shm used 0 of 16G
+ sleep 5
+ true
+ date -u +%H:%M:%S
+ free -m
+ awk /Mem:/{print "mem used "$3"MB free "$4"MB"}
+ df -h /dev/shm
+ awk NR==2{print "shm used "$3" of "$2}
+ echo 18:44:31 mem used 1159MB free 12048MB shm used 0 of 16G
18:44:31 mem used 1159MB free 12048MB shm used 0 of 16G
+ sleep 5
+ true
+ date -u +%H:%M:%S
+ free -m
+ awk /Mem:/{print "mem used "$3"MB free "$4"MB"}
+ df -h /dev/shm
+ awk NR==2{print "shm used "$3" of "$2}
+ echo 18:44:36 mem used 1165MB free 12036MB shm used 0 of 16G
18:44:36 mem used 1165MB free 12036MB shm used 0 of 16G
+ sleep 5
+ true
+ date -u +%H:%M:%S
+ free -m
+ awk /Mem:/{print "mem used "$3"MB free "$4"MB"}
+ df -h /dev/shm
+ awk NR==2{print "shm used "$3" of "$2}
+ echo 18:44:41 mem used 1167MB free 12037MB shm used 0 of 16G
18:44:41 mem used 1167MB free 12037MB shm used 0 of 16G
+ sleep 5
