
[sweep] run 1/3: fwgr26-n1 (store: /home/user/sleep-walker/bench/results/fwgr26-skills)
[harness] grafana: defaulting APP_URL
[harness] grafana: defaulting APP_EMAIL
[harness] grafana: defaulting APP_PASSWORD
[reset] grafana: deleted leftover dashboard "Service Health" (400)
[harness] grafana responded 302 at http://127.0.0.1:3000/
stopped: fwgr26-n1
  flow "fwgr26" saved: 6 step(s), vars runid → /home/user/sleep-walker/bench/results/flows/fwgr26.json
  warning: warning: 112 run value(s) survived unslotted (non-fatal — a stale urlPattern fails loudly, a stale reportTemplate is caught by synthesizeReport):
  flow.steps[1].instruction: "TestData" (output) in "In Grafana at 127.0.0.1:3000, create a NEW dashboard. Add a Stat visualization panel. Set the panel title to exactly '{{runid}} Availability'. Set its data sour"
  flow.steps[1].instruction: "Stat" (output) in "In Grafana at 127.0.0.1:3000, create a NEW dashboard. Add a Stat visualization panel. Set the panel title to exactly '{{runid}} Availability'. Set its data sour"
  flow.steps[3].instruction: "Last 6 hours" (output) in "On the currently open dashboard '{{runid}} Bench Dashboard' in Grafana: open the dashboard settings (gear icon) and add the tag 'bench' to the dashboard's tags "
  flow.steps[3].instruction: "bench" (output) in "On the currently open dashboard '{{runid}} Bench Dashboard' in Grafana: open the dashboard settings (gear icon) and add the tag 'bench' to the dashboard's tags "
  flow.steps[3].params.v3: "bench" (output) in "bench"
  flow.steps[5].instruction: "bench" (output) in "On the currently open dashboard at http://127.0.0.1:3000/d/{{02-create.url.p1}}/{{runid}}-bench-dashboard, verify and report: (1) the dashboard title shown in t"
  flow.steps[5].params.v2: "bench" (output) in "{{runid}}-bench-dashboard"
  s_32e74c.steps[1].expect.urlPattern: "bench" (output) in "http://127.0.0.1:3000/d/bench-service-health/service-health"
  s_8abf22.preconditions.urlPattern: "bench" (output) in "http://127.0.0.1:3000/d/bench-service-health/service-health"
  s_8abf22.steps[1].expect.urlPattern: "bench" (output) in "http://127.0.0.1:3000/d/bench-service-health/service-health"
arm=sleep-walker model=z-ai/glm-5.3 runid=fwgr26-n1 stop=completed
turns=7 wall=1354.2s
commands=6 cmdTime=1310.5s cmdBytes=4532 timeouts=0
orchestrator in=10103 cw=0 cr=13330 out=3532
inner prompt=3822776 cached=3298496 completion=29036
spend=$0.3891 maxUsd=2
learn: A_n=0 replayed=0/6 full=0 repaired=0 compiled=6 variants=0
-> /home/user/sleep-walker/bench/results/fwgr26-n1-sleep-walker-result.json

fwgr26-n1: objectives passed 6/6
  obj 1: PASS — all 3 provisioned titles reported
  obj 2: PASS — type=stat, datasource ok=true
  obj 3: PASS — type=text, content includes runid=true
  obj 4: PASS — tags=["bench"], time=now-6h..now
  obj 5: PASS — refresh="1m"
  obj 6: PASS — uid bfx5j0ewyyku8a reported

[sweep] run 2/3: fwgr26-n2 (replay flow fwgr26, no orchestrator)
[reset] grafana: deleted leftover dashboard "fwgr26-n1 Bench Dashboard" (200)
[reset] grafana: deleted leftover dashboard "Service Health" (400)
[sweep] fwgr26-n2: 1 drift ticket(s) → fwgr26-n2-drift.json

fwgr26-n2: objectives passed 2/6
  obj 1: PASS — all 3 provisioned titles reported
  obj 2: PASS — type=stat, datasource ok=true
  obj 3: FAIL — text panel not found
  obj 4: FAIL — tags=[], time=undefined..undefined
  obj 5: FAIL — refresh=undefined
  obj 6: FAIL — uid cfx5k42dr1blsa NOT in finalText

[sweep] run 3/3: fwgr26-n3 (replay flow fwgr26, no orchestrator)
[reset] grafana: deleted leftover dashboard "Service Health" (400)
[sweep] fwgr26-n3: 5 drift ticket(s) → fwgr26-n3-drift.json

fwgr26-n3: objectives passed 6/6
  obj 1: PASS — all 3 provisioned titles reported
  obj 2: PASS — type=stat, datasource ok=true
  obj 3: PASS — type=text, content includes runid=true
  obj 4: PASS — tags=["bench"], time=now-6h..now
  obj 5: PASS — refresh="1m"
  obj 6: PASS — uid afx5ln7pyqe4ga reported

Learning sweep fwgr26 (K=3)
┌─────────┬───┬─────────────┬──────────┬─────────────┬───────┬──────┬───────────┬─────┬──────────────┬────────┐
│ (index) │ n │ runid       │ verified │ stop        │ turns │ cmds │ total_usd │ A_n │ replayed     │ wall_s │
├─────────┼───┼─────────────┼──────────┼─────────────┼───────┼──────┼───────────┼─────┼──────────────┼────────┤
│ 0       │ 1 │ 'fwgr26-n1' │ '6/6'    │ 'completed' │ 7     │ 6    │ 0.3891    │ 0   │ '0/6'        │ 1354   │
│ 1       │ 2 │ 'fwgr26-n2' │ '2/6'    │ 'halted'    │ 69    │ 6    │ 0.225     │ 1   │ '1/6 (flow)' │ 1022   │
│ 2       │ 3 │ 'fwgr26-n3' │ '6/6'    │ 'success'   │ 159   │ 6    │ 0.7153    │ 1   │ '6/6 (flow)' │ 1441   │
└─────────┴───┴─────────────┴──────────┴─────────────┴───────┴──────┴───────────┴─────┴──────────────┴────────┘
http://127.0.0.1:3000
  s_c5d106  validated    4 steps  3/3 (100%)
           Open {{v1}} in the browser and sign in with username admin and password admin (if a 'change password' prompt a…
  s_32e74c  validated    2 steps  3/3 (100%)
           Open {{v1}} in the browser and sign in with username admin and password admin (if a 'change password' prompt a…
  s_8abf22  validated    7 steps  3/3 (100%)
           Open {{v1}} in the browser and sign in with username admin and password admin (if a 'change password' prompt a…
  s_a0dc8b  validated    2 steps  3/3 (100%)
           Open {{v1}} in the browser and sign in with username admin and password admin (if a 'change password' prompt a…
  s_2aa1e0  validated   14 steps  3/3 (100%)
           In Grafana at 127.0.0.1:3000, create a NEW dashboard. Add a Stat visualization panel. Set the panel title to e…
  s_ad7881  validated    4 steps  3/3 (100%)
           In Grafana at 127.0.0.1:3000, create a NEW dashboard. Add a Stat visualization panel. Set the panel title to e…
  s_530cf0  provisional 13 steps  1/2 (50%)
           On the currently open dashboard '{{v1}}' in Grafana, add a new {{v3}} panel. Set its title to exactly '{{v4}}'…
  s_3c3c0f  provisional  8 steps  1/2 (50%)
           On the currently open dashboard '{{v1}}' in Grafana: open the dashboard settings (gear icon) and add the tag '…
  s_08fe8f  validated   18 steps  2/2 (100%)
           On the currently open dashboard '{{v1}}' in Grafana: set the auto-refresh interval to '1m' using the refresh p…
  s_16cc25  provisional  3 steps  1/1 (100%)
           In Grafana at 127.0.0.1:3000, create a NEW dashboard. Add a Stat visualization panel. Set the panel title to e…
  s_1903aa  provisional 13 steps  1/1 (100%)
           On the currently open dashboard at http://127.0.0.1:3000/d/{{v1}}/{{v2}}, verify and report: (1) the dashboard…
  s_8aaf0f  provisional  4 steps  1/1 (100%)
           In Grafana at 127.0.0.1:3000, create a NEW dashboard. Add a Stat visualization panel. Set the panel title to e…
  s_3d772b  provisional  2 steps  1/1 (100%)
           In Grafana at 127.0.0.1:3000, create a NEW dashboard. Add a Stat visualization panel. Set the panel title to e…
  s_3d6f2f  provisional 13 steps  1/1 (100%)
           In Grafana at 127.0.0.1:3000, create a NEW dashboard. Add a Stat visualization panel. Set the panel title to e…
  s_f0fb67  provisional  1 steps  1/1 (100%)
           In Grafana at 127.0.0.1:3000, create a NEW dashboard. Add a Stat visualization panel. Set the panel title to e…
  s_afc066  provisional 23 steps  1/1 (100%)
           In Grafana at 127.0.0.1:3000, create a NEW dashboard. Add a Stat visualization panel. Set the panel title to e…
  s_783a15  provisional 21 steps  1/1 (100%)  variant of s_530cf0
           On the currently open dashboard '{{v1}} Bench Dashboard' in Grafana, add a new {{v2}} panel. Set its title to …
  s_f9e95c  provisional 15 steps  1/1 (100%)  variant of s_3c3c0f
           On the currently open dashboard '{{v1}} Bench Dashboard' in Grafana: open the dashboard settings (gear icon) a…
  s_1e4a5f  provisional  2 steps  1/1 (100%)
           On the currently open dashboard at {{v4}}, verify and report: (1) the dashboard title shown in the breadcrumb,…
  s_9957ac  provisional  5 steps  1/1 (100%)
           On the currently open dashboard at {{v4}}, verify and report: (1) the dashboard title shown in the breadcrumb,…
store: /home/user/sleep-walker/bench/results/fwgr26-skills

summary: /home/user/sleep-walker/bench/results/fwgr26-sweep.json
