
[sweep] run 1/3: fwgr12-n1 (store: /home/user/browser-pilot/bench/results/fwgr12-skills)
[harness] grafana: defaulting APP_URL
[harness] grafana: defaulting APP_EMAIL
[harness] grafana: defaulting APP_PASSWORD
[harness] grafana: deleted leftover dashboard "Service Health" (400)
[harness] grafana responded 302 at http://127.0.0.1:3000/
arm=browser-pilot model=z-ai/glm-5.3 runid=fwgr12-n1 stop=completed
turns=10 wall=2484.2s
commands=9 cmdTime=2420.8s cmdBytes=10030 timeouts=0
orchestrator in=6020 cw=0 cr=38656 out=3325
inner prompt=6526066 cached=5669184 completion=34962
spend=$0.7235 maxUsd=2
learn: A_n=0 replayed=0/9 full=0 repaired=0 compiled=8 variants=0
-> /home/user/browser-pilot/bench/results/fwgr12-n1-browser-pilot-result.json

fwgr12-n1: objectives passed 5/6
  obj 1: PASS — all 3 provisioned titles reported
  obj 2: PASS — type=stat, datasource ok=true
  obj 3: PASS — type=text, content includes runid=true
  obj 4: FAIL — tags=["bench"], time=undefined..undefined
  obj 5: PASS — refresh="1m"
  obj 6: PASS — uid ffwomfj1gfv9cf reported

[sweep] run 2/3: fwgr12-n2 (replay flow fwgr12, no orchestrator)
[reset-app] reloaded seed via http://127.0.0.1:4180/__reset

fwgr12-n2: objectives passed 1/6
  obj 1: PASS — all 3 provisioned titles reported
  obj 2: FAIL — dashboard not found (or not saved)
  obj 3: FAIL — text panel not found
  obj 4: FAIL — no dashboard
  obj 5: FAIL — no dashboard
  obj 6: FAIL — no dashboard to report

[sweep] run 3/3: fwgr12-n3 (replay flow fwgr12, no orchestrator)
[reset-app] reloaded seed via http://127.0.0.1:4180/__reset

fwgr12-n3: objectives passed 1/6
  obj 1: PASS — all 3 provisioned titles reported
  obj 2: FAIL — dashboard not found (or not saved)
  obj 3: FAIL — text panel not found
  obj 4: FAIL — no dashboard
  obj 5: FAIL — no dashboard
  obj 6: FAIL — no dashboard to report

Learning sweep fwgr12 (K=3)
┌─────────┬───┬─────────────┬──────────┬─────────────┬───────┬──────┬───────────┬─────┬──────────────┬────────┐
│ (index) │ n │ runid       │ verified │ stop        │ turns │ cmds │ total_usd │ A_n │ replayed     │ wall_s │
├─────────┼───┼─────────────┼──────────┼─────────────┼───────┼──────┼───────────┼─────┼──────────────┼────────┤
│ 0       │ 1 │ 'fwgr12-n1' │ '5/6'    │ 'completed' │ 10    │ 9    │ 0.7235    │ 0   │ '0/9'        │ 2484   │
│ 1       │ 2 │ 'fwgr12-n2' │ '1/6'    │ 'halted'    │ 83    │ 8    │ 0.3856    │ 1   │ '2/8 (flow)' │ 649    │
│ 2       │ 3 │ 'fwgr12-n3' │ '1/6'    │ 'halted'    │ 35    │ 8    │ 0.0253    │ 1   │ '2/8 (flow)' │ 556    │
└─────────┴───┴─────────────┴──────────┴─────────────┴───────┴──────┴───────────┴─────┴──────────────┴────────┘
http://127.0.0.1:3000
  s_8b17fb  validated    2 steps  5/5 (100%)
           Open {{v1}} and sign in with username admin and password admin (if a 'change password' prompt appears, skip it…
  s_f879db  validated    3 steps  3/3 (100%)
           Open {{v1}} and sign in with username admin and password admin (if a 'change password' prompt appears, skip it…
  s_22cec0  validated    2 steps  3/3 (100%)
           Open {{v1}} and sign in with username admin and password admin (if a 'change password' prompt appears, skip it…
  s_056bae  validated    1 steps  3/3 (100%)
           Open {{v1}} and sign in with username admin and password admin (if a 'change password' prompt appears, skip it…
  s_34a839  validated    4 steps  2/2 (100%)
           The browser is currently on a Grafana dashboard at http://127.0.0.1:3000/d/ffwomfj1gfv9cf/new-dashboard. Repor…
  s_e6a356  provisional 13 steps  1/1 (100%)
           The browser is in edit mode on a Grafana dashboard at http://127.0.0.1:3000/d/{{v1}}/new-dashboard which has o…
  s_8173fa  provisional  3 steps  1/1 (100%)
           The browser is in edit mode on a Grafana dashboard at http://127.0.0.1:3000/d/{{v1}}/new-dashboard which has o…
  s_5af0f3  provisional 10 steps  1/1 (100%)
           In Grafana at http://127.0.0.1:3000/, load the dashboard at URL http://127.0.0.1:3000/d/{{v1}}/{{v2}} fresh (f…
  s_8e4991  provisional 15 steps  1/1 (100%)
           In Grafana at http://127.0.0.1:3000/, open the dashboard '{{v1}}' (UID {{v3}}), enter edit mode, and open the …
  s_e9ba3d  provisional  2 steps  1/1 (100%)
           The browser is currently on a Grafana dashboard at http://127.0.0.1:3000/d/{{v1}}/new-dashboard. Report the cu…
  s_2e0880  provisional 13 steps  1/1 (100%)
           In Grafana at http://127.0.0.1:3000/, open the saved dashboard titled '{{v1}}' (UID {{v3}}) and enter edit mod…
  s_4c8d58  provisional 10 steps  1/1 (100%)
           In Grafana at http://127.0.0.1:3000/, open the saved dashboard '{{v1}}' (UID {{v3}}) and enter edit mode. Do t…
  s_e2b335  provisional 12 steps  1/1 (100%)
           In Grafana at http://127.0.0.1:3000/, open the saved dashboard '{{v1}}' (UID {{v3}}) and enter edit mode. Set …
store: /home/user/browser-pilot/bench/results/fwgr12-skills

summary: /home/user/browser-pilot/bench/results/fwgr12-sweep.json
