
[sweep] run 1/3: fwgr27-n1 (store: /home/user/sleep-walker/bench/results/fwgr27-skills)
[harness] grafana: defaulting APP_URL
[harness] grafana: defaulting APP_EMAIL
[harness] grafana: defaulting APP_PASSWORD
[reset] grafana: deleted leftover dashboard "Service Health" (400)
[harness] grafana responded 302 at http://127.0.0.1:3000/
stopped: fwgr27-n1
  flow "fwgr27" saved: 5 step(s), vars runid → /home/user/sleep-walker/bench/results/flows/fwgr27.json
  warning: warning: 100 run value(s) survived unslotted (non-fatal — a stale urlPattern fails loudly, a stale reportTemplate is caught by synthesizeReport):
  flow.steps[2].instruction: "bench" (output) in "On the dashboard at http://127.0.0.1:3000/d/{{02-create.url.p1}}/{{runid}}-bench-dashboard (titled '{{runid}} Bench Dashboard'), add a new panel of type 'Text'."
  flow.steps[2].params.v5: "bench" (output) in "http://127.0.0.1:3000/d/{{02-create.url.p1}}/{{runid}}-bench-dashboard"
  flow.steps[3].instruction: "Last 6 hours" (output) in "On the dashboard '{{runid}} Bench Dashboard' (http://127.0.0.1:3000/d/{{02-create.url.p1}}/{{runid}}-bench-dashboard), do all of the following and SAVE the dash"
  flow.steps[3].instruction: "bench" (output) in "On the dashboard '{{runid}} Bench Dashboard' (http://127.0.0.1:3000/d/{{02-create.url.p1}}/{{runid}}-bench-dashboard), do all of the following and SAVE the dash"
  flow.steps[3].params.v4: "bench" (output) in "{{runid}}-bench-dashboard"
  flow.steps[4].instruction: "bench" (output) in "Reload the dashboard '{{runid}} Bench Dashboard' fresh (navigate to http://127.0.0.1:3000/d/{{02-create.url.p1}}/{{runid}}-bench-dashboard in a fresh page load,"
  flow.steps[4].params.v7: "bench" (output) in "http://127.0.0.1:3000/d/{{02-create.url.p1}}/{{runid}}-bench-dashboard"
  s_a4c4ac.steps[1].expect.urlPattern: "bench" (output) in "http://127.0.0.1:3000/d/bench-service-health/service-health"
  s_006af5.preconditions.urlPattern: "bench" (output) in "http://127.0.0.1:3000/d/bench-service-health/service-health"
  s_1c8609.steps[7].expect.addedContains[1]: "Last 6 hours" (output) in "- button \"Time range selected: Last 6 hours\""
arm=sleep-walker model=z-ai/glm-5.3 runid=fwgr27-n1 stop=completed
turns=6 wall=1381.3s
commands=5 cmdTime=1352.6s cmdBytes=3611 timeouts=0
orchestrator in=6811 cw=0 cr=13216 out=1978
inner prompt=1672487 cached=1046720 completion=12644
spend=$0.1392 maxUsd=2
learn: A_n=0 replayed=0/5 full=0 repaired=0 compiled=5 variants=0
-> /home/user/sleep-walker/bench/results/fwgr27-n1-sleep-walker-result.json

fwgr27-n1: objectives passed 6/6
  obj 1: PASS — all 3 provisioned titles reported
  obj 2: PASS — type=stat, datasource ok=true
  obj 3: PASS — type=text, content includes runid=true
  obj 4: PASS — tags=["bench"], time=now-6h..now
  obj 5: PASS — refresh="1m"
  obj 6: PASS — uid ffx7vkv1gm9z4a reported

[sweep] run 2/3: fwgr27-n2 (replay flow fwgr27, no orchestrator)
[reset] grafana: deleted leftover dashboard "fwgr27-n1 Bench Dashboard" (200)
[reset] grafana: deleted leftover dashboard "Service Health" (400)
[sweep] fwgr27-n2: 4 drift ticket(s) → fwgr27-n2-drift.json

fwgr27-n2: objectives passed 6/6
  obj 1: PASS — all 3 provisioned titles reported
  obj 2: PASS — type=stat, datasource ok=true
  obj 3: PASS — type=text, content includes runid=true
  obj 4: PASS — tags=["bench"], time=now-6h..now
  obj 5: PASS — refresh="1m"
  obj 6: PASS — uid ffx7wwpdoolq8c reported

[sweep] run 3/3: fwgr27-n3 (replay flow fwgr27, no orchestrator)
[reset] grafana: deleted leftover dashboard "fwgr27-n2 Bench Dashboard" (200)
[reset] grafana: deleted leftover dashboard "Service Health" (400)
[sweep] fwgr27-n3: 4 drift ticket(s) → fwgr27-n3-drift.json

fwgr27-n3: objectives passed 6/6
  obj 1: PASS — all 3 provisioned titles reported
  obj 2: PASS — type=stat, datasource ok=true
  obj 3: PASS — type=text, content includes runid=true
  obj 4: PASS — tags=["bench"], time=now-6h..now
  obj 5: PASS — refresh="1m"
  obj 6: PASS — uid efx7wzbrdkhs0e reported

Learning sweep fwgr27 (K=3)
┌─────────┬───┬─────────────┬──────────┬─────────────┬───────┬──────┬───────────┬─────┬──────────────┬────────┐
│ (index) │ n │ runid       │ verified │ stop        │ turns │ cmds │ total_usd │ A_n │ replayed     │ wall_s │
├─────────┼───┼─────────────┼──────────┼─────────────┼───────┼──────┼───────────┼─────┼──────────────┼────────┤
│ 0       │ 1 │ 'fwgr27-n1' │ '6/6'    │ 'completed' │ 6     │ 5    │ 0.1392    │ 0   │ '0/5'        │ 1381   │
│ 1       │ 2 │ 'fwgr27-n2' │ '6/6'    │ 'success'   │ 0     │ 5    │ 0         │ 1   │ '5/5 (flow)' │ 47     │
│ 2       │ 3 │ 'fwgr27-n3' │ '6/6'    │ 'success'   │ 0     │ 5    │ 0         │ 1   │ '5/5 (flow)' │ 47     │
└─────────┴───┴─────────────┴──────────┴─────────────┴───────┴──────┴───────────┴─────┴──────────────┴────────┘
http://127.0.0.1:3000
  s_ae9894  validated    3 steps  3/3 (100%)
           Open {{v1}} and sign in with username admin and password admin (skip any 'change password' prompt if it appear…
  s_a4c4ac  validated    2 steps  3/3 (100%)
           Open {{v1}} and sign in with username admin and password admin (skip any 'change password' prompt if it appear…
  s_b80251  validated    4 steps  3/3 (100%)
           Open {{v1}} and sign in with username admin and password admin (skip any 'change password' prompt if it appear…
  s_94232d  validated    2 steps  3/3 (100%)
           Open {{v1}} and sign in with username admin and password admin (skip any 'change password' prompt if it appear…
  s_1c8609  validated   10 steps  3/3 (100%)
           In Grafana, create a NEW dashboard. Add a visualization panel of type 'Stat' (add a panel, choose the Stat vis…
  s_939c34  validated    2 steps  3/3 (100%)
           In Grafana, create a NEW dashboard. Add a visualization panel of type 'Stat' (add a panel, choose the Stat vis…
  s_006af5  validated    2 steps  3/3 (100%)
           In Grafana, create a NEW dashboard. Add a visualization panel of type 'Stat' (add a panel, choose the Stat vis…
  s_1c7f4a  validated    2 steps  3/3 (100%)
           On the dashboard at {{v5}} (titled '{{v4}}'), add a new panel of type 'Text'. Set its title to exactly '{{v6}}…
  s_e4d3e5  validated   12 steps  3/3 (100%)
           On the dashboard at {{v5}} (titled '{{v4}}'), add a new panel of type 'Text'. Set its title to exactly '{{v6}}…
  s_a5d93d  validated    2 steps  3/3 (100%)
           On the dashboard at {{v5}} (titled '{{v4}}'), add a new panel of type 'Text'. Set its title to exactly '{{v6}}…
  s_0c4807  validated   14 steps  3/3 (100%)
           On the dashboard '{{v1}}' (http://127.0.0.1:3000/d/{{v3}}/{{v4}}), do all of the following and SAVE the dashbo…
  s_7928ae  validated    8 steps  3/3 (100%)
           Reload the dashboard '{{v1}}' fresh (navigate to {{v7}} in a fresh page load, no query params). After the relo…
store: /home/user/sleep-walker/bench/results/fwgr27-skills

summary: /home/user/sleep-walker/bench/results/fwgr27-sweep.json
