
[sweep] run 1/3: fwgr20-n1 (store: /home/user/sleep-walker/bench/results/fwgr20-skills)
[harness] grafana: defaulting APP_URL
[harness] grafana: defaulting APP_EMAIL
[harness] grafana: defaulting APP_PASSWORD
[reset] grafana: deleted leftover dashboard "Service Health" (400)
[harness] grafana responded 302 at http://127.0.0.1:3000/
stopped: fwgr20-n1
  flow "fwgr20" saved: 6 step(s), vars runid → /home/user/sleep-walker/bench/results/flows/fwgr20.json
  warning: note: dropped 1 locator candidate(s) carrying a value this run minted (known only by export time)
  warning: warning: 14 run value(s) survived unslotted (non-fatal — a stale urlPattern fails loudly, a stale reportTemplate is caught by synthesizeReport):
  flow.steps[3].instruction: "Last 6 hours" (output) in "Open the dashboard '{{runid}} Bench Dashboard' (URL http://127.0.0.1:3000/d/{{02-create.url.p1}}/{{runid}}-bench-dashboard). Add the tag 'bench' to the dashboar"
  s_36f266.reportTemplate.values.panels: "Request rate, Error count, Latency by endpoint" (output) in "Request rate, Error count, Latency by endpoint"
  s_558563.reportTemplate.summary: "dfx2aim5p454wf" (url) in "Created a new dashboard with a Stat visualization panel titled \"{{v2}}\", set its query data source to TestData (default Random Walk scenario), and saved it with"
  s_1dc0b9.template: "Last 6 hours" (output) in "Open the dashboard '{{v4}}' (URL http://127.0.0.1:3000/d/{{v2}}/{{v3}}). Add the tag 'bench' to the dashboard (via dashboard settings -> General -> Tags, or the"
  s_1dc0b9.steps[7].expect.addedContains[2]: "Last 6 hours" (output) in "- button \"Time range selected: Last 6 hours\""
  s_1dc0b9.steps[9].expect.addedContains[2]: "Last 6 hours" (output) in "- button \"Time range selected: Last 6 hours\""
  s_1dc0b9.steps[11].expect.addedContains[2]: "Last 6 hours" (output) in "- button \"Time range selected: Last 6 hours\""
  s_1dc0b9.reportTemplate.summary: "Last 6 hours" (output) in "Added the tag 'bench' via Dashboard Settings → General → Tags, and confirmed the time range was already \"Last 6 hours\" (saved as default via the \"Update default"
  s_0cf0d3.steps[17].expect.addedContains[3]: "Last 6 hours" (output) in "- button \"Time range selected: Last 6 hours\""
  s_0cf0d3.reportTemplate.summary: "Last 6 hours" (output) in "Set the refresh interval to 1m via the refresh-rate picker (button now reads \"Choose refresh time interval with current interval 1 minute selected\", showing \"1m"
arm=sleep-walker model=z-ai/glm-5.3 runid=fwgr20-n1 stop=completed
turns=7 wall=2633.5s
commands=6 cmdTime=2356.0s cmdBytes=4409 timeouts=0
orchestrator in=23175 cw=0 cr=0 out=3149
inner prompt=5861705 cached=5249024 completion=41546
spend=$0.8687 maxUsd=2
learn: A_n=0 replayed=0/6 full=0 repaired=0 compiled=6 variants=0
-> /home/user/sleep-walker/bench/results/fwgr20-n1-sleep-walker-result.json

fwgr20-n1: objectives passed 6/6
  obj 1: PASS — all 3 provisioned titles reported
  obj 2: PASS — type=stat, datasource ok=true
  obj 3: PASS — type=text, content includes runid=true
  obj 4: PASS — tags=["bench"], time=now-6h..now
  obj 5: PASS — refresh="1m"
  obj 6: PASS — uid dfx2aim5p454wf reported

[sweep] run 2/3: fwgr20-n2 (replay flow fwgr20, no orchestrator)
[reset] grafana: deleted leftover dashboard "fwgr20-n1 Bench Dashboard" (200)
[reset] grafana: deleted leftover dashboard "Service Health" (400)
[sweep] fwgr20-n2: 4 drift ticket(s) → fwgr20-n2-drift.json

fwgr20-n2: objectives passed 5/6
  obj 1: PASS — all 3 provisioned titles reported
  obj 2: PASS — type=stat, datasource ok=true
  obj 3: PASS — type=text, content includes runid=true
  obj 4: FAIL — tags=["bench"], time=undefined..undefined
  obj 5: PASS — refresh="1m"
  obj 6: PASS — uid bfx2e01gt0a2oa reported

[sweep] run 3/3: fwgr20-n3 (replay flow fwgr20, no orchestrator)
[reset] grafana: deleted leftover dashboard "fwgr20-n2 Bench Dashboard" (200)
[reset] grafana: deleted leftover dashboard "Service Health" (400)
[sweep] fwgr20-n3: 3 drift ticket(s) → fwgr20-n3-drift.json

fwgr20-n3: objectives passed 5/6
  obj 1: PASS — all 3 provisioned titles reported
  obj 2: PASS — type=stat, datasource ok=true
  obj 3: PASS — type=text, content includes runid=true
  obj 4: FAIL — tags=["bench"], time=undefined..undefined
  obj 5: PASS — refresh="1m"
  obj 6: PASS — uid ffx2gb1ohmakga reported

Learning sweep fwgr20 (K=3)
┌─────────┬───┬─────────────┬──────────┬─────────────┬───────┬──────┬───────────┬─────┬──────────────┬────────┐
│ (index) │ n │ runid       │ verified │ stop        │ turns │ cmds │ total_usd │ A_n │ replayed     │ wall_s │
├─────────┼───┼─────────────┼──────────┼─────────────┼───────┼──────┼───────────┼─────┼──────────────┼────────┤
│ 0       │ 1 │ 'fwgr20-n1' │ '6/6'    │ 'completed' │ 7     │ 6    │ 0.8687    │ 0   │ '0/6'        │ 2634   │
│ 1       │ 2 │ 'fwgr20-n2' │ '5/6'    │ 'success'   │ 164   │ 6    │ 0.4393    │ 1   │ '6/6 (flow)' │ 1643   │
│ 2       │ 3 │ 'fwgr20-n3' │ '5/6'    │ 'success'   │ 107   │ 6    │ 0.1881    │ 1   │ '6/6 (flow)' │ 1098   │
└─────────┴───┴─────────────┴──────────┴─────────────┴───────┴──────┴───────────┴─────┴──────────────┴────────┘
http://127.0.0.1:3000
  s_6a3b66  validated    2 steps  5/5 (100%)
           Open {{v1}} in the browser. If a sign-in page appears, sign in with username admin and password admin; if Graf…
  s_4a56ba  validated    3 steps  3/3 (100%)
           Open {{v1}} in the browser. If a sign-in page appears, sign in with username admin and password admin; if Graf…
  s_71f5b5  validated    3 steps  3/3 (100%)
           Open {{v1}} in the browser. If a sign-in page appears, sign in with username admin and password admin; if Graf…
  s_36f266  validated    1 steps  3/3 (100%)
           Open {{v1}} in the browser. If a sign-in page appears, sign in with username admin and password admin; if Graf…
  s_9696f2  validated    2 steps  3/3 (100%)
           In Grafana, create a NEW dashboard. Add a Stat visualization panel. Set the panel's title to exactly '{{v2}}'.…
  s_5a219f  demoted     13 steps  1/3 (33%)
           In Grafana, create a NEW dashboard. Add a Stat visualization panel. Set the panel's title to exactly '{{v2}}'.…
  s_1e11de  validated   13 steps  3/3 (100%)
           Open the existing dashboard '{{v1}} Bench Dashboard' (URL http://127.0.0.1:3000/d/{{v2}}/{{v3}}). Add a NEW Te…
  s_1dc0b9  provisional 12 steps  1/2 (50%)
           Open the dashboard '{{v4}}' (URL http://127.0.0.1:3000/d/{{v2}}/{{v3}}). Add the tag 'bench' to the dashboard …
  s_b285c7  provisional 14 steps  1/2 (50%)
           Final verification on the dashboard '{{v1}} Bench Dashboard' (URL {{v5}}). Load it fresh (no query params) and…
  s_dc3c0b  provisional  8 steps  1/2 (50%)  variant of s_1dc0b9
           Open the dashboard '{{v4}}' (URL http://127.0.0.1:3000/d/{{v2}}/{{v3}}). Add the tag 'bench' to the dashboard …
  s_da49f1  validated   18 steps  2/2 (100%)  variant of s_0cf0d3
           Open the dashboard '{{v1}} Bench Dashboard' (URL {{v4}}). Set the dashboard's auto-refresh interval to '1m' us…
  s_0cf0d3  demoted     24 steps  1/2 (50%)
           Open the dashboard '{{v1}} Bench Dashboard' (URL {{v4}}). Set the dashboard's auto-refresh interval to '1m' us…
  s_3ac9cf  provisional 12 steps  1/2 (50%)  variant of s_b285c7
           Final verification on the dashboard '{{v1}} Bench Dashboard' (URL {{v4}}). Load it fresh (no query params) and…
  s_414634  provisional  7 steps  1/1 (100%)
           In Grafana, create a NEW dashboard. Add a Stat visualization panel. Set the panel's title to exactly '{{v2}}'.…
  s_558563  provisional  2 steps  1/1 (100%)
           In Grafana, create a NEW dashboard. Add a Stat visualization panel. Set the panel's title to exactly '{{v2}}'.…
  s_187b12  provisional  1 steps  1/1 (100%)  variant of s_5a219f
           In Grafana, create a NEW dashboard. Add a Stat visualization panel. Set the panel's title to exactly '{{v2}}'.…
  s_4c7823  provisional 15 steps  1/1 (100%)  variant of s_5a219f
           In Grafana, create a NEW dashboard. Add a Stat visualization panel. Set the panel's title to exactly '{{v2}}'.…
  s_cea9e3  provisional  3 steps  1/1 (100%)  variant of s_5a219f
           In Grafana, create a NEW dashboard. Add a Stat visualization panel. Set the panel's title to exactly '{{v2}}'.…
  s_2a3dde  provisional  1 steps  1/1 (100%)  variant of s_5a219f
           In Grafana, create a NEW dashboard. Add a Stat visualization panel. Set the panel's title to exactly '{{v2}}'.…
  s_8eb57d  provisional 12 steps  1/1 (100%)  variant of s_5a219f
           In Grafana, create a NEW dashboard. Add a Stat visualization panel. Set the panel's title to exactly '{{v2}}'.…
  s_eb4c16  provisional  9 steps  1/1 (100%)  variant of s_5a219f
           In Grafana, create a NEW dashboard. Add a Stat visualization panel. Set the panel's title to exactly '{{v2}}'.…
  s_854fd0  provisional  1 steps  1/1 (100%)  variant of s_5a219f
           In Grafana, create a NEW dashboard. Add a Stat visualization panel. Set the panel's title to exactly '{{v2}}'.…
  s_714bd2  provisional  9 steps  1/1 (100%)  variant of s_dc3c0b
           Open the dashboard '{{v4}}' (URL http://127.0.0.1:3000/d/{{v2}}/{{v3}}). Add the tag 'bench' to the dashboard …
  s_6407f3  provisional 22 steps  1/1 (100%)  variant of s_3ac9cf
           Final verification on the dashboard '{{v1}} Bench Dashboard' (URL {{v4}}). Load it fresh (no query params) and…
store: /home/user/sleep-walker/bench/results/fwgr20-skills

summary: /home/user/sleep-walker/bench/results/fwgr20-sweep.json
