
[sweep] run 1/3: fwgr24-n1 (store: /home/user/sleep-walker/bench/results/fwgr24-skills)
[harness] grafana: defaulting APP_URL
[harness] grafana: defaulting APP_EMAIL
[harness] grafana: defaulting APP_PASSWORD
[reset] grafana: deleted leftover dashboard "Service Health" (400)
[harness] grafana responded 302 at http://127.0.0.1:3000/
stopped: fwgr24-n1
  flow "fwgr24" saved: 6 step(s), vars runid → /home/user/sleep-walker/bench/results/flows/fwgr24.json
  warning: warning: 235 run value(s) survived unslotted (non-fatal — a stale urlPattern fails loudly, a stale reportTemplate is caught by synthesizeReport):
  flow.steps[1].instruction: "Stat" (output) in "In Grafana at http://127.0.0.1:3000, create a NEW dashboard. Add a 'Stat' visualization panel, give the panel the title '{{runid}} Availability', and set its da"
  flow.steps[2].instruction: "bench" (output) in "On the existing dashboard '{{runid}} Bench Dashboard' (URL http://127.0.0.1:3000/d/{{02-create.url.p1}}/{{runid}}-bench-dashboard), add a 'Text' visualization p"
  flow.steps[2].params.v4: "bench" (output) in "{{runid}}-bench-dashboard"
  flow.steps[3].instruction: "Last 6 hours" (output) in "On the dashboard '{{runid}} Bench Dashboard' (http://127.0.0.1:3000/d/{{02-create.url.p1}}/{{runid}}-bench-dashboard), do two things and save: (1) Add the tag '"
  flow.steps[3].instruction: "bench" (output) in "On the dashboard '{{runid}} Bench Dashboard' (http://127.0.0.1:3000/d/{{02-create.url.p1}}/{{runid}}-bench-dashboard), do two things and save: (1) Add the tag '"
  flow.steps[3].params.v5: "bench" (output) in "http://127.0.0.1:3000/d/{{02-create.url.p1}}/{{runid}}-bench-dashboard"
  flow.steps[4].instruction: "bench" (output) in "On the dashboard '{{runid}} Bench Dashboard' (http://127.0.0.1:3000/d/{{02-create.url.p1}}/{{runid}}-bench-dashboard), set the dashboard's auto-refresh interval"
  flow.steps[4].params.v3: "bench" (output) in "http://127.0.0.1:3000/d/{{02-create.url.p1}}/{{runid}}-bench-dashboard"
  flow.steps[5].instruction: "bench" (output) in "Open http://127.0.0.1:3000/d/{{02-create.url.p1}}/{{runid}}-bench-dashboard fresh (no query params) and verify the saved state of the dashboard: report (a) the "
  flow.steps[5].params.v1: "bench" (output) in "http://127.0.0.1:3000/d/{{02-create.url.p1}}/{{runid}}-bench-dashboard"
arm=sleep-walker model=z-ai/glm-5.3 runid=fwgr24-n1 stop=completed
turns=7 wall=1838.7s
commands=6 cmdTime=1753.9s cmdBytes=6356 timeouts=0
orchestrator in=9699 cw=0 cr=16320 out=4448
inner prompt=3390355 cached=2654304 completion=21161
spend=$0.4978 maxUsd=2
learn: A_n=0 replayed=0/6 full=0 repaired=0 compiled=6 variants=0
-> /home/user/sleep-walker/bench/results/fwgr24-n1-sleep-walker-result.json

fwgr24-n1: objectives passed 6/6
  obj 1: PASS — all 3 provisioned titles reported
  obj 2: PASS — type=stat, datasource ok=true
  obj 3: PASS — type=text, content includes runid=true
  obj 4: PASS — tags=["bench"], time=now-6h..now
  obj 5: PASS — refresh="1m"
  obj 6: PASS — uid efx4sgld4r9c0d reported

[sweep] run 2/3: fwgr24-n2 (replay flow fwgr24, no orchestrator)
[reset] grafana: deleted leftover dashboard "fwgr24-n1 Bench Dashboard" (200)
[reset] grafana: deleted leftover dashboard "Service Health" (400)
[sweep] fwgr24-n2: 1 drift ticket(s) → fwgr24-n2-drift.json

fwgr24-n2: objectives passed 2/6
  obj 1: PASS — all 3 provisioned titles reported
  obj 2: PASS — type=stat, datasource ok=true
  obj 3: FAIL — text panel not found
  obj 4: FAIL — tags=[], time=undefined..undefined
  obj 5: FAIL — refresh=undefined
  obj 6: FAIL — uid dfx4u9hs76waod NOT in finalText

[sweep] run 3/3: fwgr24-n3 (replay flow fwgr24, no orchestrator)
[reset] grafana: deleted leftover dashboard "Service Health" (400)
[sweep] fwgr24-n3: 3 drift ticket(s) → fwgr24-n3-drift.json

fwgr24-n3: objectives passed 6/6
  obj 1: PASS — all 3 provisioned titles reported
  obj 2: PASS — type=stat, datasource ok=true
  obj 3: PASS — type=text, content includes runid=true
  obj 4: PASS — tags=["bench"], time=now-6h..now
  obj 5: PASS — refresh="1m"
  obj 6: PASS — uid dfx4vdwe2jsaoc reported

Learning sweep fwgr24 (K=3)
┌─────────┬───┬─────────────┬──────────┬─────────────┬───────┬──────┬───────────┬─────┬──────────────┬────────┐
│ (index) │ n │ runid       │ verified │ stop        │ turns │ cmds │ total_usd │ A_n │ replayed     │ wall_s │
├─────────┼───┼─────────────┼──────────┼─────────────┼───────┼──────┼───────────┼─────┼──────────────┼────────┤
│ 0       │ 1 │ 'fwgr24-n1' │ '6/6'    │ 'completed' │ 7     │ 6    │ 0.4978    │ 0   │ '0/6'        │ 1839   │
│ 1       │ 2 │ 'fwgr24-n2' │ '2/6'    │ 'halted'    │ 59    │ 6    │ 0.136     │ 1   │ '1/6 (flow)' │ 752    │
│ 2       │ 3 │ 'fwgr24-n3' │ '6/6'    │ 'success'   │ 120   │ 6    │ 0.243     │ 1   │ '6/6 (flow)' │ 1062   │
└─────────┴───┴─────────────┴──────────┴─────────────┴───────┴──────┴───────────┴─────┴──────────────┴────────┘
http://127.0.0.1:3000
  s_4ff0d8  validated    3 steps  3/3 (100%)
           Open {{v1}} and sign in with username 'admin' and password 'admin' (if a change-password prompt appears, skip …
  s_fa8cef  validated    2 steps  3/3 (100%)
           Open {{v1}} and sign in with username 'admin' and password 'admin' (if a change-password prompt appears, skip …
  s_829e81  validated    4 steps  3/3 (100%)
           Open {{v1}} and sign in with username 'admin' and password 'admin' (if a change-password prompt appears, skip …
  s_a702d4  validated    2 steps  3/3 (100%)
           Open {{v1}} and sign in with username 'admin' and password 'admin' (if a change-password prompt appears, skip …
  s_3f6224  validated    8 steps  3/3 (100%)
           In Grafana at http://127.0.0.1:3000, create a NEW dashboard. Add a 'Stat' visualization panel, give the panel …
  s_917a0b  validated    2 steps  3/3 (100%)
           In Grafana at http://127.0.0.1:3000, create a NEW dashboard. Add a 'Stat' visualization panel, give the panel …
  s_bf449f  demoted      7 steps  1/3 (33%)
           In Grafana at http://127.0.0.1:3000, create a NEW dashboard. Add a 'Stat' visualization panel, give the panel …
  s_5c263d  provisional 18 steps  1/2 (50%)
           On the existing dashboard '{{v1}}' (URL http://127.0.0.1:3000/d/{{v3}}/{{v4}}), add a 'Text' visualization pan…
  s_57434d  validated   14 steps  2/2 (100%)
           On the dashboard '{{v1}}' ({{v5}}), do two things and save: (1) Add the tag 'bench' to the dashboard (via dash…
  s_9495b1  validated   26 steps  2/2 (100%)
           On the dashboard '{{v1}}' ({{v3}}), set the dashboard's auto-refresh interval to '1m' (open the time picker in…
  s_41c4ef  provisional 10 steps  1/2 (50%)
           Open {{v1}} fresh (no query params) and verify the saved state of the dashboard: report (a) the dashboard titl…
  s_4c0ca3  provisional  1 steps  1/1 (100%)  variant of s_bf449f
           In Grafana at http://127.0.0.1:3000, create a NEW dashboard. Add a 'Stat' visualization panel, give the panel …
  s_cc6b45  provisional 22 steps  1/1 (100%)  variant of s_bf449f
           In Grafana at http://127.0.0.1:3000, create a NEW dashboard. Add a 'Stat' visualization panel, give the panel …
  s_8896cd  provisional 18 steps  1/1 (100%)  variant of s_5c263d
           On the existing dashboard '{{v1}} Bench Dashboard' (URL http://127.0.0.1:3000/d/{{v2}}/{{v3}}), add a 'Text' v…
  s_e6e3e1  provisional 14 steps  1/1 (100%)  variant of s_41c4ef
           Open {{v4}} fresh (no query params) and verify the saved state of the dashboard: report (a) the dashboard titl…
store: /home/user/sleep-walker/bench/results/fwgr24-skills

summary: /home/user/sleep-walker/bench/results/fwgr24-sweep.json
