
[sweep] run 1/3: fwgr22-n1 (store: /home/user/sleep-walker/bench/results/fwgr22-skills)
[harness] grafana: defaulting APP_URL
[harness] grafana: defaulting APP_EMAIL
[harness] grafana: defaulting APP_PASSWORD
[reset] grafana: deleted leftover dashboard "Service Health" (400)
[harness] grafana responded 302 at http://127.0.0.1:3000/
stopped: fwgr22-n1
  flow "fwgr22" saved: 7 step(s), vars runid → /home/user/sleep-walker/bench/results/flows/fwgr22.json
  warning: note: dropped 4 locator candidate(s) carrying a value this run minted (known only by export time)
  warning: warning: 95 run value(s) survived unslotted (non-fatal — a stale urlPattern fails loudly, a stale reportTemplate is caught by synthesizeReport):
  flow.steps[0].instruction: "Dashboards" (output) in "Sign in to Grafana at http://127.0.0.1:3000/ with username 'admin' and password 'admin' (skip/confirm any new-password prompt if it appears). Then navigate to D"
  flow.steps[1].instruction: "Dashboards" (output) in "Create a new dashboard in Grafana (Dashboards > New dashboard > Add visualization). Name the dashboard's title exactly '{{runid}} {{01-signin.row_title}} Dashbo"
  flow.steps[1].instruction: "TestData" (output) in "Create a new dashboard in Grafana (Dashboards > New dashboard > Add visualization). Name the dashboard's title exactly '{{runid}} {{01-signin.row_title}} Dashbo"
  flow.steps[2].instruction: "bench" (output) in "On the currently open dashboard '{{runid}} {{01-signin.row_title}} Dashboard' (URL http://127.0.0.1:3000/d/{{02-create.url.p1}}/{{runid}}-bench-dashboard), add "
  flow.steps[2].params.v5: "bench" (output) in "{{runid}}-bench-dashboard"
  flow.steps[3].instruction: "bench" (output) in "On the open dashboard '{{runid}} {{01-signin.row_title}} Dashboard' (http://127.0.0.1:3000/d/{{02-create.url.p1}}/{{runid}}-bench-dashboard), add the tag 'bench"
  flow.steps[3].params.v5: "bench" (output) in "{{runid}}-bench-dashboard"
  flow.steps[4].instruction: "Last 6 hours" (output) in "On the open dashboard '{{runid}} {{01-signin.row_title}} Dashboard' (http://127.0.0.1:3000/d/{{02-create.url.p1}}/{{runid}}-bench-dashboard), set the dashboard "
  flow.steps[4].instruction: "checked" (output) in "On the open dashboard '{{runid}} {{01-signin.row_title}} Dashboard' (http://127.0.0.1:3000/d/{{02-create.url.p1}}/{{runid}}-bench-dashboard), set the dashboard "
  flow.steps[4].instruction: "bench" (output) in "On the open dashboard '{{runid}} {{01-signin.row_title}} Dashboard' (http://127.0.0.1:3000/d/{{02-create.url.p1}}/{{runid}}-bench-dashboard), set the dashboard "
  warning: {{02-create.save_confirmation_alert}} (used by 03-open) can only be re-observed by model recovery — consider re-recording so the value is read from the page.
arm=sleep-walker model=z-ai/glm-5.3 runid=fwgr22-n1 stop=completed
turns=8 wall=2609.5s
commands=7 cmdTime=2484.2s cmdBytes=7998 timeouts=0
orchestrator in=6261 cw=0 cr=26048 out=3360
inner prompt=4026483 cached=2984896 completion=49640
spend=$0.6131 maxUsd=2
learn: A_n=0 replayed=0/7 full=0 repaired=0 compiled=7 variants=0
-> /home/user/sleep-walker/bench/results/fwgr22-n1-sleep-walker-result.json

fwgr22-n1: objectives passed 6/6
  obj 1: PASS — all 3 provisioned titles reported
  obj 2: PASS — type=stat, datasource ok=true
  obj 3: PASS — type=text, content includes runid=true
  obj 4: PASS — tags=["bench"], time=now-6h..now
  obj 5: PASS — refresh="1m"
  obj 6: PASS — uid afx327ia3kx6oc reported

[sweep] run 2/3: fwgr22-n2 (replay flow fwgr22, no orchestrator)
[reset] grafana: deleted leftover dashboard "fwgr22-n1 Bench Dashboard" (200)
[reset] grafana: deleted leftover dashboard "Service Health" (400)
[sweep] fwgr22-n2: 3 drift ticket(s) → fwgr22-n2-drift.json

fwgr22-n2: objectives passed 6/6
  obj 1: PASS — all 3 provisioned titles reported
  obj 2: PASS — type=stat, datasource ok=true
  obj 3: PASS — type=text, content includes runid=true
  obj 4: PASS — tags=["bench"], time=now-6h..now
  obj 5: PASS — refresh="1m"
  obj 6: PASS — uid ffx35k2thq800d reported

[sweep] run 3/3: fwgr22-n3 (replay flow fwgr22, no orchestrator)
[reset] grafana: deleted leftover dashboard "fwgr22-n2 Bench Dashboard" (200)
[reset] grafana: deleted leftover dashboard "Service Health" (400)
[sweep] fwgr22-n3: 3 drift ticket(s) → fwgr22-n3-drift.json

fwgr22-n3: objectives passed 6/6
  obj 1: PASS — all 3 provisioned titles reported
  obj 2: PASS — type=stat, datasource ok=true
  obj 3: PASS — type=text, content includes runid=true
  obj 4: PASS — tags=["bench"], time=now-6h..now
  obj 5: PASS — refresh="1m"
  obj 6: PASS — uid dfx36mfdjy77ka reported

Learning sweep fwgr22 (K=3)
┌─────────┬───┬─────────────┬──────────┬─────────────┬───────┬──────┬───────────┬─────┬──────────────┬────────┐
│ (index) │ n │ runid       │ verified │ stop        │ turns │ cmds │ total_usd │ A_n │ replayed     │ wall_s │
├─────────┼───┼─────────────┼──────────┼─────────────┼───────┼──────┼───────────┼─────┼──────────────┼────────┤
│ 0       │ 1 │ 'fwgr22-n1' │ '6/6'    │ 'completed' │ 8     │ 7    │ 0.6131    │ 0   │ '0/7'        │ 2609   │
│ 1       │ 2 │ 'fwgr22-n2' │ '6/6'    │ 'halted'    │ 6     │ 7    │ 0.0157    │ 1   │ '6/7 (flow)' │ 714    │
│ 2       │ 3 │ 'fwgr22-n3' │ '6/6'    │ 'halted'    │ 7     │ 7    │ 0.0245    │ 1   │ '6/7 (flow)' │ 735    │
└─────────┴───┴─────────────┴──────────┴─────────────┴───────┴──────┴───────────┴─────┴──────────────┴────────┘
http://127.0.0.1:3000
  s_b4a5a0  validated    2 steps  5/5 (100%)
           Sign in to Grafana at {{v1}} with username 'admin' and password 'admin' (skip/confirm any new-password prompt …
  s_b1edbb  validated    2 steps  5/5 (100%)
           Create a new dashboard in Grafana (Dashboards > New dashboard > Add visualization). Name the dashboard's title…
  s_54a312  validated    3 steps  3/3 (100%)
           Sign in to Grafana at {{v1}} with username 'admin' and password 'admin' (skip/confirm any new-password prompt …
  s_b0ed0c  validated    2 steps  3/3 (100%)
           Sign in to Grafana at {{v1}} with username 'admin' and password 'admin' (skip/confirm any new-password prompt …
  s_313b6b  validated    4 steps  3/3 (100%)
           Sign in to Grafana at {{v1}} with username 'admin' and password 'admin' (skip/confirm any new-password prompt …
  s_6544b6  validated    5 steps  3/3 (100%)
           Sign in to Grafana at {{v1}} with username 'admin' and password 'admin' (skip/confirm any new-password prompt …
  s_2684f5  validated   16 steps  3/3 (100%)
           Create a new dashboard in Grafana (Dashboards > New dashboard > Add visualization). Name the dashboard's title…
  s_278d42  validated    4 steps  3/3 (100%)
           Create a new dashboard in Grafana (Dashboards > New dashboard > Add visualization). Name the dashboard's title…
  s_c723b7  validated   21 steps  3/3 (100%)
           On the currently open dashboard '{{v1}}' (URL http://127.0.0.1:3000/d/{{v4}}/{{v5}}), add a NEW panel of visua…
  s_5f5ed9  validated    6 steps  3/3 (100%)
           On the open dashboard '{{v1}}' (http://127.0.0.1:3000/d/{{v4}}/{{v5}}), add the tag 'bench' to the dashboard: …
  s_b247dd  validated   17 steps  3/3 (100%)
           On the open dashboard '{{v1}}' (http://127.0.0.1:3000/d/{{v4}}/{{v5}}), set the dashboard time range to the la…
  s_3396bb  validated   11 steps  3/3 (100%)
           On the open dashboard '{{v1}}' (http://127.0.0.1:3000/d/{{v4}}/{{v5}}), set the dashboard's auto-refresh inter…
  s_f3fa58  provisional 17 steps  1/1 (100%)
           Final verification of the dashboard at {{v6}}: open that URL fresh (no from/to/refresh query parameters). Repo…
store: /home/user/sleep-walker/bench/results/fwgr22-skills

summary: /home/user/sleep-walker/bench/results/fwgr22-sweep.json
