
[sweep] run 1/3: fwkb4-n1 (store: /home/user/sleep-walker/bench/results/fwkb4-skills)
[harness] kanboard: defaulting APP_URL
[harness] kanboard: defaulting APP_EMAIL
[harness] kanboard: defaulting APP_PASSWORD
[reset] kanboard: no leftover bench tasks
[harness] kanboard responded 302 at http://127.0.0.1:8085/
stopped: fwkb4-n1
  flow "fwkb4" saved: 5 step(s), vars runid → /home/user/sleep-walker/bench/results/flows/fwkb4.json
  warning: warning: 39 run value(s) survived unslotted (non-fatal — a stale urlPattern fails loudly, a stale reportTemplate is caught by synthesizeReport):
  flow.steps[0].instruction: "Board" (output) in "Sign in to the Kanboard app at http://127.0.0.1:8085/ with username admin and password admin. Then navigate to the project named 'Bench Board' and open its boar"
  flow.steps[1].instruction: "Board" (output) in "On the Kanboard 'Bench Board' project board, create a new task with the exact title '{{runid}} Bench Task' and a description that includes the text '{{runid}}' "
  flow.steps[2].instruction: "Board" (output) in "On the Kanboard 'Bench Board' board, move the task titled '{{runid}} Bench Task' (task #4) so that it sits in the 'Work in progress' column. You can drag the ca"
  flow.steps[2].params.v1: "Board" (output) in "Board"
  flow.steps[4].instruction: "Board" (output) in "Verify the final state of the Kanboard 'Bench Board' project without changing anything: open the board and confirm which column the task '{{runid}} Bench Task' "
  flow.steps[4].params.v1: "Board" (output) in "Board"
  s_ce6ea1.template: "Board" (output) in "Sign in to the Kanboard app at {{v1}} with username admin and password admin. Then navigate to the project named 'Bench Board' and open its board view. Report t"
  s_ce6ea1.steps[4].expect.addedContains[4]: "Board" (output) in "- link \"Bench Board\""
  s_ce6ea1.steps[5].locators.target[0].name: "Board" (output) in "Bench Board"
  s_ce6ea1.steps[5].expect.addedContains[0]: "Board" (output) in "- heading \"KB Bench Board\""
arm=sleep-walker model=z-ai/glm-5.3 runid=fwkb4-n1 stop=completed
turns=6 wall=384.5s
commands=5 cmdTime=351.4s cmdBytes=2278 timeouts=0
orchestrator in=7877 cw=0 cr=9760 out=1461
inner prompt=1147178 cached=967424 completion=12745
spend=$0.0418 maxUsd=2
learn: A_n=0 replayed=0/5 full=0 repaired=0 compiled=5 variants=0
-> /home/user/sleep-walker/bench/results/fwkb4-n1-sleep-walker-result.json

fwkb4-n1: objectives passed 6/6
  obj 1: PASS — all 4 column names reported (Backlog | Ready | Work in progress | Done)
  obj 2: PASS — description includes runid=true
  obj 3: PASS — column=Work in progress
  obj 4: PASS — 1 comment(s), runid present=true
  obj 5: PASS — date_due=2026-12-31, want 2026-12-31
  obj 6: PASS — task id 4 reported

[sweep] run 2/3: fwkb4-n2 (replay flow fwkb4, no orchestrator)
[reset] kanboard: deleted 1 leftover bench task(s)

fwkb4-n2: objectives passed 4/6
  obj 1: UNVERIFIABLE — no result file with finalText found
  obj 2: PASS — description includes runid=true
  obj 3: PASS — column=Work in progress
  obj 4: PASS — 1 comment(s), runid present=true
  obj 5: PASS — date_due=2026-12-31, want 2026-12-31
  obj 6: UNVERIFIABLE — no result file with finalText found

[sweep] run 3/3: fwkb4-n3 (replay flow fwkb4, no orchestrator)
[reset] kanboard: deleted 1 leftover bench task(s)

fwkb4-n3: objectives passed 4/6
  obj 1: UNVERIFIABLE — no result file with finalText found
  obj 2: PASS — description includes runid=true
  obj 3: PASS — column=Work in progress
  obj 4: PASS — 1 comment(s), runid present=true
  obj 5: PASS — date_due=2026-12-31, want 2026-12-31
  obj 6: UNVERIFIABLE — no result file with finalText found

Learning sweep fwkb4 (K=3)
┌─────────┬───┬────────────┬──────────┬─────────────┬───────┬──────┬───────────┬─────┬──────────────┬────────┐
│ (index) │ n │ runid      │ verified │ stop        │ turns │ cmds │ total_usd │ A_n │ replayed     │ wall_s │
├─────────┼───┼────────────┼──────────┼─────────────┼───────┼──────┼───────────┼─────┼──────────────┼────────┤
│ 0       │ 1 │ 'fwkb4-n1' │ '6/6'    │ 'completed' │ 6     │ 5    │ 0.0418    │ 0   │ '0/5'        │ 385    │
│ 1       │ 2 │ 'fwkb4-n2' │ '4/4'    │ 'success'   │ 0     │ 5    │ 0         │ 1   │ '5/5 (flow)' │ 21     │
│ 2       │ 3 │ 'fwkb4-n3' │ '4/4'    │ 'success'   │ 0     │ 5    │ 0         │ 1   │ '5/5 (flow)' │ 21     │
└─────────┴───┴────────────┴──────────┴─────────────┴───────┴──────┴───────────┴─────┴──────────────┴────────┘
http://127.0.0.1:8085
  s_ce6ea1  validated    6 steps  3/3 (100%)
           Sign in to the Kanboard app at {{v1}} with username admin and password admin. Then navigate to the project nam…
  s_cfedb4  validated    9 steps  3/3 (100%)
           On the Kanboard 'Bench Board' project board, create a new task with the exact title '{{v2}}' and a description…
  s_bdc240  validated    4 steps  3/3 (100%)
           On the Kanboard 'Bench {{v1}}' board, move the task titled '{{v2}}' (task #4) so that it sits in the 'Work in …
  s_4a6dcf  validated   11 steps  3/3 (100%)
           On the Kanboard task page for task #4 titled '{{v1}}', add a comment whose text includes '{{v2}}' (e.g. '{{v3}…
  s_e374db  validated   11 steps  3/3 (100%)
           Verify the final state of the Kanboard 'Bench {{v1}}' project without changing anything: open the board and co…
store: /home/user/sleep-walker/bench/results/fwkb4-skills

summary: /home/user/sleep-walker/bench/results/fwkb4-sweep.json
