
[sweep] run 1/3: fwod31-n1 (store: /home/user/sleep-walker/bench/results/fwod31-skills)
[harness] odoo: defaulting APP_URL
[harness] odoo: defaulting APP_EMAIL
[harness] odoo: defaulting APP_PASSWORD
[reset] odoo: no leftover bench customers
[harness] odoo responded 303 at http://127.0.0.1:8069/
stopped: fwod31-n1
  flow "fwod31" saved: 6 step(s), vars runid → /home/user/sleep-walker/bench/results/flows/fwod31.json
  warning: note: dropped 1 locator candidate(s) carrying a value this run minted (known only by export time)
  warning: warning: 91 run value(s) survived unslotted (non-fatal — a stale urlPattern fails loudly, a stale reportTemplate is caught by synthesizeReport):
  flow.steps[0].instruction: "Benchville" (output) in "Sign in to Odoo 17 at http://127.0.0.1:8069/ with login 'admin' and password 'admin' (skip the URL if already signed in). Then create a new customer contact nam"
  flow.steps[0].params.v4: "Benchville" (output) in "Benchville"
  flow.steps[1].instruction: "Untaxed Amount" (output) in "In Odoo, go to Sales > Orders > Quotations and create a new quotation for customer '{{runid}} Bench Customer' (choose the customer from the autocomplete dropdow"
  flow.steps[2].instruction: "Untaxed Amount" (output) in "Open the existing quotation {{02-create.order_reference}} (customer '{{runid}} Bench Customer') in Odoo Sales. Add a SECOND order line with a DIFFERENT product "
  flow.steps[4].instruction: "Sales Order" (output) in "Open quotation {{02-create.order_reference}} in Odoo Sales and confirm it (click Confirm Order / Confirm) so it becomes a sales order. Report the order referenc"
  flow.steps[5].instruction: "Cancelled" (output) in "Open sales order {{02-create.order_reference}} in Odoo Sales and cancel it (use the Cancel button, confirm any dialog). Report the status the app shows after ca"
  s_97570a.template: "Untaxed Amount" (output) in "In Odoo, go to Sales > Orders > Quotations and create a new quotation for customer '{{v1}}' (choose the customer from the autocomplete dropdown). Add exactly ON"
  s_6eba1f.template: "Untaxed Amount" (output) in "In Odoo, go to Sales > Orders > Quotations and create a new quotation for customer '{{v1}}' (choose the customer from the autocomplete dropdown). Add exactly ON"
  s_15b2dc.template: "Untaxed Amount" (output) in "In Odoo, go to Sales > Orders > Quotations and create a new quotation for customer '{{v1}}' (choose the customer from the autocomplete dropdown). Add exactly ON"
  s_15b2dc.steps[3].locators.target[0].name: "Chair floor protection" (output) in "Chair floor protection"
arm=sleep-walker model=z-ai/glm-5.3 runid=fwod31-n1 stop=completed
turns=7 wall=1094.2s
commands=6 cmdTime=1063.4s cmdBytes=2798 timeouts=0
orchestrator in=3820 cw=0 cr=17856 out=861
inner prompt=1550176 cached=1130752 completion=11678
spend=$0.0503 maxUsd=2
learn: A_n=0 replayed=0/6 full=0 repaired=0 compiled=6 variants=0
-> /home/user/sleep-walker/bench/results/fwod31-n1-sleep-walker-result.json

fwod31-n1: objectives passed 6/6
  obj 1: PASS — city="Benchville"
  obj 2: PASS — orders for customer: 1, lines: 2
  obj 3: PASS — 2 lines, 2 distinct products
  obj 4: PASS — quantities: 5, 2
  obj 5: PASS — state tracking shows confirmation
  obj 6: PASS — final state=cancel, ref=S00021

[sweep] run 2/3: fwod31-n2 (replay flow fwod31, no orchestrator)
[reset] odoo: deleted 1 leftover bench order(s)
[reset] odoo: deleted 1 leftover bench customer(s)
[sweep] fwod31-n2: 3 drift ticket(s) → fwod31-n2-drift.json

fwod31-n2: objectives passed 6/6
  obj 1: PASS — city="Benchville"
  obj 2: PASS — orders for customer: 1, lines: 2
  obj 3: PASS — 2 lines, 2 distinct products
  obj 4: PASS — quantities: 5, 2
  obj 5: PASS — state tracking shows confirmation
  obj 6: PASS — final state=cancel, ref=S00022

[sweep] run 3/3: fwod31-n3 (replay flow fwod31, no orchestrator)
[reset] odoo: deleted 1 leftover bench order(s)
[reset] odoo: deleted 1 leftover bench customer(s)
[sweep] fwod31-n3: 3 drift ticket(s) → fwod31-n3-drift.json

fwod31-n3: objectives passed 6/6
  obj 1: PASS — city="Benchville"
  obj 2: PASS — orders for customer: 1, lines: 2
  obj 3: PASS — 2 lines, 2 distinct products
  obj 4: PASS — quantities: 5, 2
  obj 5: PASS — state tracking shows confirmation
  obj 6: PASS — final state=cancel, ref=S00023

Learning sweep fwod31 (K=3)
┌─────────┬───┬─────────────┬──────────┬─────────────┬───────┬──────┬───────────┬─────┬──────────────┬────────┐
│ (index) │ n │ runid       │ verified │ stop        │ turns │ cmds │ total_usd │ A_n │ replayed     │ wall_s │
├─────────┼───┼─────────────┼──────────┼─────────────┼───────┼──────┼───────────┼─────┼──────────────┼────────┤
│ 0       │ 1 │ 'fwod31-n1' │ '6/6'    │ 'completed' │ 7     │ 6    │ 0.0503    │ 0   │ '0/6'        │ 1094   │
│ 1       │ 2 │ 'fwod31-n2' │ '6/6'    │ 'success'   │ 6     │ 6    │ 0.0018    │ 1   │ '6/6 (flow)' │ 175    │
│ 2       │ 3 │ 'fwod31-n3' │ '6/6'    │ 'success'   │ 6     │ 6    │ 0.0023    │ 1   │ '6/6 (flow)' │ 248    │
└─────────┴───┴─────────────┴──────────┴─────────────┴───────┴──────┴───────────┴─────┴──────────────┴────────┘
http://127.0.0.1:8069
  s_fc8a1b  validated    2 steps  3/3 (100%)
           Sign in to Odoo 17 at {{v2}} with login 'admin' and password 'admin' (skip the URL if already signed in). Then…
  s_19e6d6  validated    1 steps  3/3 (100%)
           Sign in to Odoo 17 at {{v2}} with login 'admin' and password 'admin' (skip the URL if already signed in). Then…
  s_4a8224  validated    2 steps  3/3 (100%)
           Sign in to Odoo 17 at {{v2}} with login 'admin' and password 'admin' (skip the URL if already signed in). Then…
  s_84bda9  demoted      2 steps  1/3 (33%)
           Sign in to Odoo 17 at {{v2}} with login 'admin' and password 'admin' (skip the URL if already signed in). Then…
  s_6eba1f  validated    1 steps  3/3 (100%)
           In Odoo, go to Sales > Orders > Quotations and create a new quotation for customer '{{v1}}' (choose the custom…
  s_15b2dc  validated    6 steps  3/3 (100%)
           In Odoo, go to Sales > Orders > Quotations and create a new quotation for customer '{{v1}}' (choose the custom…
  s_31851a  validated    4 steps  3/3 (100%)
           In Odoo, go to Sales > Orders > Quotations and create a new quotation for customer '{{v1}}' (choose the custom…
  s_97570a  validated    3 steps  3/3 (100%)
           In Odoo, go to Sales > Orders > Quotations and create a new quotation for customer '{{v1}}' (choose the custom…
  s_c71486  validated   17 steps  3/3 (100%)
           Open the existing quotation {{v1}} (customer '{{v2}}') in Odoo Sales. Add a SECOND order line with a DIFFERENT…
  s_aff41f  validated    8 steps  3/3 (100%)
           Open quotation {{v1}} in Odoo Sales and change the FIRST order line's quantity from 3 to 5 (the line for produ…
  s_46d6d4  validated    3 steps  3/3 (100%)
           Open quotation {{v1}} in Odoo Sales and confirm it (click Confirm Order / Confirm) so it becomes a sales order…
  s_b8a0b5  validated   11 steps  3/3 (100%)
           Open sales order {{v1}} in Odoo Sales and cancel it (use the Cancel button, confirm any dialog). Report the st…
  s_24def3  provisional  1 steps  1/1 (100%)
           Sign in to Odoo 17 at {{v2}} with login 'admin' and password 'admin' (skip the URL if already signed in). Then…
  s_eabbd9  provisional  4 steps  1/1 (100%)
           Sign in to Odoo 17 at {{v2}} with login 'admin' and password 'admin' (skip the URL if already signed in). Then…
  s_4ac12f  provisional  1 steps  1/1 (100%)  variant of s_84bda9
           Sign in to Odoo 17 at http://127.0.0.1:8069/ with login 'admin' and password 'admin' (skip the URL if already …
  s_025fea  provisional  1 steps  1/1 (100%)  variant of s_84bda9
           Sign in to Odoo 17 at http://127.0.0.1:8069/ with login 'admin' and password 'admin' (skip the URL if already …
  s_19c152  provisional  1 steps  1/1 (100%)  variant of s_84bda9
           Sign in to Odoo 17 at http://127.0.0.1:8069/ with login 'admin' and password 'admin' (skip the URL if already …
  s_596dee  provisional  2 steps  1/1 (100%)  variant of s_84bda9
           Sign in to Odoo 17 at http://127.0.0.1:8069/ with login 'admin' and password 'admin' (skip the URL if already …
  s_a83230  provisional  2 steps  1/1 (100%)  variant of s_84bda9
           Sign in to Odoo 17 at http://127.0.0.1:8069/ with login 'admin' and password 'admin' (skip the URL if already …
  s_f109b5  provisional  1 steps  1/1 (100%)  variant of s_84bda9
           Sign in to Odoo 17 at http://127.0.0.1:8069/ with login 'admin' and password 'admin' (skip the URL if already …
  s_a8b411  provisional  1 steps  1/1 (100%)  variant of s_84bda9
           Sign in to Odoo 17 at http://127.0.0.1:8069/ with login 'admin' and password 'admin' (skip the URL if already …
  s_1b8063  provisional  1 steps  1/1 (100%)  variant of s_84bda9
           Sign in to Odoo 17 at http://127.0.0.1:8069/ with login 'admin' and password 'admin' (skip the URL if already …
  s_d84fc9  provisional  2 steps  1/1 (100%)  variant of s_84bda9
           Sign in to Odoo 17 at http://127.0.0.1:8069/ with login 'admin' and password 'admin' (skip the URL if already …
  s_64333f  provisional  2 steps  1/1 (100%)  variant of s_84bda9
           Sign in to Odoo 17 at http://127.0.0.1:8069/ with login 'admin' and password 'admin' (skip the URL if already …
store: /home/user/sleep-walker/bench/results/fwod31-skills

summary: /home/user/sleep-walker/bench/results/fwod31-sweep.json
