[sweep] reusing fwod10's recording: 7 step(s), store from /home/user/browser-pilot/bench/results/fwod10-skills

[sweep] run 2/3: fwod13-n2 (replay flow fwod13, no orchestrator)
[reset-app] reloaded seed via http://127.0.0.1:4180/__reset
[sweep] fwod13-n2: 2 drift ticket(s) → fwod13-n2-drift.json

fwod13-n2: objectives passed 1/6
  obj 1: PASS — city="Benchville"
  obj 2: FAIL — orders for customer: 2
  obj 3: FAIL — no single order to check
  obj 4: FAIL — no single order to check
  obj 5: FAIL — no order
  obj 6: FAIL — no order

[sweep] run 3/3: fwod13-n3 (replay flow fwod13, no orchestrator)
[reset-app] reloaded seed via http://127.0.0.1:4180/__reset
[sweep] fwod13-n3: 2 drift ticket(s) → fwod13-n3-drift.json

fwod13-n3: objectives passed 1/6
  obj 1: PASS — city="Benchville"
  obj 2: FAIL — orders for customer: 3
  obj 3: FAIL — no single order to check
  obj 4: FAIL — no single order to check
  obj 5: FAIL — no order
  obj 6: FAIL — no order

Learning sweep fwod13 (K=3)
┌─────────┬───┬─────────────┬──────────┬───────────┬───────┬──────┬───────────┬─────┬──────────────┬────────┐
│ (index) │ n │ runid       │ verified │ stop      │ turns │ cmds │ total_usd │ A_n │ replayed     │ wall_s │
├─────────┼───┼─────────────┼──────────┼───────────┼───────┼──────┼───────────┼─────┼──────────────┼────────┤
│ 0       │ 2 │ 'fwod13-n2' │ '1/6'    │ 'success' │ 83    │ 7    │ 0.2066    │ 1   │ '7/7 (flow)' │ 704    │
│ 1       │ 3 │ 'fwod13-n3' │ '1/6'    │ 'success' │ 59    │ 7    │ 0.1128    │ 1   │ '7/7 (flow)' │ 790    │
└─────────┴───┴─────────────┴──────────┴───────────┴───────┴──────┴───────────┴─────┴──────────────┴────────┘
http://127.0.0.1:8069
  s_d7ac12  validated    3 steps  9/9 (100%)
           In Odoo, open the existing quotation S00021 (customer {{v1}}). It has two order lines: line 1 Pedal Bin [E-COM…
  s_a7437f  demoted      2 steps  3/5 (60%)
           Open {{v2}} and sign in with username admin and password admin. Then in Odoo, create a new customer contact na…
  s_7f6ee3  validated    2 steps  5/5 (100%)
           In Odoo (already signed in as admin), go to Sales -> Orders -> Quotations and create a new quotation for the c…
  s_d456b0  validated    2 steps  5/5 (100%)
           In Odoo (already signed in as admin), go to Sales -> Orders -> Quotations and create a new quotation for the c…
  s_7b5e7b  validated    7 steps  5/5 (100%)
           In Odoo (already signed in as admin), go to Sales -> Orders -> Quotations and create a new quotation for the c…
  s_18cbe1  validated    8 steps  5/5 (100%)
           In Odoo, open the existing quotation S00021 (customer {{v1}}, currently one order line: Pedal Bin [E-COM10] qt…
  s_e3f210  validated    1 steps  5/5 (100%)
           In Odoo, open the existing quotation S00021 (customer {{v1}}). It has two order lines: line 1 Pedal Bin [E-COM…
  s_7ff03e  validated    1 steps  5/5 (100%)
           In Odoo, open the existing quotation S00021 (customer {{v1}}, two lines: Pedal Bin qty 5, Conference Chair qty…
  s_1f9347  validated   12 steps  5/5 (100%)
           In Odoo, open the confirmed sales order S00021 (customer {{v1}}, status 'Sales Order'). Cancel the order (use …
  s_80fe0d  validated    1 steps  5/5 (100%)
           In Odoo (signed in as admin), verify two things and report them without changing anything: (1) Open the contac…
  s_29163e  validated    2 steps  3/3 (100%)
           Open {{v2}} and sign in with username admin and password admin. Then in Odoo, create a new customer contact na…
  s_974315  validated    1 steps  3/3 (100%)
           Open {{v2}} and sign in with username admin and password admin. Then in Odoo, create a new customer contact na…
  s_fbfecb  validated    2 steps  3/3 (100%)
           Open {{v2}} and sign in with username admin and password admin. Then in Odoo, create a new customer contact na…
  s_c20df2  demoted      4 steps  1/3 (33%)
           Open {{v2}} and sign in with username admin and password admin. Then in Odoo, create a new customer contact na…
  s_1ba969  provisional  4 steps  1/1 (100%)
           Open {{v2}} and sign in with username admin and password admin. Then in Odoo, create a new customer contact na…
  s_8fdcc3  provisional  3 steps  1/1 (100%)
           Open {{v2}} and sign in with username admin and password admin. Then in Odoo, create a new customer contact na…
  s_213f24  provisional  3 steps  1/1 (100%)
           Open {{v2}} and sign in with username admin and password admin. Then in Odoo, create a new customer contact na…
  s_ca9ab5  provisional  2 steps  1/1 (100%)
           Open {{v2}} and sign in with username admin and password admin. Then in Odoo, create a new customer contact na…
  s_96e425  provisional  3 steps  1/1 (100%)
           Open {{v2}} and sign in with username admin and password admin. Then in Odoo, create a new customer contact na…
  s_a75114  provisional  3 steps  1/1 (100%)
           Open {{v2}} and sign in with username admin and password admin. Then in Odoo, create a new customer contact na…
  s_bb810e  provisional  2 steps  1/1 (100%)
           Open {{v2}} and sign in with username admin and password admin. Then in Odoo, create a new customer contact na…
  s_f648d2  provisional  1 steps  1/1 (100%)
           In Odoo (already signed in as admin), go to Sales -> Orders -> Quotations and create a new quotation for the c…
  s_827b7f  provisional  4 steps  1/1 (100%)
           In Odoo (already signed in as admin), go to Sales -> Orders -> Quotations and create a new quotation for the c…
  s_927da1  provisional  1 steps  1/1 (100%)
           In Odoo (already signed in as admin), go to Sales -> Orders -> Quotations and create a new quotation for the c…
  s_0191d9  provisional  4 steps  1/1 (100%)
           In Odoo (already signed in as admin), go to Sales -> Orders -> Quotations and create a new quotation for the c…
  s_1f3377  provisional  1 steps  1/1 (100%)  variant of s_c20df2
           Open http://127.0.0.1:8069/ and sign in with username admin and password admin. Then in Odoo, create a new cus…
  s_6a3608  provisional  3 steps  1/1 (100%)  variant of s_c20df2
           Open http://127.0.0.1:8069/ and sign in with username admin and password admin. Then in Odoo, create a new cus…
  s_e9f8ba  provisional  2 steps  1/1 (100%)  variant of s_c20df2
           Open http://127.0.0.1:8069/ and sign in with username admin and password admin. Then in Odoo, create a new cus…
  s_e22bf0  provisional  1 steps  1/1 (100%)  variant of s_c20df2
           Open http://127.0.0.1:8069/ and sign in with username admin and password admin. Then in Odoo, create a new cus…
  s_5c6522  provisional  4 steps  1/1 (100%)  variant of s_c20df2
           Open http://127.0.0.1:8069/ and sign in with username admin and password admin. Then in Odoo, create a new cus…
  s_c52455  provisional  2 steps  1/1 (100%)  variant of s_c20df2
           Open http://127.0.0.1:8069/ and sign in with username admin and password admin. Then in Odoo, create a new cus…
  s_759acf  provisional  2 steps  1/1 (100%)
           In Odoo (already signed in as admin), go to Sales -> Orders -> Quotations and create a new quotation for the c…
  s_15c852  provisional  2 steps  1/1 (100%)
           In Odoo (already signed in as admin), go to Sales -> Orders -> Quotations and create a new quotation for the c…
  s_e42f3d  provisional  7 steps  1/1 (100%)
           In Odoo (already signed in as admin), go to Sales -> Orders -> Quotations and create a new quotation for the c…
  s_61c186  provisional  1 steps  1/1 (100%)
           In Odoo (already signed in as admin), go to Sales -> Orders -> Quotations and create a new quotation for the c…
  s_e249ee  provisional  1 steps  1/1 (100%)
           In Odoo (already signed in as admin), go to Sales -> Orders -> Quotations and create a new quotation for the c…
  s_2af637  provisional 11 steps  1/1 (100%)
           In Odoo (already signed in as admin), go to Sales -> Orders -> Quotations and create a new quotation for the c…
  s_de7739  provisional  3 steps  1/1 (100%)
           In Odoo (already signed in as admin), go to Sales -> Orders -> Quotations and create a new quotation for the c…
  s_5d89f6  provisional  1 steps  1/1 (100%)  variant of s_c20df2
           Open http://127.0.0.1:8069/ and sign in with username admin and password admin. Then in Odoo, create a new cus…
  s_693550  provisional  3 steps  1/1 (100%)  variant of s_c20df2
           Open http://127.0.0.1:8069/ and sign in with username admin and password admin. Then in Odoo, create a new cus…
  s_984ade  provisional  2 steps  1/1 (100%)  variant of s_c20df2
           Open http://127.0.0.1:8069/ and sign in with username admin and password admin. Then in Odoo, create a new cus…
  s_1bfca0  provisional  2 steps  1/1 (100%)  variant of s_c20df2
           Open http://127.0.0.1:8069/ and sign in with username admin and password admin. Then in Odoo, create a new cus…
  s_7e641a  provisional  1 steps  1/1 (100%)  variant of s_c20df2
           Open http://127.0.0.1:8069/ and sign in with username admin and password admin. Then in Odoo, create a new cus…
  s_ae7261  provisional  4 steps  1/1 (100%)  variant of s_c20df2
           Open http://127.0.0.1:8069/ and sign in with username admin and password admin. Then in Odoo, create a new cus…
  s_0a0f8a  provisional  2 steps  1/1 (100%)  variant of s_c20df2
           Open http://127.0.0.1:8069/ and sign in with username admin and password admin. Then in Odoo, create a new cus…
  s_6a8a28  provisional  2 steps  1/1 (100%)
           In Odoo (already signed in as admin), go to Sales -> Orders -> Quotations and create a new quotation for the c…
  s_6b55eb  provisional  2 steps  1/1 (100%)
           In Odoo (already signed in as admin), go to Sales -> Orders -> Quotations and create a new quotation for the c…
  s_f6ea55  provisional  7 steps  1/1 (100%)
           In Odoo (already signed in as admin), go to Sales -> Orders -> Quotations and create a new quotation for the c…
  s_5942de  provisional  1 steps  1/1 (100%)
           In Odoo (already signed in as admin), go to Sales -> Orders -> Quotations and create a new quotation for the c…
  s_44a2e3  provisional  1 steps  1/1 (100%)
           In Odoo (already signed in as admin), go to Sales -> Orders -> Quotations and create a new quotation for the c…
  s_2045ac  provisional  1 steps  1/1 (100%)
           In Odoo (already signed in as admin), go to Sales -> Orders -> Quotations and create a new quotation for the c…
  s_5be0d0  provisional 12 steps  1/1 (100%)
           In Odoo (already signed in as admin), go to Sales -> Orders -> Quotations and create a new quotation for the c…
  s_92a58c  provisional  4 steps  1/1 (100%)
           In Odoo (already signed in as admin), go to Sales -> Orders -> Quotations and create a new quotation for the c…
  s_5a4a12  provisional  2 steps  1/1 (100%)  variant of s_a7437f
           Open {{v2}} and sign in with username admin and password admin. Then in Odoo, create a new customer contact na…
  s_c8f0e2  provisional  2 steps  1/1 (100%)  variant of s_a7437f
           Open {{v2}} and sign in with username admin and password admin. Then in Odoo, create a new customer contact na…
  s_451ce1  provisional  2 steps  1/1 (100%)  variant of s_a7437f
           Open {{v2}} and sign in with username admin and password admin. Then in Odoo, create a new customer contact na…
  s_ccd70a  provisional 10 steps  1/1 (100%)  variant of s_a7437f
           Open {{v2}} and sign in with username admin and password admin. Then in Odoo, create a new customer contact na…
  s_8b4aee  provisional  2 steps  1/1 (100%)  variant of s_a7437f
           Open {{v2}} and sign in with username admin and password admin. Then in Odoo, create a new customer contact na…
  s_da3e64  provisional  2 steps  1/1 (100%)  variant of s_a7437f
           Open {{v2}} and sign in with username admin and password admin. Then in Odoo, create a new customer contact na…
  s_e9477e  provisional  3 steps  1/1 (100%)  variant of s_a7437f
           Open {{v2}} and sign in with username admin and password admin. Then in Odoo, create a new customer contact na…
  s_ce15b2  provisional  3 steps  1/1 (100%)  variant of s_a7437f
           Open {{v2}} and sign in with username admin and password admin. Then in Odoo, create a new customer contact na…
  s_6d9bd3  provisional  2 steps  1/1 (100%)
           In Odoo (already signed in as admin), go to Sales -> Orders -> Quotations and create a new quotation for the c…
  s_7bf3db  provisional  2 steps  1/1 (100%)
           In Odoo (already signed in as admin), go to Sales -> Orders -> Quotations and create a new quotation for the c…
  s_e0c0cf  provisional  7 steps  1/1 (100%)
           In Odoo (already signed in as admin), go to Sales -> Orders -> Quotations and create a new quotation for the c…
  s_34be69  provisional  1 steps  1/1 (100%)
           In Odoo (already signed in as admin), go to Sales -> Orders -> Quotations and create a new quotation for the c…
  s_03a690  provisional  1 steps  1/1 (100%)
           In Odoo (already signed in as admin), go to Sales -> Orders -> Quotations and create a new quotation for the c…
  s_64486e  provisional 12 steps  1/1 (100%)
           In Odoo (already signed in as admin), go to Sales -> Orders -> Quotations and create a new quotation for the c…
  s_29c0cb  provisional  2 steps  1/1 (100%)  variant of s_a7437f
           Open {{v2}} and sign in with username admin and password admin. Then in Odoo, create a new customer contact na…
  s_adcd72  provisional  8 steps  1/1 (100%)  variant of s_a7437f
           Open {{v2}} and sign in with username admin and password admin. Then in Odoo, create a new customer contact na…
  s_70e306  provisional  2 steps  1/1 (100%)  variant of s_a7437f
           Open {{v2}} and sign in with username admin and password admin. Then in Odoo, create a new customer contact na…
  s_5c8f91  provisional  2 steps  1/1 (100%)
           In Odoo (already signed in as admin), go to Sales -> Orders -> Quotations and create a new quotation for the c…
  s_407362  provisional  2 steps  1/1 (100%)
           In Odoo (already signed in as admin), go to Sales -> Orders -> Quotations and create a new quotation for the c…
  s_a41457  provisional  7 steps  1/1 (100%)
           In Odoo (already signed in as admin), go to Sales -> Orders -> Quotations and create a new quotation for the c…
  s_d51c59  provisional  1 steps  1/1 (100%)
           In Odoo (already signed in as admin), go to Sales -> Orders -> Quotations and create a new quotation for the c…
  s_55101e  provisional  1 steps  1/1 (100%)
           In Odoo (already signed in as admin), go to Sales -> Orders -> Quotations and create a new quotation for the c…
  s_3a4533  provisional 12 steps  1/1 (100%)
           In Odoo (already signed in as admin), go to Sales -> Orders -> Quotations and create a new quotation for the c…
store: /home/user/browser-pilot/bench/results/fwod13-skills

summary: /home/user/browser-pilot/bench/results/fwod13-sweep.json
