
[sweep] run 1/3: fwod29-n1 (store: /home/user/browser-pilot/bench/results/fwod29-skills)
[harness] odoo: defaulting APP_URL
[harness] odoo: defaulting APP_EMAIL
[harness] odoo: defaulting APP_PASSWORD
[reset] odoo: no leftover bench customers
[harness] odoo responded 303 at http://127.0.0.1:8069/
stopped: fwod29-n1
  flow "fwod29" saved: 8 step(s), vars runid → /home/user/browser-pilot/bench/results/flows/fwod29.json
  warning: note: dropped 9 locator candidate(s) carrying a value this run minted (known only by export time)
  warning: note: 1 step(s) adopted from non-success instruction(s) whose work the session continued from (06-open) — they replay model-first with doubled budget, and a non-success there does not halt the flow
  warning: warning: 80 run value(s) survived unslotted (non-fatal — a stale urlPattern fails loudly, a stale reportTemplate is caught by synthesizeReport):
  flow.steps[0].instruction: "Benchville" (output) in "Sign in to Odoo 17 at http://127.0.0.1:8069/ with login 'admin' and password 'admin' (do not wait for network idle, the app long-polls; wait for concrete page s"
  s_40cd5b.template: "Benchville" (output) in "Sign in to Odoo 17 at {{v2}} with login 'admin' and password 'admin' (do not wait for network idle, the app long-polls; wait for concrete page state instead). T"
  s_ea2d56.template: "Benchville" (output) in "Sign in to Odoo 17 at {{v2}} with login 'admin' and password 'admin' (do not wait for network idle, the app long-polls; wait for concrete page state instead). T"
  s_83d229.template: "Benchville" (output) in "Sign in to Odoo 17 at {{v2}} with login 'admin' and password 'admin' (do not wait for network idle, the app long-polls; wait for concrete page state instead). T"
  s_dd97e9.template: "Benchville" (output) in "Sign in to Odoo 17 at {{v2}} with login 'admin' and password 'admin' (do not wait for network idle, the app long-polls; wait for concrete page state instead). T"
  s_dd97e9.steps[0].args.url: "126" (url) in "http://127.0.0.{{d1}}:8069/web#cids=1&menu_id=91&action=126"
  s_dd97e9.steps[0].args.url: "91" (url) in "http://127.0.0.{{d1}}:8069/web#cids=1&menu_id=91&action=126"
  s_dd97e9.steps[1].expect.urlPattern: "mail.activity" (url) in "http://127.0.0.{{d1}}:8069/web#action=:id&cids=:id&menu_id=:id&model=mail.activity&view_type=list"
  s_7a6104.template: "Benchville" (output) in "Sign in to Odoo 17 at {{v2}} with login 'admin' and password 'admin' (do not wait for network idle, the app long-polls; wait for concrete page state instead). T"
  s_7a6104.preconditions.urlPattern: "mail.activity" (url) in "http://127.0.0.1:8069/web#action={{d4}}&cids={{d1}}&menu_id={{d5}}&model=mail.activity&view_type=list"
arm=browser-pilot model=z-ai/glm-5.3 runid=fwod29-n1 stop=completed
turns=10 wall=1589.0s
commands=8 cmdTime=1307.5s cmdBytes=6128 timeouts=0
orchestrator in=18487 cw=0 cr=25216 out=3782
inner prompt=3780313 cached=3246016 completion=29171
spend=$0.2938 maxUsd=2
learn: A_n=0 replayed=0/8 full=0 repaired=0 compiled=7 variants=0
-> /home/user/browser-pilot/bench/results/fwod29-n1-browser-pilot-result.json

fwod29-n1: objectives passed 6/6
  obj 1: PASS — city="Benchville"
  obj 2: PASS — orders for customer: 1, lines: 2
  obj 3: PASS — 2 lines, 2 distinct products
  obj 4: PASS — quantities: 5, 2
  obj 5: PASS — state tracking shows confirmation
  obj 6: PASS — final state=cancel, ref=S00021

[sweep] run 2/3: fwod29-n2 (replay flow fwod29, no orchestrator)
[reset] odoo: deleted 1 leftover bench order(s)
[reset] odoo: deleted 1 leftover bench customer(s)
[sweep] fwod29-n2: 5 drift ticket(s) → fwod29-n2-drift.json

fwod29-n2: objectives passed 6/6
  obj 1: PASS — city="Benchville"
  obj 2: PASS — orders for customer: 1, lines: 2
  obj 3: PASS — 2 lines, 2 distinct products
  obj 4: PASS — quantities: 5, 2
  obj 5: PASS — state tracking shows confirmation
  obj 6: PASS — final state=cancel, ref=S00022

[sweep] run 3/3: fwod29-n3 (replay flow fwod29, no orchestrator)
[reset] odoo: deleted 1 leftover bench order(s)
[reset] odoo: deleted 1 leftover bench customer(s)
[sweep] fwod29-n3: 4 drift ticket(s) → fwod29-n3-drift.json

fwod29-n3: objectives passed 6/6
  obj 1: PASS — city="Benchville"
  obj 2: PASS — orders for customer: 1, lines: 2
  obj 3: PASS — 2 lines, 2 distinct products
  obj 4: PASS — quantities: 5, 2
  obj 5: PASS — state tracking shows confirmation
  obj 6: PASS — final state=cancel, ref=S00023

Learning sweep fwod29 (K=3)
┌─────────┬───┬─────────────┬──────────┬─────────────┬───────┬──────┬───────────┬─────┬──────────────┬────────┐
│ (index) │ n │ runid       │ verified │ stop        │ turns │ cmds │ total_usd │ A_n │ replayed     │ wall_s │
├─────────┼───┼─────────────┼──────────┼─────────────┼───────┼──────┼───────────┼─────┼──────────────┼────────┤
│ 0       │ 1 │ 'fwod29-n1' │ '6/6'    │ 'completed' │ 10    │ 8    │ 0.2938    │ 0   │ '0/8'        │ 1589   │
│ 1       │ 2 │ 'fwod29-n2' │ '6/6'    │ 'success'   │ 30    │ 8    │ 0.0107    │ 1   │ '8/8 (flow)' │ 203    │
│ 2       │ 3 │ 'fwod29-n3' │ '6/6'    │ 'success'   │ 29    │ 8    │ 0.0087    │ 1   │ '8/8 (flow)' │ 199    │
└─────────┴───┴─────────────┴──────────┴─────────────┴───────┴──────┴───────────┴─────┴──────────────┴────────┘
http://127.0.0.1:8069
  s_40cd5b  validated    2 steps  5/5 (100%)
           Sign in to Odoo 17 at {{v2}} with login 'admin' and password 'admin' (do not wait for network idle, the app lo…
  s_1dec89  validated    5 steps  5/5 (100%)
           In Odoo 17 (already signed in as admin), go to Sales -> Orders -> Quotations and create a NEW quotation for th…
  s_facf33  validated    2 steps  4/4 (100%)
           In Odoo 17 (already signed in as admin), the sales order {{v1}} for customer '{{v2}}' is currently in status '…
  s_ea2d56  validated    2 steps  3/3 (100%)
           Sign in to Odoo 17 at {{v2}} with login 'admin' and password 'admin' (do not wait for network idle, the app lo…
  s_83d229  validated    1 steps  3/3 (100%)
           Sign in to Odoo 17 at {{v2}} with login 'admin' and password 'admin' (do not wait for network idle, the app lo…
  s_dd97e9  validated    2 steps  3/3 (100%)
           Sign in to Odoo 17 at {{v2}} with login 'admin' and password 'admin' (do not wait for network idle, the app lo…
  s_7a6104  validated   13 steps  3/3 (100%)
           Sign in to Odoo 17 at {{v2}} with login 'admin' and password 'admin' (do not wait for network idle, the app lo…
  s_6512a8  validated    2 steps  3/3 (100%)
           Sign in to Odoo 17 at {{v2}} with login 'admin' and password 'admin' (do not wait for network idle, the app lo…
  s_acdaf5  validated    5 steps  3/3 (100%)
           Sign in to Odoo 17 at {{v2}} with login 'admin' and password 'admin' (do not wait for network idle, the app lo…
  s_a99241  validated    6 steps  3/3 (100%)
           Sign in to Odoo 17 at {{v2}} with login 'admin' and password 'admin' (do not wait for network idle, the app lo…
  s_346de8  validated    2 steps  3/3 (100%)
           In Odoo 17 (already signed in as admin), go to Sales -> Orders -> Quotations and create a NEW quotation for th…
  s_082737  validated   11 steps  3/3 (100%)
           In Odoo 17 (already signed in as admin), go to Sales -> Orders -> Quotations and create a NEW quotation for th…
  s_9f9032  validated   11 steps  3/3 (100%)
           In Odoo 17 (already signed in as admin), open the existing draft quotation {{v1}} for customer '{{v2}}' (Sales…
  s_ebba06  validated   13 steps  3/3 (100%)
           In Odoo 17 (already signed in as admin), open the existing draft quotation {{v1}} for customer '{{v2}}'. It ha…
  s_106c02  validated    3 steps  3/3 (100%)
           In Odoo 17 (already signed in as admin), open the existing draft quotation {{v1}} for customer '{{v2}}' and CO…
  s_6b029b  validated    2 steps  3/3 (100%)
           In Odoo 17 (already signed in as admin), do a read-only verification (do NOT modify or save anything) of two r…
  s_8abca6  demoted      6 steps  1/3 (33%)
           In Odoo 17 (already signed in as admin), do a read-only verification (do NOT modify or save anything) of two r…
  s_6a0981  provisional 11 steps  1/1 (100%)  variant of s_8abca6
           In Odoo 17 (already signed in as admin), do a read-only verification (do NOT modify or save anything) of two r…
  s_acf54e  provisional 10 steps  1/1 (100%)
           In Odoo 17 (already signed in as admin), open the confirmed sales order {{v1}} for customer '{{v2}} Bench Cust…
  s_6e8428  provisional  4 steps  1/1 (100%)  variant of s_8abca6
           In Odoo 17 (already signed in as admin), do a read-only verification (do NOT modify or save anything) of two r…
  s_79e160  provisional  8 steps  1/1 (100%)  variant of s_8abca6
           In Odoo 17 (already signed in as admin), do a read-only verification (do NOT modify or save anything) of two r…
store: /home/user/browser-pilot/bench/results/fwod29-skills

summary: /home/user/browser-pilot/bench/results/fwod29-sweep.json
