
[sweep] run 1/3: fwod24-n1 (store: /home/user/browser-pilot/bench/results/fwod24-skills)
[harness] odoo: defaulting APP_URL
[harness] odoo: defaulting APP_EMAIL
[harness] odoo: defaulting APP_PASSWORD
[reset] odoo: no leftover bench customers
[harness] odoo responded 303 at http://127.0.0.1:8069/
stopped: fwod24-n1
  flow "fwod24" saved: 7 step(s), vars runid → /home/user/browser-pilot/bench/results/flows/fwod24.json
  warning: note: dropped 6 locator candidate(s) carrying a value this run minted (known only by export time)
  warning: warning: instruction "Open http://127.0.0.1:8069/ and sign in with username admin and passwo…" ran 13 state-changing step(s) but reported blocked — its work is NOT in the flow
  warning: warning: instruction "In Odoo (already signed in as admin), go to Sales and create a new quo…" ran 11 state-changing step(s) but reported blocked — its work is NOT in the flow
  warning: warning: 41 run value(s) survived unslotted (non-fatal — a stale urlPattern fails loudly, a stale reportTemplate is caught by synthesizeReport):
  flow.steps[4].instruction: "Sales Order" (output) in "In Odoo (already signed in as admin), open the existing quotation {{02-create.h1}} for customer '{{runid}} Bench Customer' (two lines: 5 x Corner Desk Left Sit,"
  flow.steps[5].instruction: "Cancelled" (output) in "In Odoo (already signed in as admin), open the confirmed sales order {{02-create.h1}} for customer '{{runid}} Bench Customer' (currently in '{{05-open.role_radi"
  s_98e9f7.steps[1].expect.urlPattern: "ir.module.module" (url) in "http://127.0.0.{{d1}}:8069/web#action=:id&cids=:id&menu_id=:id&model=ir.module.module&view_type=kanban"
  s_e2668c.preconditions.urlPattern: "ir.module.module" (url) in "http://127.0.0.1:8069/web#action={{d4}}&cids={{d1}}&menu_id={{d5}}&model=ir.module.module&view_type=kanban"
  s_e2668c.steps[0].expect.urlPattern: "ir.module.module" (url) in "http://127.0.0.{{d1}}:8069/web#action=:id&cids=:id&menu_id=:id&model=ir.module.module&view_type=kanban"
  s_2d8d59.steps[2].expect.urlPattern: "ir.module.module" (url) in "http://127.0.0.{{d1}}:8069/web#action=:id&cids=:id&menu_id=:id&model=ir.module.module&view_type=kanban"
  s_6f5c4d.preconditions.urlPattern: "ir.module.module" (url) in "http://127.0.0.1:8069/web#action={{d4}}&cids={{d1}}&menu_id={{d5}}&model=ir.module.module&view_type=kanban"
  s_6f5c4d.steps[0].expect.urlPattern: "ir.module.module" (url) in "http://127.0.0.{{d1}}:8069/web#action=:id&cids=:id&menu_id=:id&model=ir.module.module&view_type=kanban"
  s_6f5c4d.steps[1].expect.urlPattern: "ir.module.module" (url) in "http://127.0.0.{{d1}}:8069/web#action=:id&cids=:id&menu_id=:id&model=ir.module.module&view_type=kanban"
  s_c995ae.steps[0].expect.addedContains[4]: "85.00" (output) in "- textbox \"\": 85.00"
arm=browser-pilot model=z-ai/glm-5.3 runid=fwod24-n1 stop=completed
turns=8 wall=1706.0s
commands=7 cmdTime=1633.0s cmdBytes=3555 timeouts=0
orchestrator in=12155 cw=0 cr=15040 out=3002
inner prompt=2332252 cached=1386048 completion=15854
spend=$0.2372 maxUsd=2
learn: A_n=0 replayed=0/7 full=0 repaired=0 compiled=7 variants=0
-> /home/user/browser-pilot/bench/results/fwod24-n1-browser-pilot-result.json

fwod24-n1: objectives passed 6/6
  obj 1: PASS — city="Benchville"
  obj 2: PASS — orders for customer: 1, lines: 2
  obj 3: PASS — 2 lines, 2 distinct products
  obj 4: PASS — quantities: 5, 2
  obj 5: PASS — state tracking shows confirmation
  obj 6: PASS — final state=cancel, ref=S00021

[sweep] run 2/3: fwod24-n2 (replay flow fwod24, no orchestrator)
[reset] odoo: deleted 1 leftover bench order(s)
[reset] odoo: deleted 1 leftover bench customer(s)
[sweep] fwod24-n2: 8 drift ticket(s) → fwod24-n2-drift.json

fwod24-n2: objectives passed 6/6
  obj 1: PASS — city="Benchville"
  obj 2: PASS — orders for customer: 1, lines: 2
  obj 3: PASS — 2 lines, 2 distinct products
  obj 4: PASS — quantities: 5, 2
  obj 5: PASS — state tracking shows confirmation
  obj 6: PASS — final state=cancel, ref=S00022

[sweep] run 3/3: fwod24-n3 (replay flow fwod24, no orchestrator)
[reset] odoo: deleted 1 leftover bench order(s)
[reset] odoo: deleted 1 leftover bench customer(s)
[sweep] fwod24-n3: 6 drift ticket(s) → fwod24-n3-drift.json

fwod24-n3: objectives passed 6/6
  obj 1: PASS — city="Benchville"
  obj 2: PASS — orders for customer: 1, lines: 2
  obj 3: PASS — 2 lines, 2 distinct products
  obj 4: PASS — quantities: 5, 2
  obj 5: PASS — state tracking shows confirmation
  obj 6: PASS — final state=cancel, ref=S00023

Learning sweep fwod24 (K=3)
┌─────────┬───┬─────────────┬──────────┬─────────────┬───────┬──────┬───────────┬─────┬──────────────┬────────┐
│ (index) │ n │ runid       │ verified │ stop        │ turns │ cmds │ total_usd │ A_n │ replayed     │ wall_s │
├─────────┼───┼─────────────┼──────────┼─────────────┼───────┼──────┼───────────┼─────┼──────────────┼────────┤
│ 0       │ 1 │ 'fwod24-n1' │ '6/6'    │ 'completed' │ 8     │ 7    │ 0.2372    │ 0   │ '0/7'        │ 1706   │
│ 1       │ 2 │ 'fwod24-n2' │ '6/6'    │ 'success'   │ 59    │ 7    │ 0.0352    │ 1   │ '7/7 (flow)' │ 757    │
│ 2       │ 3 │ 'fwod24-n3' │ '6/6'    │ 'success'   │ 115   │ 7    │ 0.2934    │ 1   │ '7/7 (flow)' │ 1589   │
└─────────┴───┴─────────────┴──────────┴─────────────┴───────┴──────┴───────────┴─────┴──────────────┴────────┘
http://127.0.0.1:8069
  s_8d89f4  validated    3 steps  3/4 (75%)
           In Odoo (already signed in as admin), go to Sales and create a new quotation. Set the Customer to '{{v2}}' (it…
  s_01d203  validated    2 steps  2/3 (67%)
           Open {{v2}} and sign in with username admin and password admin. Then in Odoo create a new customer contact nam…
  s_6f91e5  validated    8 steps  3/3 (100%)
           In Odoo (already signed in as admin), open the existing quotation {{v1}} for customer '{{v2}} Bench Customer' …
  s_c995ae  validated    3 steps  2/3 (67%)
           In Odoo (already signed in as admin), open the existing quotation {{v1}} for customer '{{v2}} Bench Customer'.…
  s_ad84fc  validated   10 steps  3/3 (100%)
           In Odoo (already signed in as admin), open the confirmed sales order {{v1}} for customer '{{v2}} Bench Custome…
  s_fd7c4b  validated    4 steps  3/3 (100%)
           In Odoo (already signed in as admin), verify two things and report them: (1) Open the contact '{{v3}}' and rep…
  s_6139e9  validated    2 steps  2/2 (100%)
           Open {{v2}} and sign in with username admin and password admin. Then in Odoo create a new customer contact nam…
  s_3c7201  validated    1 steps  2/2 (100%)
           Open {{v2}} and sign in with username admin and password admin. Then in Odoo create a new customer contact nam…
  s_98e9f7  validated    2 steps  2/2 (100%)
           Open {{v2}} and sign in with username admin and password admin. Then in Odoo create a new customer contact nam…
  s_e2668c  validated    2 steps  2/2 (100%)
           Open {{v2}} and sign in with username admin and password admin. Then in Odoo create a new customer contact nam…
  s_2d8d59  validated    3 steps  2/2 (100%)
           Open {{v2}} and sign in with username admin and password admin. Then in Odoo create a new customer contact nam…
  s_6f5c4d  provisional  3 steps  1/2 (50%)
           Open {{v2}} and sign in with username admin and password admin. Then in Odoo create a new customer contact nam…
  s_ba1d43  validated    1 steps  2/2 (100%)
           In Odoo (already signed in as admin), go to Sales and create a new quotation. Set the Customer to '{{v2}}' (it…
  s_be8261  validated   10 steps  2/2 (100%)
           In Odoo (already signed in as admin), go to Sales and create a new quotation. Set the Customer to '{{v2}}' (it…
  s_dbb7ce  validated    5 steps  2/2 (100%)
           In Odoo (already signed in as admin), go to Sales and create a new quotation. Set the Customer to '{{v2}}' (it…
  s_dee084  validated    2 steps  2/2 (100%)
           In Odoo (already signed in as admin), open the existing quotation {{v1}} for customer '{{v2}} Bench Customer' …
  s_5a7ad7  provisional  2 steps  1/1 (100%)
           Open {{v2}} and sign in with username admin and password admin. Then in Odoo create a new customer contact nam…
  s_9b3390  provisional  3 steps  1/1 (100%)
           Open {{v2}} and sign in with username admin and password admin. Then in Odoo create a new customer contact nam…
  s_aedbec  provisional  1 steps  1/1 (100%)
           In Odoo (already signed in as admin), open the existing quotation {{v1}} for customer '{{v2}} Bench Customer'.…
  s_d50a61  provisional  1 steps  1/1 (100%)  variant of s_6f5c4d
           Open http://127.0.0.1:8069/ and sign in with username admin and password admin. Then in Odoo create a new cust…
  s_16b71f  provisional  6 steps  1/1 (100%)  variant of s_6f5c4d
           Open http://127.0.0.1:8069/ and sign in with username admin and password admin. Then in Odoo create a new cust…
  s_8a341f  provisional  2 steps  1/1 (100%)  variant of s_6f5c4d
           Open http://127.0.0.1:8069/ and sign in with username admin and password admin. Then in Odoo create a new cust…
  s_87561d  provisional  4 steps  1/1 (100%)  variant of s_6f5c4d
           Open http://127.0.0.1:8069/ and sign in with username admin and password admin. Then in Odoo create a new cust…
  s_ff5855  provisional  2 steps  1/1 (100%)  variant of s_6f5c4d
           Open http://127.0.0.1:8069/ and sign in with username admin and password admin. Then in Odoo create a new cust…
  s_b48c9a  provisional  2 steps  1/1 (100%)  variant of s_01d203
           Open {{v2}} and sign in with username admin and password admin. Then in Odoo create a new customer contact nam…
  s_aa47d2  provisional  3 steps  1/1 (100%)  variant of s_01d203
           Open {{v2}} and sign in with username admin and password admin. Then in Odoo create a new customer contact nam…
  s_a55f37  provisional  1 steps  1/1 (100%)  variant of s_01d203
           Open {{v2}} and sign in with username admin and password admin. Then in Odoo create a new customer contact nam…
  s_db81f7  provisional  2 steps  1/1 (100%)  variant of s_01d203
           Open {{v2}} and sign in with username admin and password admin. Then in Odoo create a new customer contact nam…
  s_9a3ee8  provisional  4 steps  1/1 (100%)  variant of s_01d203
           Open {{v2}} and sign in with username admin and password admin. Then in Odoo create a new customer contact nam…
  s_135558  provisional  2 steps  1/1 (100%)  variant of s_01d203
           Open {{v2}} and sign in with username admin and password admin. Then in Odoo create a new customer contact nam…
  s_264e82  provisional  3 steps  1/1 (100%)  variant of s_8d89f4
           In Odoo (already signed in as admin), go to Sales and create a new quotation. Set the Customer to '{{v2}}' (it…
  s_0ad1e5  provisional  1 steps  1/1 (100%)  variant of s_8d89f4
           In Odoo (already signed in as admin), go to Sales and create a new quotation. Set the Customer to '{{v2}}' (it…
  s_f54a0b  provisional 13 steps  1/1 (100%)  variant of s_8d89f4
           In Odoo (already signed in as admin), go to Sales and create a new quotation. Set the Customer to '{{v2}}' (it…
  s_c623dc  provisional  3 steps  1/1 (100%)  variant of s_8d89f4
           In Odoo (already signed in as admin), go to Sales and create a new quotation. Set the Customer to '{{v2}}' (it…
  s_817384  provisional  4 steps  1/1 (100%)  variant of s_c995ae
           In Odoo (already signed in as admin), open the existing quotation for customer '{{v1}} Bench Customer'. It has…
  s_e68946  provisional 27 steps  1/1 (100%)
           In Odoo (already signed in as admin), open the existing quotation for customer '{{v1}} Bench Customer' (two li…
store: /home/user/browser-pilot/bench/results/fwod24-skills

summary: /home/user/browser-pilot/bench/results/fwod24-sweep.json
