
[sweep] run 1/3: fwod23-n1 (store: /home/user/browser-pilot/bench/results/fwod23-skills)
[harness] odoo: defaulting APP_URL
[harness] odoo: defaulting APP_EMAIL
[harness] odoo: defaulting APP_PASSWORD
[reset] odoo: no leftover bench customers
[harness] odoo responded 303 at http://127.0.0.1:8069/
arm=browser-pilot model=z-ai/glm-5.3 runid=fwod23-n1 stop=completed
turns=10 wall=1871.5s
commands=9 cmdTime=1651.8s cmdBytes=3743 timeouts=1
orchestrator in=22128 cw=0 cr=13568 out=3192
inner prompt=5067688 cached=4439360 completion=38241
spend=$0.3355 maxUsd=2
learn: A_n=0 replayed=0/9 full=0 repaired=0 compiled=8 variants=0
-> /home/user/browser-pilot/bench/results/fwod23-n1-browser-pilot-result.json

fwod23-n1: objectives passed 6/6
  obj 1: PASS — city="Benchville"
  obj 2: PASS — orders for customer: 1, lines: 2
  obj 3: PASS — 2 lines, 2 distinct products
  obj 4: PASS — quantities: 5, 2
  obj 5: PASS — state tracking shows confirmation
  obj 6: PASS — final state=cancel, ref=S00021

[sweep] run 2/3: fwod23-n2 (replay flow fwod23, no orchestrator)
[reset] odoo: deleted 1 leftover bench order(s)
[reset] odoo: deleted 1 leftover bench customer(s)

fwod23-n2: objectives passed 0/6
  obj 1: FAIL — customer not found
  obj 2: FAIL — no customer, so no order
  obj 3: FAIL — no customer, so no order
  obj 4: FAIL — no customer, so no order
  obj 5: FAIL — no order
  obj 6: FAIL — no order

[sweep] run 3/3: fwod23-n3 (replay flow fwod23, no orchestrator)
[reset] odoo: no leftover bench customers

fwod23-n3: objectives passed 0/6
  obj 1: FAIL — customer not found
  obj 2: FAIL — no customer, so no order
  obj 3: FAIL — no customer, so no order
  obj 4: FAIL — no customer, so no order
  obj 5: FAIL — no order
  obj 6: FAIL — no order

Learning sweep fwod23 (K=3)
┌─────────┬───┬─────────────┬──────────┬─────────────┬───────┬──────┬───────────┬─────┬──────────────┬────────┐
│ (index) │ n │ runid       │ verified │ stop        │ turns │ cmds │ total_usd │ A_n │ replayed     │ wall_s │
├─────────┼───┼─────────────┼──────────┼─────────────┼───────┼──────┼───────────┼─────┼──────────────┼────────┤
│ 0       │ 1 │ 'fwod23-n1' │ '6/6'    │ 'completed' │ 10    │ 9    │ 0.3355    │ 0   │ '0/9'        │ 1871   │
│ 1       │ 2 │ 'fwod23-n2' │ '0/6'    │ 'halted'    │ 71    │ 8    │ 0.2056    │ 1   │ '0/8 (flow)' │ 789    │
│ 2       │ 3 │ 'fwod23-n3' │ '0/6'    │ 'halted'    │ 76    │ 8    │ 0.3291    │ 1   │ '1/8 (flow)' │ 1063   │
└─────────┴───┴─────────────┴──────────┴─────────────┴───────┴──────┴───────────┴─────┴──────────────┴────────┘
http://127.0.0.1:8069
  s_1a29bf  provisional  1 steps  1/1 (100%)
           Check the current state of the browser. If a contact named '{{v1}} Bench Customer' exists, open it and report …
  s_71a606  provisional  3 steps  1/1 (100%)
           Check the current state of the browser. If a contact named '{{v1}} Bench Customer' exists, open it and report …
  s_3346f7  provisional 11 steps  1/1 (100%)
           Open the contact record '{{v1}}' (id 44) in Odoo. Make sure it is flagged as a customer: find the 'Customer' c…
  s_6eabe7  provisional  8 steps  1/1 (100%)
           In Odoo at http://127.0.0.1:8069/, go to Sales > Orders > Quotations and create a new quotation. Set the Custo…
  s_030ae0  provisional  2 steps  1/1 (100%)
           In Odoo at http://127.0.0.1:8069/, go to Sales > Orders > Quotations and create a new quotation. Set the Custo…
  s_b605f1  provisional  6 steps  1/1 (100%)
           In Odoo, open the existing quotation {{v1}} (id 21) for customer '{{v2}}'. It has two order lines: line 1 is '…
  s_650b9c  provisional  4 steps  1/1 (100%)
           In Odoo, open the existing quotation {{v1}} (id 21) for customer '{{v2}}'. Confirm the quotation by clicking t…
  s_15dedb  provisional  5 steps  1/1 (100%)
           In Odoo, open the sales order {{v1}} (id 21) for customer '{{v2}}'. Cancel this sales order so nothing stays a…
  s_223fd9  provisional  1 steps  1/1 (100%)
           In Odoo, verify two things and report them: (1) Open the contact '{{v1}}' (id 44) and report its Name and City…
  s_c2a675  provisional  1 steps  1/1 (100%)
           In Odoo, verify two things and report them: (1) Open the contact '{{v1}}' (id 44) and report its Name and City…
  s_605069  provisional  3 steps  1/1 (100%)
           In Odoo, verify two things and report them: (1) Open the contact '{{v1}}' (id 44) and report its Name and City…
  s_d7c310  provisional  9 steps  1/1 (100%)
           In Odoo at http://127.0.0.1:8069/, go to Sales > Orders > Quotations and create a new quotation. Set the Custo…
  s_845909  provisional  2 steps  1/1 (100%)
           In Odoo at http://127.0.0.1:8069/, go to Sales > Orders > Quotations and create a new quotation. Set the Custo…
  s_b8f250  provisional 12 steps  1/1 (100%)
           In Odoo, open the existing quotation {{v1}} (id 21) for customer '{{v2}}'. Add a SECOND order line with a DIFF…
  s_211317  provisional  3 steps  1/1 (100%)
           Check the current state of the browser. If a contact named '{{v2}}' exists, open it and report its name and Ci…
  s_77faaa  provisional  1 steps  1/1 (100%)
           Check the current state of the browser. If a contact named '{{v2}}' exists, open it and report its name and Ci…
  s_b44d3c  provisional  2 steps  1/1 (100%)
           Check the current state of the browser. If a contact named '{{v2}}' exists, open it and report its name and Ci…
  s_2c0791  provisional  2 steps  1/1 (100%)
           Check the current state of the browser. If a contact named '{{v2}}' exists, open it and report its name and Ci…
  s_5b3661  provisional  2 steps  1/1 (100%)
           Check the current state of the browser. If a contact named '{{v2}}' exists, open it and report its name and Ci…
  s_759e3e  provisional  2 steps  1/1 (100%)
           Check the current state of the browser. If a contact named '{{v2}}' exists, open it and report its name and Ci…
  s_ef688a  provisional  2 steps  1/1 (100%)
           Check the current state of the browser. If a contact named '{{v2}}' exists, open it and report its name and Ci…
  s_78bb53  provisional  3 steps  1/1 (100%)
           Check the current state of the browser. If a contact named '{{v2}}' exists, open it and report its name and Ci…
  s_624fc7  provisional  2 steps  1/1 (100%)
           Check the current state of the browser. If a contact named '{{v2}}' exists, open it and report its name and Ci…
  s_816482  provisional  1 steps  1/1 (100%)
           Check the current state of the browser. If a contact named '{{v2}}' exists, open it and report its name and Ci…
  s_5961d8  provisional 14 steps  1/1 (100%)
           Check the current state of the browser. If a contact named '{{v2}}' exists, open it and report its name and Ci…
store: /home/user/browser-pilot/bench/results/fwod23-skills

summary: /home/user/browser-pilot/bench/results/fwod23-sweep.json
