
[sweep] run 1/3: fwrd42-n1 (store: /home/user/sleep-walker/bench/results/fwrd42-skills)
[harness] repairdesk: defaulting APP_URL
[harness] repairdesk: defaulting APP_EMAIL
[harness] repairdesk: defaulting APP_PASSWORD
[reset] repairdesk: reloaded seed via http://127.0.0.1:4180/__reset
[harness] repairdesk responded 200 at http://127.0.0.1:4180/
stopped: fwrd42-n1
  flow "fwrd42" saved: 7 step(s), vars runid → /home/user/sleep-walker/bench/results/flows/fwrd42.json
  warning: note: dropped 14 locator candidate(s) carrying a value this run minted (known only by export time)
  warning: warning: 104 run value(s) survived unslotted (non-fatal — a stale urlPattern fails loudly, a stale reportTemplate is caught by synthesizeReport):
  flow.steps[4].instruction: "Ready" (output) in "On the ticket '{{runid}} RD Bench Ticket' (reference {{01-open.ticket_reference}}), change the ticket's status to 'Ready'. The app enforces preconditions before"
  s_76c93d.template: "Ready" (output) in "On the ticket '{{v1}}' (reference {{v3}}), change the ticket's status to 'Ready'. The app enforces preconditions before it will accept that status — attempt the"
  s_76c93d.steps[0].locators.target[0].value: "Ready" (output) in "status-to-Ready"
  s_76c93d.steps[0].locators.target[1].name: "Ready" (output) in "Mark Ready"
  s_76c93d.steps[3].args.value: "Bench Supplier Co" (output) in "Bench Supplier Co"
  s_76c93d.steps[3].expect.addedContains[0]: "Bench Supplier Co" (output) in "- textbox \"\": Bench Supplier Co"
  s_76c93d.steps[4].expect.addedContains[0]: "Bench Supplier Co" (output) in "- row \"{{v2}} RD Part B $200.00 25% 1 Bench Supplier Co $250.00 Edit Delete\""
  s_76c93d.steps[4].expect.addedContains[0]: "$200.00" (output) in "- row \"{{v2}} RD Part B $200.00 25% 1 Bench Supplier Co $250.00 Edit Delete\""
  s_76c93d.steps[4].expect.addedContains[0]: "$250.00" (output) in "- row \"{{v2}} RD Part B $200.00 25% 1 Bench Supplier Co $250.00 Edit Delete\""
  s_76c93d.steps[4].expect.addedContains[0]: "25%" (output) in "- row \"{{v2}} RD Part B $200.00 25% 1 Bench Supplier Co $250.00 Edit Delete\""
arm=sleep-walker model=z-ai/glm-5.3 runid=fwrd42-n1 stop=completed
turns=8 wall=1212.2s
commands=7 cmdTime=1167.9s cmdBytes=5292 timeouts=0
orchestrator in=4914 cw=0 cr=23313 out=2646
inner prompt=1394281 cached=708864 completion=11601
spend=$0.071 maxUsd=2
learn: A_n=0 replayed=0/7 full=0 repaired=0 compiled=7 variants=0
-> /home/user/sleep-walker/bench/results/fwrd42-n1-sleep-walker-result.json

=== fwrd42-n1 === (run self-reported: completed)
  obj 1  PASS  seq 1: ticket t15 (RD-1015) "fwrd42-n1 RD Bench Ticket"
  obj 2  PASS  seq 2 p18 cost=100 markup=25 price=125.00
  obj 3  PASS  seq 4 p19 cost=200 markup=25 price=250.00
  obj 4  PASS  seq 5: cost 100 -> 150, price 125.00 -> 187.50 (want 187.50), after the create at seq 2
  obj 5  PASS  seq 7: status Draft -> Ready
  obj 6  PASS  part A deleted, part B deleted, archive entry at seq 10; state: 0 part(s) surviving, ticket t15 archived=true
  claim 2  ok — run reported 125.00, app recorded 125.00
  claim 3  ok — run reported 250.00, app recorded 250.00
  claim 4  ok — run reported 187.50, app recorded 187.50
  summary: 6/6 objectives PASS, 0 price claim mismatch(es), 0 duplicate ticket(s)

App state: 15 tickets total, 1 left by benchmark runs (0 still active), 17 parts total, 10 mutation log entries.

[sweep] run 2/3: fwrd42-n2 (replay flow fwrd42, no orchestrator)
[reset] repairdesk: reloaded seed via http://127.0.0.1:4180/__reset
[sweep] fwrd42-n2: 5 drift ticket(s) → fwrd42-n2-drift.json

=== fwrd42-n2 === (run self-reported: no result file)
  note: no result file in /home/user/sleep-walker/bench/results — objectives are still scored from the log,
        but the run's claimed prices cannot be cross-checked.
  obj 1  PASS  seq 1: ticket t15 (RD-1016) "fwrd42-n2 RD Bench Ticket"
  obj 2  PASS  seq 2 p18 cost=100 markup=25 price=125.00
  obj 3  PASS  seq 4 p19 cost=200 markup=25 price=250.00
  obj 4  PASS  seq 5: cost 100 -> 150, price 125.00 -> 187.50 (want 187.50), after the create at seq 2
  obj 5  PASS  seq 7: status Draft -> Ready
  obj 6  PASS  part A deleted, part B deleted, archive entry at seq 10; state: 0 part(s) surviving, ticket t15 archived=true
  claim 2  no claim parsed from the run's final report
  claim 3  no claim parsed from the run's final report
  claim 4  no claim parsed from the run's final report
  summary: 6/6 objectives PASS, 0 price claim mismatch(es), 0 duplicate ticket(s)

App state: 15 tickets total, 1 left by benchmark runs (0 still active), 17 parts total, 10 mutation log entries.

[sweep] run 3/3: fwrd42-n3 (replay flow fwrd42, no orchestrator)
[reset] repairdesk: reloaded seed via http://127.0.0.1:4180/__reset
[sweep] fwrd42-n3: 5 drift ticket(s) → fwrd42-n3-drift.json

=== fwrd42-n3 === (run self-reported: no result file)
  note: no result file in /home/user/sleep-walker/bench/results — objectives are still scored from the log,
        but the run's claimed prices cannot be cross-checked.
  obj 1  PASS  seq 1: ticket t15 (RD-1017) "fwrd42-n3 RD Bench Ticket"
  obj 2  PASS  seq 2 p18 cost=100 markup=25 price=125.00
  obj 3  PASS  seq 4 p19 cost=200 markup=25 price=250.00
  obj 4  PASS  seq 5: cost 100 -> 150, price 125.00 -> 187.50 (want 187.50), after the create at seq 2
  obj 5  PASS  seq 7: status Draft -> Ready
  obj 6  PASS  part A deleted, part B deleted, archive entry at seq 10; state: 0 part(s) surviving, ticket t15 archived=true
  claim 2  no claim parsed from the run's final report
  claim 3  no claim parsed from the run's final report
  claim 4  no claim parsed from the run's final report
  summary: 6/6 objectives PASS, 0 price claim mismatch(es), 0 duplicate ticket(s)

App state: 15 tickets total, 1 left by benchmark runs (0 still active), 17 parts total, 10 mutation log entries.

Learning sweep fwrd42 (K=3)
┌─────────┬───┬─────────────┬──────────┬─────────────┬───────┬──────┬───────────┬─────┬──────────────┬────────┐
│ (index) │ n │ runid       │ verified │ stop        │ turns │ cmds │ total_usd │ A_n │ replayed     │ wall_s │
├─────────┼───┼─────────────┼──────────┼─────────────┼───────┼──────┼───────────┼─────┼──────────────┼────────┤
│ 0       │ 1 │ 'fwrd42-n1' │ '7/7'    │ 'completed' │ 8     │ 7    │ 0.071     │ 0   │ '0/7'        │ 1212   │
│ 1       │ 2 │ 'fwrd42-n2' │ '7/7'    │ 'success'   │ 0     │ 7    │ 0         │ 1   │ '7/7 (flow)' │ 24     │
│ 2       │ 3 │ 'fwrd42-n3' │ '7/7'    │ 'success'   │ 0     │ 7    │ 0         │ 1   │ '7/7 (flow)' │ 23     │
└─────────┴───┴─────────────┴──────────┴─────────────┴───────┴──────┴───────────┴─────┴──────────────┴────────┘
http://127.0.0.1:4180
  s_62e549  validated    2 steps  3/3 (100%)
           Open {{v2}} and sign in with email {{v3}} and password {{v4}}. Then create a new ticket titled '{{v5}}', filli…
  s_8d7c18  validated   10 steps  3/3 (100%)
           Open {{v2}} and sign in with email {{v3}} and password {{v4}}. Then create a new ticket titled '{{v5}}', filli…
  s_159ce6  validated    2 steps  3/3 (100%)
           Open {{v2}} and sign in with email {{v3}} and password {{v4}}. Then create a new ticket titled '{{v5}}', filli…
  s_05e528  validated   13 steps  3/3 (100%)
           On the ticket '{{v1}}' (reference {{v3}}), add a part named '{{v4}}' with cost {{v5}} and markup {{v6}}. Fill …
  s_93dad9  validated    1 steps  3/3 (100%)
           On the ticket '{{v1}}' (reference {{v3}}), add a part named '{{v4}}' with cost {{v5}} and markup {{v6}}. Fill …
  s_a75905  validated   18 steps  3/3 (100%)
           On the ticket '{{v1}}' (reference {{v3}}), add a second part named '{{v5}}' with cost {{v6}} and markup {{v7}}…
  s_6a4d6f  validated   10 steps  3/3 (100%)
           On the ticket '{{v1}}' (reference {{v3}}), edit the part named '{{v4}}' so its cost changes from 100 to {{v5}}…
  s_76c93d  validated    7 steps  3/3 (100%)
           On the ticket '{{v1}}' (reference {{v3}}), change the ticket's status to 'Ready'. The app enforces preconditio…
  s_640d6e  validated   12 steps  3/3 (100%)
           On the ticket '{{v1}}' (reference {{v3}}), first confirm and report its current status and the parts listed (n…
  s_da5eeb  validated    2 steps  3/3 (100%)
           Verify the final state of the app: find the ticket '{{v1}}' (reference {{v3}}) and report its status, whether …
  s_688926  validated    1 steps  3/3 (100%)
           Verify the final state of the app: find the ticket '{{v1}}' (reference {{v3}}) and report its status, whether …
store: /home/user/sleep-walker/bench/results/fwrd42-skills

summary: /home/user/sleep-walker/bench/results/fwrd42-sweep.json
