
[sweep] run 1/3: fwrd40-n1 (store: /home/user/sleep-walker/bench/results/fwrd40-skills)
[harness] repairdesk: defaulting APP_URL
[harness] repairdesk: defaulting APP_EMAIL
[harness] repairdesk: defaulting APP_PASSWORD
[reset] repairdesk: reloaded seed via http://127.0.0.1:4180/__reset
[harness] repairdesk responded 200 at http://127.0.0.1:4180/
stopped: fwrd40-n1
  flow "fwrd40" saved: 8 step(s), vars runid → /home/user/sleep-walker/bench/results/flows/fwrd40.json
  warning: note: dropped 10 locator candidate(s) carrying a value this run minted (known only by export time)
  warning: warning: 59 run value(s) survived unslotted (non-fatal — a stale urlPattern fails loudly, a stale reportTemplate is caught by synthesizeReport):
  flow.steps[4].instruction: "Ready" (output) in "On the ticket '{{runid}} RD Bench Ticket' (ref {{01-open.ticket_ref}}), attempt to change the ticket's status to 'Ready'. The app enforces preconditions before "
  flow.steps[5].instruction: "Ready" (output) in "On the ticket '{{runid}} RD Bench Ticket' (ref {{01-open.ticket_ref}}), the app refused to mark the ticket Ready because both parts have no supplier. Fix this: "
  s_e3a1ed.template: "Ready" (output) in "On the ticket '{{v1}}' (ref {{v3}}), attempt to change the ticket's status to 'Ready'. The app enforces preconditions before it will accept that status — if it "
  s_e3a1ed.steps[0].locators.target[0].value: "Ready" (output) in "status-to-Ready"
  s_e3a1ed.steps[0].locators.target[1].name: "Ready" (output) in "Mark Ready"
  s_e3a1ed.reportTemplate.summary: "Draft" (output) in "Clicked \"Mark Ready\" on ticket {{v3}} (\"{{v1}}\"). The app rejected the status change with an alert: \"Ticket is not ready Part \"{{v2}} RD Part A\" has no supplier"
  s_e3a1ed.reportTemplate.summary: "Ready" (output) in "Clicked \"Mark Ready\" on ticket {{v3}} (\"{{v1}}\"). The app rejected the status change with an alert: \"Ticket is not ready Part \"{{v2}} RD Part A\" has no supplier"
  s_e3a1ed.reportTemplate.values.ticket_status: "Draft" (output) in "Draft"
  s_6313cb.template: "Ready" (output) in "On the ticket '{{v1}}' (ref {{v3}}), the app refused to mark the ticket Ready because both parts have no supplier. Fix this: give the part '{{v4}}' a supplier a"
  s_6313cb.steps[2].expect.addedContains[0]: "$187.50" (output) in "- row \"{{v4}} $150.00 25% 1 Acme Supplies $187.50 Edit Delete\""
arm=sleep-walker model=z-ai/glm-5.3 runid=fwrd40-n1 stop=completed
turns=9 wall=1120.3s
commands=8 cmdTime=1059.4s cmdBytes=5680 timeouts=0
orchestrator in=15478 cw=0 cr=18432 out=2554
inner prompt=1718108 cached=1195072 completion=12853
spend=$0.1358 maxUsd=2
learn: A_n=0 replayed=0/8 full=0 repaired=0 compiled=8 variants=0
-> /home/user/sleep-walker/bench/results/fwrd40-n1-sleep-walker-result.json

=== fwrd40-n1 === (run self-reported: completed)
  obj 1  PASS  seq 1: ticket t15 (RD-1015) "fwrd40-n1 RD Bench Ticket"
  obj 2  PASS  seq 2 p18 cost=100 markup=25 price=125.00
  obj 3  PASS  seq 3 p19 cost=200 markup=25 price=250.00
  obj 4  PASS  seq 4: cost 100 -> 150, price 125.00 -> 187.50 (want 187.50), after the create at seq 2
  obj 5  PASS  seq 7: status Draft -> Ready
  obj 6  PASS  part A deleted, part B deleted, archive entry at seq 10; state: 0 part(s) surviving, ticket t15 archived=true
  claim 2  ok — run reported 125.00, app recorded 125.00
  claim 3  ok — run reported 250.00, app recorded 250.00
  claim 4  ok — run reported 187.50, app recorded 187.50
  summary: 6/6 objectives PASS, 0 price claim mismatch(es), 0 duplicate ticket(s)

App state: 15 tickets total, 1 left by benchmark runs (0 still active), 17 parts total, 10 mutation log entries.

[sweep] run 2/3: fwrd40-n2 (replay flow fwrd40, no orchestrator)
[reset] repairdesk: reloaded seed via http://127.0.0.1:4180/__reset

=== fwrd40-n2 === (run self-reported: no result file)
  note: no result file in /home/user/sleep-walker/bench/results — objectives are still scored from the log,
        but the run's claimed prices cannot be cross-checked.
  obj 1  PASS  seq 1: ticket t15 (RD-1016) "fwrd40-n2 RD Bench Ticket"
  obj 2  PASS  seq 2 p18 cost=100 markup=25 price=125.00
  obj 3  PASS  seq 3 p19 cost=200 markup=25 price=250.00
  obj 4  PASS  seq 4: cost 100 -> 150, price 125.00 -> 187.50 (want 187.50), after the create at seq 2
  obj 5  PASS  seq 7: status Draft -> Ready
  obj 6  PASS  part A deleted, part B deleted, archive entry at seq 10; state: 0 part(s) surviving, ticket t15 archived=true
  claim 2  no claim parsed from the run's final report
  claim 3  no claim parsed from the run's final report
  claim 4  no claim parsed from the run's final report
  summary: 6/6 objectives PASS, 0 price claim mismatch(es), 0 duplicate ticket(s)

App state: 15 tickets total, 1 left by benchmark runs (0 still active), 17 parts total, 10 mutation log entries.

[sweep] run 3/3: fwrd40-n3 (replay flow fwrd40, no orchestrator)
[reset] repairdesk: reloaded seed via http://127.0.0.1:4180/__reset

=== fwrd40-n3 === (run self-reported: no result file)
  note: no result file in /home/user/sleep-walker/bench/results — objectives are still scored from the log,
        but the run's claimed prices cannot be cross-checked.
  obj 1  PASS  seq 1: ticket t15 (RD-1017) "fwrd40-n3 RD Bench Ticket"
  obj 2  PASS  seq 2 p18 cost=100 markup=25 price=125.00
  obj 3  PASS  seq 3 p19 cost=200 markup=25 price=250.00
  obj 4  PASS  seq 4: cost 100 -> 150, price 125.00 -> 187.50 (want 187.50), after the create at seq 2
  obj 5  PASS  seq 7: status Draft -> Ready
  obj 6  PASS  part A deleted, part B deleted, archive entry at seq 10; state: 0 part(s) surviving, ticket t15 archived=true
  claim 2  no claim parsed from the run's final report
  claim 3  no claim parsed from the run's final report
  claim 4  no claim parsed from the run's final report
  summary: 6/6 objectives PASS, 0 price claim mismatch(es), 0 duplicate ticket(s)

App state: 15 tickets total, 1 left by benchmark runs (0 still active), 17 parts total, 10 mutation log entries.

Learning sweep fwrd40 (K=3)
┌─────────┬───┬─────────────┬──────────┬─────────────┬───────┬──────┬───────────┬─────┬──────────────┬────────┐
│ (index) │ n │ runid       │ verified │ stop        │ turns │ cmds │ total_usd │ A_n │ replayed     │ wall_s │
├─────────┼───┼─────────────┼──────────┼─────────────┼───────┼──────┼───────────┼─────┼──────────────┼────────┤
│ 0       │ 1 │ 'fwrd40-n1' │ '7/7'    │ 'completed' │ 9     │ 8    │ 0.1358    │ 0   │ '0/8'        │ 1120   │
│ 1       │ 2 │ 'fwrd40-n2' │ '7/7'    │ 'success'   │ 0     │ 8    │ 0         │ 1   │ '8/8 (flow)' │ 17     │
│ 2       │ 3 │ 'fwrd40-n3' │ '7/7'    │ 'success'   │ 0     │ 8    │ 0         │ 1   │ '8/8 (flow)' │ 17     │
└─────────┴───┴─────────────┴──────────┴─────────────┴───────┴──────┴───────────┴─────┴──────────────┴────────┘
http://127.0.0.1:4180
  s_5b2a9a  validated    2 steps  3/3 (100%)
           Open {{v2}} and sign in with email {{v3}} and password {{v4}}. Then create a new ticket titled exactly '{{v1}}…
  s_25d9b9  validated    6 steps  3/3 (100%)
           Open {{v2}} and sign in with email {{v3}} and password {{v4}}. Then create a new ticket titled exactly '{{v1}}…
  s_1994fc  validated    2 steps  3/3 (100%)
           Open {{v2}} and sign in with email {{v3}} and password {{v4}}. Then create a new ticket titled exactly '{{v1}}…
  s_ecb498  validated    6 steps  3/3 (100%)
           Open the ticket '{{v1}}' (ref {{v3}}) in the repair-desk app. Add a part to it named exactly '{{v2}} RD Part A…
  s_84da0c  validated    1 steps  3/3 (100%)
           Open the ticket '{{v1}}' (ref {{v3}}) in the repair-desk app. Add a part to it named exactly '{{v2}} RD Part A…
  s_cf9663  validated    8 steps  3/3 (100%)
           On the ticket '{{v1}}' (ref {{v3}}), add a second part named exactly '{{v2}} RD Part B' with cost {{v4}} and m…
  s_03fde8  validated    6 steps  3/3 (100%)
           On the ticket '{{v1}}' (ref {{v3}}), edit the part named '{{v2}} RD Part A' so its cost changes from 100 to {{…
  s_e3a1ed  validated    2 steps  3/3 (100%)
           On the ticket '{{v1}}' (ref {{v3}}), attempt to change the ticket's status to 'Ready'. The app enforces precon…
  s_6313cb  validated   10 steps  3/3 (100%)
           On the ticket '{{v1}}' (ref {{v3}}), the app refused to mark the ticket Ready because both parts have no suppl…
  s_5e68db  validated   11 steps  3/3 (100%)
           On the ticket '{{v1}}' (ref {{v3}}), first verify its status is '{{v4}}' (report it). Then delete both parts: …
  s_b23891  validated    6 steps  3/3 (100%)
           In the repair-desk app, go to the main ticket list view. Check whether the ticket '{{v1}}' (ref {{v3}}) appear…
  s_c91f7b  validated    1 steps  3/3 (100%)
           In the repair-desk app, go to the main ticket list view. Check whether the ticket '{{v1}}' (ref {{v3}}) appear…
  s_104434  validated    4 steps  3/3 (100%)
           In the repair-desk app, go to the main ticket list view. Check whether the ticket '{{v1}}' (ref {{v3}}) appear…
  s_950551  validated    1 steps  3/3 (100%)
           In the repair-desk app, go to the main ticket list view. Check whether the ticket '{{v1}}' (ref {{v3}}) appear…
store: /home/user/sleep-walker/bench/results/fwrd40-skills

summary: /home/user/sleep-walker/bench/results/fwrd40-sweep.json
