
[sweep] run 1/3: fwrd33-n1 (store: /home/user/browser-pilot/bench/results/fwrd33-skills)
[harness] repairdesk: defaulting APP_URL
[harness] repairdesk: defaulting APP_EMAIL
[harness] repairdesk: defaulting APP_PASSWORD
[harness] reloaded seed via http://127.0.0.1:4180/__reset
[harness] repairdesk responded 200 at http://127.0.0.1:4180/
arm=browser-pilot model=z-ai/glm-5.3 runid=fwrd33-n1 stop=completed
turns=8 wall=421.5s
commands=7 cmdTime=382.8s cmdBytes=9335 timeouts=0
orchestrator in=8035 cw=0 cr=25280 out=2113
inner prompt=1056090 cached=837376 completion=11080
spend=$0.0494 maxUsd=2
learn: A_n=0 replayed=0/7 full=0 repaired=0 compiled=7 variants=0
-> /home/user/browser-pilot/bench/results/fwrd33-n1-browser-pilot-result.json

=== fwrd33-n1 === (run self-reported: completed)
  obj 1  PASS  seq 1: ticket t15 (RD-1015) "fwrd33-n1 RD Bench Ticket"
  obj 2  PASS  seq 2 p18 cost=100 markup=25 price=125.00
  obj 3  PASS  seq 3 p19 cost=200 markup=25 price=250.00
  obj 4  PASS  seq 4: cost 100 -> 150, price 125.00 -> 187.50 (want 187.50), after the create at seq 2
  obj 5  PASS  seq 7: status Draft -> Ready
  obj 6  PASS  part A deleted, part B deleted, archive entry at seq 10; state: 0 part(s) surviving, ticket t15 archived=true
  claim 2  ok — run reported 125.00, app recorded 125.00
  claim 3  ok — run reported 250.00, app recorded 250.00
  claim 4  ok — run reported 187.50, app recorded 187.50
  summary: 6/6 objectives PASS, 0 price claim mismatch(es), 0 duplicate ticket(s)

App state: 15 tickets total, 1 left by benchmark runs (0 still active), 17 parts total, 10 mutation log entries.

[sweep] run 2/3: fwrd33-n2 (replay flow fwrd33, no orchestrator)
[reset-app] reloaded seed via http://127.0.0.1:4180/__reset
[sweep] fwrd33-n2: 2 drift ticket(s) → fwrd33-n2-drift.json

=== fwrd33-n2 === (run self-reported: no result file)
  note: no result file in /home/user/browser-pilot/bench/results — objectives are still scored from the log,
        but the run's claimed prices cannot be cross-checked.
  obj 1  PASS  seq 1: ticket t15 (RD-1015) "fwrd33-n2 RD Bench Ticket"
  obj 2  PASS  seq 2 p18 cost=100 markup=25 price=125.00
  obj 3  PASS  seq 3 p19 cost=200 markup=25 price=250.00
  obj 4  PASS  seq 4: cost 100 -> 150, price 125.00 -> 187.50 (want 187.50), after the create at seq 2
  obj 5  PASS  seq 7: status Draft -> Ready
  obj 6  PASS  part A deleted, part B deleted, archive entry at seq 10; state: 0 part(s) surviving, ticket t15 archived=true
  claim 2  no claim parsed from the run's final report
  claim 3  no claim parsed from the run's final report
  claim 4  no claim parsed from the run's final report
  summary: 6/6 objectives PASS, 0 price claim mismatch(es), 0 duplicate ticket(s)

App state: 15 tickets total, 1 left by benchmark runs (0 still active), 17 parts total, 10 mutation log entries.

[sweep] run 3/3: fwrd33-n3 (replay flow fwrd33, no orchestrator)
[reset-app] reloaded seed via http://127.0.0.1:4180/__reset
[sweep] fwrd33-n3: 3 drift ticket(s) → fwrd33-n3-drift.json

=== fwrd33-n3 === (run self-reported: no result file)
  note: no result file in /home/user/browser-pilot/bench/results — objectives are still scored from the log,
        but the run's claimed prices cannot be cross-checked.
  obj 1  PASS  seq 1: ticket t15 (RD-1015) "fwrd33-n3 RD Bench Ticket"
  obj 2  PASS  seq 2 p18 cost=100 markup=25 price=125.00
  obj 3  PASS  seq 3 p19 cost=200 markup=25 price=250.00
  obj 4  PASS  seq 4: cost 100 -> 150, price 125.00 -> 187.50 (want 187.50), after the create at seq 2
  obj 5  PASS  seq 7: status Draft -> Ready
  obj 6  PASS  part A deleted, part B deleted, archive entry at seq 10; state: 0 part(s) surviving, ticket t15 archived=true
  claim 2  no claim parsed from the run's final report
  claim 3  no claim parsed from the run's final report
  claim 4  no claim parsed from the run's final report
  summary: 6/6 objectives PASS, 0 price claim mismatch(es), 0 duplicate ticket(s)

App state: 15 tickets total, 1 left by benchmark runs (0 still active), 17 parts total, 10 mutation log entries.

Learning sweep fwrd33 (K=3)
┌─────────┬───┬─────────────┬──────────┬─────────────┬───────┬──────┬───────────┬─────┬──────────────┬────────┐
│ (index) │ n │ runid       │ verified │ stop        │ turns │ cmds │ total_usd │ A_n │ replayed     │ wall_s │
├─────────┼───┼─────────────┼──────────┼─────────────┼───────┼──────┼───────────┼─────┼──────────────┼────────┤
│ 0       │ 1 │ 'fwrd33-n1' │ '6/6'    │ 'completed' │ 8     │ 7    │ 0.0494    │ 0   │ '0/7'        │ 422    │
│ 1       │ 2 │ 'fwrd33-n2' │ '6/6'    │ 'success'   │ 26    │ 7    │ 0.0076    │ 1   │ '7/7 (flow)' │ 178    │
│ 2       │ 3 │ 'fwrd33-n3' │ '6/6'    │ 'success'   │ 0     │ 7    │ 0         │ 1   │ '7/7 (flow)' │ 33     │
└─────────┴───┴─────────────┴──────────┴─────────────┴───────┴──────┴───────────┴─────┴──────────────┴────────┘
http://127.0.0.1:4180
  s_4b10d0  validated    2 steps  5/5 (100%)
           Open {{v2}} and sign in with email {{v3}} and password {{v4}}. Then create a new ticket titled exactly '{{v5}}…
  s_cabd69  validated    1 steps  5/5 (100%)
           On the ticket detail page for ticket {{v1}} (titled '{{v2}}'), add a new part named exactly '{{v4}}' with cost…
  s_abea92  validated    2 steps  3/3 (100%)
           Open {{v2}} and sign in with email {{v3}} and password {{v4}}. Then create a new ticket titled exactly '{{v5}}…
  s_6ecf93  validated   10 steps  3/3 (100%)
           Open {{v2}} and sign in with email {{v3}} and password {{v4}}. Then create a new ticket titled exactly '{{v5}}…
  s_27c554  validated    9 steps  3/3 (100%)
           On the ticket detail page for ticket {{v1}} (titled '{{v2}}'), add a new part named exactly '{{v4}}' with cost…
  s_62486c  validated   11 steps  3/3 (100%)
           On the ticket detail page for ticket {{v1}} (titled '{{v2}}'), add a second part named exactly '{{v5}}' with c…
  s_e15e30  validated    9 steps  3/3 (100%)
           On the ticket detail page for ticket {{v1}}, edit the part named '{{v2}}' and change its cost from 100 to {{v4…
  s_d84bdb  validated   10 steps  3/3 (100%)
           On the ticket detail page for ticket {{v1}} (titled '{{v2}}'), remove/delete both parts: '{{v4}}' and '{{v5}}'…
  s_cbb262  validated    2 steps  3/3 (100%)  variant of s_6eaed1
           Verify the final state of the app: go to the main ticket list view and check whether the ticket '{{v1}} RD Ben…
  s_79fe66  validated   15 steps  2/2 (100%)  variant of s_0149cd
           On the ticket detail page for ticket {{v1}} (titled '{{v2}} RD Bench Ticket'), change the ticket's status to '…
  s_0149cd  demoted      7 steps  1/2 (50%)
           On the ticket detail page for ticket {{v1}} (titled '{{v2}}'), change the ticket's status to 'Ready'. The app …
  s_bbe5f1  validated    2 steps  2/2 (100%)  variant of s_6eaed1
           Verify the final state of the app: go to the main ticket list view and check whether the ticket '{{v1}} RD Ben…
  s_c73e96  validated    1 steps  2/2 (100%)  variant of s_6eaed1
           Verify the final state of the app: go to the main ticket list view and check whether the ticket '{{v1}} RD Ben…
  s_2d6b77  validated    4 steps  2/2 (100%)  variant of s_6eaed1
           Verify the final state of the app: go to the main ticket list view and check whether the ticket '{{v1}} RD Ben…
  s_6eaed1  demoted      2 steps  1/2 (50%)
           Verify the final state of the app: go to the main ticket list view and check whether the ticket '{{v1}}' ({{v3…
  s_137bc6  provisional  1 steps  1/1 (100%)
           Verify the final state of the app: go to the main ticket list view and check whether the ticket '{{v1}}' ({{v3…
  s_98a698  provisional  3 steps  1/1 (100%)
           Verify the final state of the app: go to the main ticket list view and check whether the ticket '{{v1}}' ({{v3…
store: /home/user/browser-pilot/bench/results/fwrd33-skills

summary: /home/user/browser-pilot/bench/results/fwrd33-sweep.json
SWEEP_EXIT=0
