
[sweep] run 1/3: fwrd34-n1 (store: /home/user/browser-pilot/bench/results/fwrd34-skills)
[harness] repairdesk: defaulting APP_URL
[harness] repairdesk: defaulting APP_EMAIL
[harness] repairdesk: defaulting APP_PASSWORD
[harness] reloaded seed via http://127.0.0.1:4180/__reset
[harness] repairdesk responded 200 at http://127.0.0.1:4180/
arm=browser-pilot model=z-ai/glm-5.3 runid=fwrd34-n1 stop=completed
turns=8 wall=498.8s
commands=7 cmdTime=467.9s cmdBytes=10160 timeouts=0
orchestrator in=14360 cw=0 cr=20480 out=2195
inner prompt=1164649 cached=976384 completion=11549
spend=$0.0573 maxUsd=2
learn: A_n=0.156 replayed=1/7 full=1 repaired=0 compiled=6 variants=0
-> /home/user/browser-pilot/bench/results/fwrd34-n1-browser-pilot-result.json

=== fwrd34-n1 === (run self-reported: completed)
  obj 1  PASS  seq 1: ticket t15 (RD-1015) "fwrd34-n1 RD Bench Ticket"
  obj 2  PASS  seq 2 p18 cost=100 markup=25 price=125.00
  obj 3  PASS  seq 3 p19 cost=200 markup=25 price=250.00
  obj 4  PASS  seq 4: cost 100 -> 150, price 125.00 -> 187.50 (want 187.50), after the create at seq 2
  obj 5  PASS  seq 7: status Draft -> Ready
  obj 6  PASS  part A deleted, part B deleted, archive entry at seq 10; state: 0 part(s) surviving, ticket t15 archived=true
  claim 2  ok — run reported 125.00, app recorded 125.00
  claim 3  ok — run reported 250.00, app recorded 250.00
  claim 4  ok — run reported 187.50, app recorded 187.50
  summary: 6/6 objectives PASS, 0 price claim mismatch(es), 0 duplicate ticket(s)

App state: 15 tickets total, 1 left by benchmark runs (0 still active), 17 parts total, 10 mutation log entries.

[sweep] run 2/3: fwrd34-n2 (replay flow fwrd34, no orchestrator)
[reset-app] reloaded seed via http://127.0.0.1:4180/__reset
[sweep] fwrd34-n2: 12 drift ticket(s) → fwrd34-n2-drift.json

=== fwrd34-n2 === (run self-reported: no result file)
  note: no result file in /home/user/browser-pilot/bench/results — objectives are still scored from the log,
        but the run's claimed prices cannot be cross-checked.
  obj 1  PASS  seq 1: ticket t15 (RD-1015) "fwrd34-n2 RD Bench Ticket"
  obj 2  PASS  seq 2 p18 cost=100 markup=25 price=125.00
  obj 3  PASS  seq 3 p19 cost=200 markup=25 price=250.00
  obj 4  PASS  seq 4: cost 100 -> 150, price 125.00 -> 187.50 (want 187.50), after the create at seq 2
  obj 5  PASS  seq 7: status Draft -> Ready
  obj 6  PASS  part A deleted, part B deleted, archive entry at seq 10; state: 0 part(s) surviving, ticket t15 archived=true
  claim 2  no claim parsed from the run's final report
  claim 3  no claim parsed from the run's final report
  claim 4  no claim parsed from the run's final report
  summary: 6/6 objectives PASS, 0 price claim mismatch(es), 0 duplicate ticket(s)

App state: 15 tickets total, 1 left by benchmark runs (0 still active), 17 parts total, 10 mutation log entries.

[sweep] run 3/3: fwrd34-n3 (replay flow fwrd34, no orchestrator)
[reset-app] reloaded seed via http://127.0.0.1:4180/__reset
[sweep] fwrd34-n3: 15 drift ticket(s) → fwrd34-n3-drift.json

=== fwrd34-n3 === (run self-reported: no result file)
  note: no result file in /home/user/browser-pilot/bench/results — objectives are still scored from the log,
        but the run's claimed prices cannot be cross-checked.
  obj 1  PASS  seq 1: ticket t15 (RD-1015) "fwrd34-n3 RD Bench Ticket"
  obj 2  PASS  seq 2 p18 cost=100 markup=25 price=125.00
  obj 3  PASS  seq 3 p19 cost=200 markup=25 price=250.00
  obj 4  PASS  seq 4: cost 100 -> 150, price 125.00 -> 187.50 (want 187.50), after the create at seq 2
  obj 5  PASS  seq 7: status Draft -> Ready
  obj 6  PASS  part A deleted, part B deleted, archive entry at seq 10; state: 0 part(s) surviving, ticket t15 archived=true
  claim 2  no claim parsed from the run's final report
  claim 3  no claim parsed from the run's final report
  claim 4  no claim parsed from the run's final report
  summary: 6/6 objectives PASS, 0 price claim mismatch(es), 0 duplicate ticket(s)

App state: 15 tickets total, 1 left by benchmark runs (0 still active), 17 parts total, 10 mutation log entries.

Learning sweep fwrd34 (K=3)
┌─────────┬───┬─────────────┬──────────┬─────────────┬───────┬──────┬───────────┬───────┬──────────────┬────────┐
│ (index) │ n │ runid       │ verified │ stop        │ turns │ cmds │ total_usd │ A_n   │ replayed     │ wall_s │
├─────────┼───┼─────────────┼──────────┼─────────────┼───────┼──────┼───────────┼───────┼──────────────┼────────┤
│ 0       │ 1 │ 'fwrd34-n1' │ '6/6'    │ 'completed' │ 8     │ 7    │ 0.0573    │ 0.156 │ '1/7'        │ 499    │
│ 1       │ 2 │ 'fwrd34-n2' │ '6/6'    │ 'success'   │ 13    │ 7    │ 0.0038    │ 1     │ '7/7 (flow)' │ 87     │
│ 2       │ 3 │ 'fwrd34-n3' │ '6/6'    │ 'success'   │ 4     │ 7    │ 0.0012    │ 1     │ '7/7 (flow)' │ 54     │
└─────────┴───┴─────────────┴──────────┴─────────────┴───────┴──────┴───────────┴───────┴──────────────┴────────┘
http://127.0.0.1:4180
  s_f0fcae  validated   10 steps  6/6 (100%)
           On ticket {{v1}} ('{{v2}}'), add a new part named exactly '{{v4}}' with cost {{v5}} and markup {{v6}}. Fill an…
  s_536087  validated    2 steps  5/5 (100%)
           Open {{v2}} and sign in with email {{v3}} and password {{v4}}. Then create a new ticket titled exactly '{{v5}}…
  s_a55e71  validated    7 steps  5/5 (100%)
           On ticket {{v1}} ('{{v2}}'), remove/delete both parts: '{{v4}}' and '{{v5}}'. Confirm any deletion dialogs. Th…
  s_b903d5  validated    2 steps  3/3 (100%)
           Open {{v2}} and sign in with email {{v3}} and password {{v4}}. Then create a new ticket titled exactly '{{v5}}…
  s_b2d205  validated    5 steps  3/3 (100%)
           Open {{v2}} and sign in with email {{v3}} and password {{v4}}. Then create a new ticket titled exactly '{{v5}}…
  s_936ea7  validated    5 steps  3/3 (100%)
           Open {{v2}} and sign in with email {{v3}} and password {{v4}}. Then create a new ticket titled exactly '{{v5}}…
  s_706e30  validated   12 steps  3/3 (100%)
           On ticket {{v1}} ('{{v2}}'), edit the part named '{{v4}}' so its cost changes from 100 to {{v5}} (keep markup …
  s_93120a  validated    2 steps  3/3 (100%)
           On ticket {{v1}} ('{{v2}}'), remove/delete both parts: '{{v4}}' and '{{v5}}'. Confirm any deletion dialogs. Th…
  s_88cb46  validated   16 steps  3/3 (100%)
           Verify cleanup: go to the main tickets list WITHOUT 'Show archived' enabled (the default active view). Confirm…
  s_7fb9a5  validated   19 steps  2/2 (100%)  variant of s_b4d265
           On ticket {{v1}} ('{{v2}} RD Bench Ticket'), change the ticket's status to 'Ready'. The app enforces precondit…
  s_b4d265  demoted      5 steps  1/2 (50%)
           On ticket {{v1}} ('{{v2}}'), change the ticket's status to 'Ready'. The app enforces preconditions before it w…
store: /home/user/browser-pilot/bench/results/fwrd34-skills

summary: /home/user/browser-pilot/bench/results/fwrd34-sweep.json
SWEEP_EXIT=0
