
[sweep] run 1/3: fwrd41-n1 (store: /home/user/sleep-walker/bench/results/fwrd41-skills)
[harness] repairdesk: defaulting APP_URL
[harness] repairdesk: defaulting APP_EMAIL
[harness] repairdesk: defaulting APP_PASSWORD
[reset] repairdesk: reloaded seed via http://127.0.0.1:4180/__reset
[harness] repairdesk responded 200 at http://127.0.0.1:4180/
stopped: fwrd41-n1
  flow "fwrd41" saved: 10 step(s), vars runid → /home/user/sleep-walker/bench/results/flows/fwrd41.json
  warning: note: dropped 16 locator candidate(s) carrying a value this run minted (known only by export time)
  warning: warning: 118 run value(s) survived unslotted (non-fatal — a stale urlPattern fails loudly, a stale reportTemplate is caught by synthesizeReport):
  flow.steps[5].instruction: "Ready" (output) in "On the detail view of ticket {{02-create.ticket_ref}} (at #/tickets/{{03-open.url.h1}}, currently status {{02-create.ticket_status}}), attempt to change the tic"
  flow.steps[6].instruction: "Ready" (output) in "On the detail view of ticket {{02-create.ticket_ref}} (at #/tickets/{{03-open.url.h1}}), the app blocked marking the ticket Ready because both parts ('{{runid}}"
  flow.steps[7].instruction: "Ready" (output) in "On the detail view of ticket {{02-create.ticket_ref}} (at #/tickets/{{03-open.url.h1}}, status Ready), remove both parts: '{{runid}} RD Part A' and '{{runid}} R"
  flow.steps[7].params.v3: "Ready" (output) in "Ready"
  flow.steps[8].instruction: "Ready" (output) in "Archive the ticket {{02-create.ticket_ref}} (titled '{{runid}} RD Bench Ticket', at #/tickets/{{03-open.url.h1}}, status Ready, 0 parts) so nothing from this ru"
  flow.steps[8].params.v5: "Ready" (output) in "Ready"
  s_d8df4d.steps[0].locators.target[2].text: "Bench User" (output) in "Bench User"
  s_d8df4d.reportTemplate.summary: "Bench User" (output) in "Signed in successfully as Bench User (email {{v1}}). The page navigated from the login screen to the Repair Tickets view at #/tickets, which shows 13 repair tic"
  s_d8df4d.reportTemplate.summary: "Draft" (output) in "Signed in successfully as Bench User (email {{v1}}). The page navigated from the login screen to the Repair Tickets view at #/tickets, which shows 13 repair tic"
  s_d8df4d.reportTemplate.summary: "Ready" (output) in "Signed in successfully as Bench User (email {{v1}}). The page navigated from the login screen to the Repair Tickets view at #/tickets, which shows 13 repair tic"
arm=sleep-walker model=z-ai/glm-5.3 runid=fwrd41-n1 stop=completed
turns=12 wall=819.3s
commands=11 cmdTime=757.6s cmdBytes=15101 timeouts=0
orchestrator in=8846 cw=0 cr=54059 out=3207
inner prompt=2588393 cached=2254592 completion=20234
spend=$0.0856 maxUsd=2
learn: A_n=0 replayed=0/10 full=0 repaired=0 compiled=10 variants=0
-> /home/user/sleep-walker/bench/results/fwrd41-n1-sleep-walker-result.json

=== fwrd41-n1 === (run self-reported: completed)
  obj 1  PASS  seq 1: ticket t15 (RD-1015) "fwrd41-n1 RD Bench Ticket"
  obj 2  PASS  seq 2 p18 cost=100 markup=25 price=125.00
  obj 3  PASS  seq 3 p19 cost=200 markup=25 price=250.00
  obj 4  PASS  seq 4: cost 100 -> 150, price 125.00 -> 187.50 (want 187.50), after the create at seq 2
  obj 5  PASS  seq 7: status Draft -> Ready
  obj 6  PASS  part A deleted, part B deleted, archive entry at seq 10; state: 0 part(s) surviving, ticket t15 archived=true
  claim 2  ok — run reported 125.00, app recorded 125.00
  claim 3  ok — run reported 250.00, app recorded 250.00
  claim 4  ok — run reported 187.50, app recorded 187.50
  summary: 6/6 objectives PASS, 0 price claim mismatch(es), 0 duplicate ticket(s)

App state: 15 tickets total, 1 left by benchmark runs (0 still active), 17 parts total, 10 mutation log entries.

[sweep] run 2/3: fwrd41-n2 (replay flow fwrd41, no orchestrator)
[reset] repairdesk: reloaded seed via http://127.0.0.1:4180/__reset

=== fwrd41-n2 === (run self-reported: no result file)
  note: no result file in /home/user/sleep-walker/bench/results — objectives are still scored from the log,
        but the run's claimed prices cannot be cross-checked.
  obj 1  PASS  seq 1: ticket t15 (RD-1016) "fwrd41-n2 RD Bench Ticket"
  obj 2  PASS  seq 2 p18 cost=100 markup=25 price=125.00
  obj 3  PASS  seq 3 p19 cost=200 markup=25 price=250.00
  obj 4  PASS  seq 4: cost 100 -> 150, price 125.00 -> 187.50 (want 187.50), after the create at seq 2
  obj 5  PASS  seq 7: status Draft -> Ready
  obj 6  PASS  part A deleted, part B deleted, archive entry at seq 10; state: 0 part(s) surviving, ticket t15 archived=true
  claim 2  no claim parsed from the run's final report
  claim 3  no claim parsed from the run's final report
  claim 4  no claim parsed from the run's final report
  summary: 6/6 objectives PASS, 0 price claim mismatch(es), 0 duplicate ticket(s)

App state: 15 tickets total, 1 left by benchmark runs (0 still active), 17 parts total, 10 mutation log entries.

[sweep] run 3/3: fwrd41-n3 (replay flow fwrd41, no orchestrator)
[reset] repairdesk: reloaded seed via http://127.0.0.1:4180/__reset

=== fwrd41-n3 === (run self-reported: no result file)
  note: no result file in /home/user/sleep-walker/bench/results — objectives are still scored from the log,
        but the run's claimed prices cannot be cross-checked.
  obj 1  PASS  seq 1: ticket t15 (RD-1017) "fwrd41-n3 RD Bench Ticket"
  obj 2  PASS  seq 2 p18 cost=100 markup=25 price=125.00
  obj 3  PASS  seq 3 p19 cost=200 markup=25 price=250.00
  obj 4  PASS  seq 4: cost 100 -> 150, price 125.00 -> 187.50 (want 187.50), after the create at seq 2
  obj 5  PASS  seq 7: status Draft -> Ready
  obj 6  PASS  part A deleted, part B deleted, archive entry at seq 10; state: 0 part(s) surviving, ticket t15 archived=true
  claim 2  no claim parsed from the run's final report
  claim 3  no claim parsed from the run's final report
  claim 4  no claim parsed from the run's final report
  summary: 6/6 objectives PASS, 0 price claim mismatch(es), 0 duplicate ticket(s)

App state: 15 tickets total, 1 left by benchmark runs (0 still active), 17 parts total, 10 mutation log entries.

Learning sweep fwrd41 (K=3)
┌─────────┬───┬─────────────┬──────────┬─────────────┬───────┬──────┬───────────┬─────┬────────────────┬────────┐
│ (index) │ n │ runid       │ verified │ stop        │ turns │ cmds │ total_usd │ A_n │ replayed       │ wall_s │
├─────────┼───┼─────────────┼──────────┼─────────────┼───────┼──────┼───────────┼─────┼────────────────┼────────┤
│ 0       │ 1 │ 'fwrd41-n1' │ '7/7'    │ 'completed' │ 12    │ 11   │ 0.0856    │ 0   │ '0/10'         │ 819    │
│ 1       │ 2 │ 'fwrd41-n2' │ '7/7'    │ 'success'   │ 0     │ 10   │ 0         │ 1   │ '10/10 (flow)' │ 18     │
│ 2       │ 3 │ 'fwrd41-n3' │ '7/7'    │ 'success'   │ 0     │ 10   │ 0         │ 1   │ '10/10 (flow)' │ 18     │
└─────────┴───┴─────────────┴──────────┴─────────────┴───────┴──────┴───────────┴─────┴────────────────┴────────┘
http://127.0.0.1:4180
  s_d8df4d  validated    1 steps  3/3 (100%)
           Sign in to the app with email {{v1}} and password {{v2}}. If a login form is present, fill it and submit. Veri…
  s_2f6e18  validated    3 steps  3/3 (100%)
           Sign in to the app with email {{v1}} and password {{v2}}. If a login form is present, fill it and submit. Veri…
  s_cf14b3  validated    7 steps  3/3 (100%)
           Create a new repair ticket titled '{{v1}} RD Bench Ticket'. Fill in any required fields the form demands (disc…
  s_cab22e  validated   12 steps  3/3 (100%)
           Open the ticket with Ref {{v1}} (titled '{{v2}}') in the repair desk app. On its detail view, add a part named…
  s_c04087  validated    1 steps  3/3 (100%)
           Open the ticket with Ref {{v1}} (titled '{{v2}}') in the repair desk app. On its detail view, add a part named…
  s_677101  validated   11 steps  3/3 (100%)
           On the detail view of ticket {{v1}} (titled '{{v2}}', currently at #/tickets/{{v4}}), add a second part named …
  s_70b9c1  validated    7 steps  3/3 (100%)
           On the detail view of ticket {{v1}} (at #/tickets/{{v2}}), edit the part named '{{v3}}' to change its cost fro…
  s_9d934c  validated    2 steps  3/3 (100%)
           On the detail view of ticket {{v1}} (at #/tickets/{{v2}}, currently status {{v3}}), attempt to change the tick…
  s_adc2ef  validated    9 steps  3/3 (100%)
           On the detail view of ticket {{v1}} (at #/tickets/{{v2}}), the app blocked marking the ticket Ready because bo…
  s_8bd395  validated    8 steps  3/3 (100%)
           On the detail view of ticket {{v1}} (at #/tickets/{{v2}}, status {{v3}}), remove both parts: '{{v4}}' and '{{v…
  s_d46553  validated    2 steps  3/3 (100%)
           Archive the ticket {{v1}} (titled '{{v2}}', at #/tickets/{{v4}}, status {{v5}}, 0 parts) so nothing from this …
  s_a046d1  validated    2 steps  3/3 (100%)
           Archive the ticket {{v1}} (titled '{{v2}}', at #/tickets/{{v4}}, status {{v5}}, 0 parts) so nothing from this …
  s_9aff50  validated    8 steps  3/3 (100%)
           Final verification check on the repair desk app: 1) Go to the tickets list with 'Show archived' enabled and co…
store: /home/user/sleep-walker/bench/results/fwrd41-skills

summary: /home/user/sleep-walker/bench/results/fwrd41-sweep.json
