
Running 1 test using 1 worker

  ✘  1 fwod34.spec.ts:4:1 › fwod34 (8.2s)


  1) fwod34.spec.ts:4:1 › fwod34 ───────────────────────────────────────────────────────────────────

    Error: expect(page).toHaveURL(expected) failed

    Expected pattern: /^http:\/\/127\.0\.0\.1:8069\/web(?:\?[^#]*)?#action=&cids=&menu_id=$/
    Received string:  "http://127.0.0.1:8069/web"
    Timeout: 5000ms

    Call log:
      - Expect "toHaveURL" with timeout 5000ms
        5 × unexpected value "http://127.0.[spec-replay] sp1oda: 0/1 passed, exit=1, 12s, 0 drift line(s) — result written
tion to finish...
        - navigated to "http://127.0.0.1:8069/web"
        7 × unexpected value "http://127.0.0.1:8069/web"


       at fwod34.flow.ts:4122

      4120 |     p.d3 = urlPart(page.url(), 'q.menu_id'); // recorded example: 81
      4121 |     // This step CREATES a record (its id is url part 'q.action') — clean it up in your teardown.
    > 4122 |     await expect(page).toHaveURL(new RegExp(`^http://127\\.0\\.0\\.1:8069/web(?:\\?[^#]*)?#action=${escapeRe(p.d1)}&cids=${escapeRe(p.d2)}&menu_id=${escapeRe(p.d3)}$`));
           |                        ^
      4123 |     // the step's recorded effect must show — any one of these, as replay's effect gate has it:
      4124 |     //   - button "Home Menu"
      4125 |     //   - menuitem "Discuss"
        at Object.01-signin (/home/user/sitelooper/bench/results/sp1oda-spec-tmp/fwod34.flow.ts:4122:24)
        at runFlow (/home/user/sitelooper/bench/results/sp1oda-spec-tmp/fwod34.flow.ts:5274:3)
        at /home/user/sitelooper/bench/results/sp1oda-spec-tmp/fwod34.spec.ts:5:19

    Error Context: ../../../test-results/fwod34-fwod34/error-context.md

  1 failed
    fwod34.spec.ts:4:1 › fwod34 ────────────────────────────────────────────────────────────────────
EXIT=1
