
Running 1 test using 1 worker

  ✘  1 fwkb5.spec.ts:4:1 › fwkb5 (11.9s)


  1) fwkb5.spec.ts:4:1 › fwkb5 ─────────────────────────────────────────────────────────────────────

    Error: expect(locator).toBeVisible() failed

    Locator: getByRole('textbox[spec-replay] sp2kbx: 0/1 passed, exit=1, 14s, 0 drift line(s) — result written
Error: element(s) not found

    Call log:
      - Expect "toBeVisible" with timeout 5000ms
      - waiting for getByRole('textbox', { name: '{{*}} {{*}}' }).first()


       at fwkb5.flow.ts:2231

      2229 |     // the step's recorded effect must show — any one of these, as replay's effect gate has it:
      2230 |     //   - textbox "{{*}} {{*}}": {{*}}
    > 2231 |     await expect(page.getByRole('textbox', { name: '{{*}} {{*}}', exact: false }).first()).toBeVisible();
           |                                                                                            ^
      2232 |
      2233 |     // @step 04-open s_1e46d8/11
      2234 |     // TODO: dropped the recorded position fallback (heading at 640,22) — a spec cannot find an element by where it was.
        at Object.04-open (/home/user/sitelooper/bench/results/sp2kbx-spec-tmp/fwkb5.flow.ts:2231:92)
        at runFlow (/home/user/sitelooper/bench/results/sp2kbx-spec-tmp/fwkb5.flow.ts:2419:3)
        at /home/user/sitelooper/bench/results/sp2kbx-spec-tmp/fwkb5.spec.ts:5:19

    Error Context: ../../../test-results/fwkb5-fwkb5/error-context.md

  1 failed
    fwkb5.spec.ts:4:1 › fwkb5 ──────────────────────────────────────────────────────────────────────
EXIT=1
