
Running 1 test using 1 worker

  ✘  1 fwod34.spec.ts:4:1 › fwod34 (11.0s)


  1) fwod34.spec.ts:4:1 › fwod34 ───────────────────────────────────────────────────────────────────

    Error: expect(page).toHaveURL(expected) failed

    Expected pattern: /^http:\/\/127\.0\.0\.1:8069\/web(?:\?[^#]*)?#action=&cids=1&menu_id=81$/
    Received string:  "http://127.0.0.1:8069/web#action=123&cids=1&menu_id=81"
    Timeout: 5000ms

    Call log:
      - Expect "toHaveURL" with timeout 5000ms
        14 [spec-replay] sp2oda: 0/1 passed, exit=1, 14s, 0 drift line(s) — result written
    at fwod34.flow.ts:4230

      4228 |     p.d3 = await urlPartWhen(page, 'q.menu_id', urlBefore1); // recorded example: 81
      4229 |     // This step CREATES a record (its id is url part 'q.action') — clean it up in your teardown.
    > 4230 |     await expect(page).toHaveURL(new RegExp(`^http://127\\.0\\.0\\.1:8069/web(?:\\?[^#]*)?#action=${escapeRe(p.d1)}&cids=${escapeRe(p.d2)}&menu_id=${escapeRe(p.d3)}$`));
           |                        ^
      4231 |     // the step's recorded effect must show — any one of these, as replay's effect gate has it:
      4232 |     //   - button "Home Menu"
      4233 |     //   - menuitem "Discuss"
        at Object.01-signin (/home/user/sitelooper/bench/results/sp2oda-spec-tmp/fwod34.flow.ts:4230:24)
        at runFlow (/home/user/sitelooper/bench/results/sp2oda-spec-tmp/fwod34.flow.ts:5687:3)
        at /home/user/sitelooper/bench/results/sp2oda-spec-tmp/fwod34.spec.ts:5:19

    Error Context: ../../../test-results/fwod34-fwod34/error-context.md

  1 failed
    fwod34.spec.ts:4:1 › fwod34 ────────────────────────────────────────────────────────────────────
EXIT=1
